[2024-09-08T15:16:58.732+0000][11340][info][gc,init] CardTable entry size: 512
[2024-09-08T15:16:58.732+0000][11340][info][gc     ] Using G1
[2024-09-08T15:17:00.143+0000][11340][info][gc,init] Version: 22.0.1+8-16 (release)
[2024-09-08T15:17:00.143+0000][11340][info][gc,init] CPUs: 8 total, 8 available
[2024-09-08T15:17:00.143+0000][11340][info][gc,init] Memory: 7926M
[2024-09-08T15:17:00.143+0000][11340][info][gc,init] Large Page Support: Disabled
[2024-09-08T15:17:00.143+0000][11340][info][gc,init] NUMA Support: Disabled
[2024-09-08T15:17:00.143+0000][11340][info][gc,init] Compressed Oops: Enabled (Zero based)
[2024-09-08T15:17:00.143+0000][11340][info][gc,init] Heap Region Size: 4M
[2024-09-08T15:17:00.143+0000][11340][info][gc,init] Heap Min Capacity: 3964M
[2024-09-08T15:17:00.143+0000][11340][info][gc,init] Heap Initial Capacity: 3964M
[2024-09-08T15:17:00.143+0000][11340][info][gc,init] Heap Max Capacity: 3964M
[2024-09-08T15:17:00.143+0000][11340][info][gc,init] Pre-touch: Enabled
[2024-09-08T15:17:00.143+0000][11340][info][gc,init] Parallel Workers: 8
[2024-09-08T15:17:00.143+0000][11340][info][gc,init] Concurrent Workers: 2
[2024-09-08T15:17:00.143+0000][11340][info][gc,init] Concurrent Refinement Workers: 8
[2024-09-08T15:17:00.143+0000][11340][info][gc,init] Periodic GC: Disabled
[2024-09-08T15:17:00.158+0000][11340][info][gc,metaspace] CDS archive(s) mapped at: [0x000002883b000000-0x000002883bc50000-0x000002883bc50000), size 12910592, SharedBaseAddress: 0x000002883b000000, ArchiveRelocationMode: 1.
[2024-09-08T15:17:00.158+0000][11340][info][gc,metaspace] Compressed class space mapped at: 0x000002883c000000-0x000002887c000000, reserved size: 1073741824
[2024-09-08T15:17:00.158+0000][11340][info][gc,metaspace] Narrow klass base: 0x000002883b000000, Narrow klass shift: 0, Narrow klass range: 0x41000000
[2024-09-08T15:17:00.444+0000][11340][info][safepoint   ] Safepoint "ICBufferFull", Time since last: 289545500 ns, Reaching safepoint: 10500 ns, Cleanup: 120400 ns, At safepoint: 5100 ns, Total: 136000 ns
[2024-09-08T15:17:00.968+0000][11340][info][safepoint   ] Safepoint "ICBufferFull", Time since last: 521638500 ns, Reaching safepoint: 4900 ns, Cleanup: 233400 ns, At safepoint: 8100 ns, Total: 246400 ns
[2024-09-08T15:17:01.755+0000][11340][info][safepoint   ] Safepoint "ICBufferFull", Time since last: 788857900 ns, Reaching safepoint: 3900 ns, Cleanup: 77100 ns, At safepoint: 5600 ns, Total: 86600 ns
[2024-09-08T15:17:03.388+0000][11340][info][safepoint   ] Safepoint "Cleanup", Time since last: 1622279800 ns, Reaching safepoint: 12700 ns, Cleanup: 149100 ns, At safepoint: 8000 ns, Total: 169800 ns
[2024-09-08T15:17:04.392+0000][11340][info][safepoint   ] Safepoint "Cleanup", Time since last: 1006229100 ns, Reaching safepoint: 3200 ns, Cleanup: 77600 ns, At safepoint: 5700 ns, Total: 86500 ns
[2024-09-08T15:17:04.867+0000][11340][info][safepoint   ] Safepoint "ICBufferFull", Time since last: 476936400 ns, Reaching safepoint: 23900 ns, Cleanup: 260900 ns, At safepoint: 26700 ns, Total: 311500 ns
[2024-09-08T15:17:05.881+0000][11340][info][safepoint   ] Safepoint "Cleanup", Time since last: 1008690600 ns, Reaching safepoint: 7300 ns, Cleanup: 158700 ns, At safepoint: 14700 ns, Total: 180700 ns
[2024-09-08T15:17:06.261+0000][11340][info][gc,start    ] GC(0) Pause Young (Normal) (G1 Evacuation Pause)
[2024-09-08T15:17:06.261+0000][11340][info][gc,task     ] GC(0) Using 8 workers of 8 for evacuation
[2024-09-08T15:17:06.261+0000][11340][debug][gc,age      ] GC(0) Desired survivor size 14680064 bytes, new threshold 15 (max threshold 15)
[2024-09-08T15:17:06.261+0000][11340][info ][gc,phases   ] GC(0)   Pre Evacuate Collection Set: 0.49ms
[2024-09-08T15:17:06.261+0000][11340][info ][gc,phases   ] GC(0)   Merge Heap Roots: 0.29ms
[2024-09-08T15:17:06.261+0000][11340][info ][gc,phases   ] GC(0)   Evacuate Collection Set: 9.24ms
[2024-09-08T15:17:06.261+0000][11340][info ][gc,phases   ] GC(0)   Post Evacuate Collection Set: 2.01ms
[2024-09-08T15:17:06.261+0000][11340][info ][gc,phases   ] GC(0)   Other: 0.40ms
[2024-09-08T15:17:06.261+0000][11340][trace][gc,age      ] GC(0) Age table with threshold 15 (max threshold 15)
[2024-09-08T15:17:06.261+0000][11340][trace][gc,age      ] GC(0) - age   1:   11093144 bytes,   11093144 total
[2024-09-08T15:17:06.261+0000][11340][info ][gc,heap     ] GC(0) Eden regions: 49->0(46)
[2024-09-08T15:17:06.261+0000][11340][info ][gc,heap     ] GC(0) Survivor regions: 0->3(7)
[2024-09-08T15:17:06.261+0000][11340][info ][gc,heap     ] GC(0) Old regions: 0->0
[2024-09-08T15:17:06.261+0000][11340][info ][gc,heap     ] GC(0) Humongous regions: 0->0
[2024-09-08T15:17:06.261+0000][11340][info ][gc,metaspace] GC(0) Metaspace: 20748K(21312K)->20748K(21312K) NonClass: 18375K(18688K)->18375K(18688K) Class: 2373K(2624K)->2373K(2624K)
[2024-09-08T15:17:06.261+0000][11340][info ][gc          ] GC(0) Pause Young (Normal) (G1 Evacuation Pause) 196M->11M(3964M) 13.169ms
[2024-09-08T15:17:06.261+0000][11340][info ][gc,cpu      ] GC(0) User=0.00s Sys=0.00s Real=0.00s
[2024-09-08T15:17:06.261+0000][11340][info ][safepoint   ] Safepoint "G1CollectForAllocation", Time since last: 382234100 ns, Reaching safepoint: 3500 ns, Cleanup: 83600 ns, At safepoint: 13229500 ns, Total: 13316600 ns
[2024-09-08T15:17:06.293+0000][11340][info ][gc,start    ] GC(1) Pause Young (Concurrent Start) (Metadata GC Threshold)
[2024-09-08T15:17:06.293+0000][11340][info ][gc,task     ] GC(1) Using 8 workers of 8 for evacuation
[2024-09-08T15:17:06.293+0000][11340][debug][gc,age      ] GC(1) Desired survivor size 14680064 bytes, new threshold 15 (max threshold 15)
[2024-09-08T15:17:06.293+0000][11340][info ][gc,phases   ] GC(1)   Pre Evacuate Collection Set: 0.36ms
[2024-09-08T15:17:06.293+0000][11340][info ][gc,phases   ] GC(1)   Merge Heap Roots: 0.15ms
[2024-09-08T15:17:06.293+0000][11340][info ][gc,phases   ] GC(1)   Evacuate Collection Set: 7.14ms
[2024-09-08T15:17:06.293+0000][11340][info ][gc,phases   ] GC(1)   Post Evacuate Collection Set: 1.22ms
[2024-09-08T15:17:06.293+0000][11340][info ][gc,phases   ] GC(1)   Other: 0.18ms
[2024-09-08T15:17:06.293+0000][11340][trace][gc,age      ] GC(1) Age table with threshold 15 (max threshold 15)
[2024-09-08T15:17:06.293+0000][11340][trace][gc,age      ] GC(1) - age   1:      30560 bytes,      30560 total
[2024-09-08T15:17:06.293+0000][11340][trace][gc,age      ] GC(1) - age   2:   10204888 bytes,   10235448 total
[2024-09-08T15:17:06.293+0000][11340][info ][gc,heap     ] GC(1) Eden regions: 1->0(50)
[2024-09-08T15:17:06.293+0000][11340][info ][gc,heap     ] GC(1) Survivor regions: 3->3(7)
[2024-09-08T15:17:06.293+0000][11340][info ][gc,heap     ] GC(1) Old regions: 0->0
[2024-09-08T15:17:06.293+0000][11340][info ][gc,heap     ] GC(1) Humongous regions: 0->0
[2024-09-08T15:17:06.293+0000][11340][info ][gc,metaspace] GC(1) Metaspace: 20913K(21504K)->20913K(21504K) NonClass: 18524K(18880K)->18524K(18880K) Class: 2389K(2624K)->2389K(2624K)
[2024-09-08T15:17:06.293+0000][11340][info ][gc          ] GC(1) Pause Young (Concurrent Start) (Metadata GC Threshold) 15M->10M(3964M) 9.416ms
[2024-09-08T15:17:06.293+0000][11340][info ][gc,cpu      ] GC(1) User=0.00s Sys=0.00s Real=0.00s
[2024-09-08T15:17:06.293+0000][11340][info ][gc          ] GC(2) Concurrent Mark Cycle
[2024-09-08T15:17:06.293+0000][11340][info ][safepoint   ] Safepoint "CollectForMetadataAllocation", Time since last: 19290100 ns, Reaching safepoint: 10200 ns, Cleanup: 33500 ns, At safepoint: 9535700 ns, Total: 9579400 ns
[2024-09-08T15:17:06.293+0000][11340][info ][gc,marking  ] GC(2) Concurrent Scan Root Regions
[2024-09-08T15:17:06.308+0000][11340][info ][gc,marking  ] GC(2) Concurrent Scan Root Regions 4.043ms
[2024-09-08T15:17:06.308+0000][11340][info ][gc,marking  ] GC(2) Concurrent Mark
[2024-09-08T15:17:06.308+0000][11340][info ][gc,marking  ] GC(2) Concurrent Mark From Roots
[2024-09-08T15:17:06.308+0000][11340][info ][gc,task     ] GC(2) Using 2 workers of 2 for marking
[2024-09-08T15:17:06.308+0000][11340][info ][gc,marking  ] GC(2) Concurrent Mark From Roots 0.422ms
[2024-09-08T15:17:06.308+0000][11340][info ][gc,marking  ] GC(2) Concurrent Preclean
[2024-09-08T15:17:06.308+0000][11340][info ][gc,marking  ] GC(2) Concurrent Preclean 0.121ms
[2024-09-08T15:17:06.308+0000][11340][info ][gc,start    ] GC(2) Pause Remark
[2024-09-08T15:17:06.308+0000][11340][info ][gc          ] GC(2) Pause Remark 12M->12M(3964M) 3.212ms
[2024-09-08T15:17:06.308+0000][11340][info ][gc,cpu      ] GC(2) User=0.00s Sys=0.00s Real=0.00s
[2024-09-08T15:17:06.308+0000][11340][info ][safepoint   ] Safepoint "G1PauseRemark", Time since last: 4880300 ns, Reaching safepoint: 16100 ns, Cleanup: 58300 ns, At safepoint: 3345600 ns, Total: 3420000 ns
[2024-09-08T15:17:06.308+0000][11340][info ][gc,marking  ] GC(2) Concurrent Mark 4.188ms
[2024-09-08T15:17:06.308+0000][11340][info ][gc,marking  ] GC(2) Concurrent Rebuild Remembered Sets and Scrub Regions
[2024-09-08T15:17:06.308+0000][11340][info ][gc,marking  ] GC(2) Concurrent Rebuild Remembered Sets and Scrub Regions 0.191ms
[2024-09-08T15:17:06.308+0000][11340][info ][gc,start    ] GC(2) Pause Cleanup
[2024-09-08T15:17:06.308+0000][11340][info ][gc          ] GC(2) Pause Cleanup 12M->12M(3964M) 0.089ms
[2024-09-08T15:17:06.308+0000][11340][info ][gc,cpu      ] GC(2) User=0.00s Sys=0.00s Real=0.00s
[2024-09-08T15:17:06.308+0000][11340][info ][safepoint   ] Safepoint "G1PauseCleanup", Time since last: 341200 ns, Reaching safepoint: 15300 ns, Cleanup: 5000 ns, At safepoint: 139400 ns, Total: 159700 ns
[2024-09-08T15:17:06.308+0000][11340][info ][gc,marking  ] GC(2) Concurrent Clear Claimed Marks
[2024-09-08T15:17:06.308+0000][11340][info ][gc,marking  ] GC(2) Concurrent Clear Claimed Marks 0.040ms
[2024-09-08T15:17:06.308+0000][11340][info ][gc,marking  ] GC(2) Concurrent Cleanup for Next Mark
[2024-09-08T15:17:06.324+0000][11340][info ][gc,marking  ] GC(2) Concurrent Cleanup for Next Mark 14.156ms
[2024-09-08T15:17:06.324+0000][11340][info ][gc          ] GC(2) Concurrent Mark Cycle 23.216ms
[2024-09-08T15:17:07.303+0000][11340][info ][safepoint   ] Safepoint "Cleanup", Time since last: 1000502600 ns, Reaching safepoint: 59300 ns, Cleanup: 184300 ns, At safepoint: 7700 ns, Total: 251300 ns
[2024-09-08T15:17:07.997+0000][11340][info ][gc,start    ] GC(3) Pause Young (Normal) (G1 Evacuation Pause)
[2024-09-08T15:17:07.997+0000][11340][info ][gc,task     ] GC(3) Using 8 workers of 8 for evacuation
[2024-09-08T15:17:07.997+0000][11340][debug][gc,age      ] GC(3) Desired survivor size 14680064 bytes, new threshold 15 (max threshold 15)
[2024-09-08T15:17:08.013+0000][11340][info ][gc,phases   ] GC(3)   Pre Evacuate Collection Set: 0.39ms
[2024-09-08T15:17:08.013+0000][11340][info ][gc,phases   ] GC(3)   Merge Heap Roots: 0.10ms
[2024-09-08T15:17:08.013+0000][11340][info ][gc,phases   ] GC(3)   Evacuate Collection Set: 17.63ms
[2024-09-08T15:17:08.013+0000][11340][info ][gc,phases   ] GC(3)   Post Evacuate Collection Set: 2.15ms
[2024-09-08T15:17:08.013+0000][11340][info ][gc,phases   ] GC(3)   Other: 0.20ms
[2024-09-08T15:17:08.013+0000][11340][trace][gc,age      ] GC(3) Age table with threshold 15 (max threshold 15)
[2024-09-08T15:17:08.013+0000][11340][trace][gc,age      ] GC(3) - age   1:    5394688 bytes,    5394688 total
[2024-09-08T15:17:08.013+0000][11340][trace][gc,age      ] GC(3) - age   2:      27912 bytes,    5422600 total
[2024-09-08T15:17:08.013+0000][11340][trace][gc,age      ] GC(3) - age   3:   10195776 bytes,   15618376 total
[2024-09-08T15:17:08.013+0000][11340][info ][gc,heap     ] GC(3) Eden regions: 50->0(82)
[2024-09-08T15:17:08.013+0000][11340][info ][gc,heap     ] GC(3) Survivor regions: 3->5(7)
[2024-09-08T15:17:08.013+0000][11340][info ][gc,heap     ] GC(3) Old regions: 0->0
[2024-09-08T15:17:08.013+0000][11340][info ][gc,heap     ] GC(3) Humongous regions: 0->0
[2024-09-08T15:17:08.013+0000][11340][info ][gc,metaspace] GC(3) Metaspace: 27902K(28608K)->27902K(28608K) NonClass: 24711K(25088K)->24711K(25088K) Class: 3190K(3520K)->3190K(3520K)
[2024-09-08T15:17:08.013+0000][11340][info ][gc          ] GC(3) Pause Young (Normal) (G1 Evacuation Pause) 210M->16M(3964M) 21.279ms
[2024-09-08T15:17:08.013+0000][11340][info ][gc,cpu      ] GC(3) User=0.06s Sys=0.00s Real=0.02s
[2024-09-08T15:17:08.013+0000][11340][info ][safepoint   ] Safepoint "G1CollectForAllocation", Time since last: 690258200 ns, Reaching safepoint: 18500 ns, Cleanup: 191500 ns, At safepoint: 21443400 ns, Total: 21653400 ns
[2024-09-08T15:17:09.119+0000][11340][info ][safepoint   ] Safepoint "ICBufferFull", Time since last: 1105753800 ns, Reaching safepoint: 9000 ns, Cleanup: 200000 ns, At safepoint: 14300 ns, Total: 223300 ns
[2024-09-08T15:17:09.574+0000][11340][info ][gc,start    ] GC(4) Pause Young (Normal) (G1 Evacuation Pause)
[2024-09-08T15:17:09.574+0000][11340][info ][gc,task     ] GC(4) Using 8 workers of 8 for evacuation
[2024-09-08T15:17:09.574+0000][11340][debug][gc,age      ] GC(4) Desired survivor size 23068672 bytes, new threshold 15 (max threshold 15)
[2024-09-08T15:17:09.605+0000][11340][info ][gc,phases   ] GC(4)   Pre Evacuate Collection Set: 0.43ms
[2024-09-08T15:17:09.605+0000][11340][info ][gc,phases   ] GC(4)   Merge Heap Roots: 0.12ms
[2024-09-08T15:17:09.605+0000][11340][info ][gc,phases   ] GC(4)   Evacuate Collection Set: 29.19ms
[2024-09-08T15:17:09.605+0000][11340][info ][gc,phases   ] GC(4)   Post Evacuate Collection Set: 2.65ms
[2024-09-08T15:17:09.605+0000][11340][info ][gc,phases   ] GC(4)   Other: 0.34ms
[2024-09-08T15:17:09.605+0000][11340][trace][gc,age      ] GC(4) Age table with threshold 15 (max threshold 15)
[2024-09-08T15:17:09.605+0000][11340][trace][gc,age      ] GC(4) - age   1:    5355288 bytes,    5355288 total
[2024-09-08T15:17:09.605+0000][11340][trace][gc,age      ] GC(4) - age   2:    5070288 bytes,   10425576 total
[2024-09-08T15:17:09.605+0000][11340][trace][gc,age      ] GC(4) - age   3:      27880 bytes,   10453456 total
[2024-09-08T15:17:09.605+0000][11340][trace][gc,age      ] GC(4) - age   4:   10195536 bytes,   20648992 total
[2024-09-08T15:17:09.605+0000][11340][info ][gc,heap     ] GC(4) Eden regions: 82->0(588)
[2024-09-08T15:17:09.605+0000][11340][info ][gc,heap     ] GC(4) Survivor regions: 5->6(11)
[2024-09-08T15:17:09.605+0000][11340][info ][gc,heap     ] GC(4) Old regions: 0->0
[2024-09-08T15:17:09.605+0000][11340][info ][gc,heap     ] GC(4) Humongous regions: 0->0
[2024-09-08T15:17:09.605+0000][11340][info ][gc,metaspace] GC(4) Metaspace: 29040K(29824K)->29040K(29824K) NonClass: 25686K(26112K)->25686K(26112K) Class: 3353K(3712K)->3353K(3712K)
[2024-09-08T15:17:09.605+0000][11340][info ][gc          ] GC(4) Pause Young (Normal) (G1 Evacuation Pause) 344M->21M(3964M) 33.347ms
[2024-09-08T15:17:09.605+0000][11340][info ][gc,cpu      ] GC(4) User=0.05s Sys=0.00s Real=0.03s
[2024-09-08T15:17:09.605+0000][11340][info ][safepoint   ] Safepoint "G1CollectForAllocation", Time since last: 447121300 ns, Reaching safepoint: 9900 ns, Cleanup: 69900 ns, At safepoint: 33463100 ns, Total: 33542900 ns
[2024-09-08T15:17:10.616+0000][11340][info ][safepoint   ] Safepoint "Cleanup", Time since last: 1014002800 ns, Reaching safepoint: 16100 ns, Cleanup: 81000 ns, At safepoint: 7300 ns, Total: 104400 ns
[2024-09-08T15:17:11.658+0000][11340][info ][gc,start    ] GC(5) Pause Young (Concurrent Start) (Metadata GC Threshold)
[2024-09-08T15:17:11.658+0000][11340][info ][gc,task     ] GC(5) Using 8 workers of 8 for evacuation
[2024-09-08T15:17:11.658+0000][11340][debug][gc,age      ] GC(5) Desired survivor size 157286400 bytes, new threshold 15 (max threshold 15)
[2024-09-08T15:17:11.689+0000][11340][info ][gc,phases   ] GC(5)   Pre Evacuate Collection Set: 0.52ms
[2024-09-08T15:17:11.689+0000][11340][info ][gc,phases   ] GC(5)   Merge Heap Roots: 0.20ms
[2024-09-08T15:17:11.689+0000][11340][info ][gc,phases   ] GC(5)   Evacuate Collection Set: 20.76ms
[2024-09-08T15:17:11.689+0000][11340][info ][gc,phases   ] GC(5)   Post Evacuate Collection Set: 3.42ms
[2024-09-08T15:17:11.689+0000][11340][info ][gc,phases   ] GC(5)   Other: 0.28ms
[2024-09-08T15:17:11.689+0000][11340][trace][gc,age      ] GC(5) Age table with threshold 15 (max threshold 15)
[2024-09-08T15:17:11.689+0000][11340][trace][gc,age      ] GC(5) - age   1:    4556776 bytes,    4556776 total
[2024-09-08T15:17:11.689+0000][11340][trace][gc,age      ] GC(5) - age   2:    4687120 bytes,    9243896 total
[2024-09-08T15:17:11.689+0000][11340][trace][gc,age      ] GC(5) - age   3:    5066304 bytes,   14310200 total
[2024-09-08T15:17:11.689+0000][11340][trace][gc,age      ] GC(5) - age   4:      27848 bytes,   14338048 total
[2024-09-08T15:17:11.689+0000][11340][trace][gc,age      ] GC(5) - age   5:   10193376 bytes,   24531424 total
[2024-09-08T15:17:11.689+0000][11340][info ][gc,heap     ] GC(5) Eden regions: 87->0(587)
[2024-09-08T15:17:11.689+0000][11340][info ][gc,heap     ] GC(5) Survivor regions: 6->7(75)
[2024-09-08T15:17:11.689+0000][11340][info ][gc,heap     ] GC(5) Old regions: 0->0
[2024-09-08T15:17:11.689+0000][11340][info ][gc,heap     ] GC(5) Humongous regions: 0->0
[2024-09-08T15:17:11.689+0000][11340][info ][gc,metaspace] GC(5) Metaspace: 35075K(35968K)->35075K(35968K) NonClass: 31038K(31616K)->31038K(31616K) Class: 4037K(4352K)->4037K(4352K)
[2024-09-08T15:17:11.689+0000][11340][info ][gc          ] GC(5) Pause Young (Concurrent Start) (Metadata GC Threshold) 367M->25M(3964M) 26.304ms
[2024-09-08T15:17:11.689+0000][11340][info ][gc,cpu      ] GC(5) User=0.06s Sys=0.00s Real=0.03s
[2024-09-08T15:17:11.689+0000][11340][info ][gc          ] GC(6) Concurrent Mark Cycle
[2024-09-08T15:17:11.689+0000][11340][info ][gc,marking  ] GC(6) Concurrent Scan Root Regions
[2024-09-08T15:17:11.689+0000][11340][info ][safepoint   ] Safepoint "CollectForMetadataAllocation", Time since last: 1038581500 ns, Reaching safepoint: 18300 ns, Cleanup: 169200 ns, At safepoint: 26551400 ns, Total: 26738900 ns
[2024-09-08T15:17:11.705+0000][11340][info ][gc,marking  ] GC(6) Concurrent Scan Root Regions 15.806ms
[2024-09-08T15:17:11.705+0000][11340][info ][gc,marking  ] GC(6) Concurrent Mark
[2024-09-08T15:17:11.705+0000][11340][info ][gc,marking  ] GC(6) Concurrent Mark From Roots
[2024-09-08T15:17:11.705+0000][11340][info ][gc,task     ] GC(6) Using 2 workers of 2 for marking
[2024-09-08T15:17:11.705+0000][11340][info ][gc,marking  ] GC(6) Concurrent Mark From Roots 0.620ms
[2024-09-08T15:17:11.705+0000][11340][info ][gc,marking  ] GC(6) Concurrent Preclean
[2024-09-08T15:17:11.705+0000][11340][info ][gc,marking  ] GC(6) Concurrent Preclean 0.057ms
[2024-09-08T15:17:11.705+0000][11340][info ][gc,start    ] GC(6) Pause Remark
[2024-09-08T15:17:11.705+0000][11340][info ][gc          ] GC(6) Pause Remark 31M->31M(3964M) 8.129ms
[2024-09-08T15:17:11.705+0000][11340][info ][gc,cpu      ] GC(6) User=0.00s Sys=0.00s Real=0.00s
[2024-09-08T15:17:11.705+0000][11340][info ][safepoint   ] Safepoint "G1PauseRemark", Time since last: 17045200 ns, Reaching safepoint: 17000 ns, Cleanup: 16500 ns, At safepoint: 8295300 ns, Total: 8328800 ns
[2024-09-08T15:17:11.705+0000][11340][info ][gc,marking  ] GC(6) Concurrent Mark 9.428ms
[2024-09-08T15:17:11.705+0000][11340][info ][gc,marking  ] GC(6) Concurrent Rebuild Remembered Sets and Scrub Regions
[2024-09-08T15:17:11.705+0000][11340][info ][gc,marking  ] GC(6) Concurrent Rebuild Remembered Sets and Scrub Regions 0.131ms
[2024-09-08T15:17:11.705+0000][11340][info ][gc,start    ] GC(6) Pause Cleanup
[2024-09-08T15:17:11.705+0000][11340][info ][gc          ] GC(6) Pause Cleanup 31M->31M(3964M) 0.071ms
[2024-09-08T15:17:11.705+0000][11340][info ][gc,cpu      ] GC(6) User=0.00s Sys=0.00s Real=0.00s
[2024-09-08T15:17:11.705+0000][11340][info ][safepoint   ] Safepoint "G1PauseCleanup", Time since last: 341100 ns, Reaching safepoint: 5200 ns, Cleanup: 25800 ns, At safepoint: 166600 ns, Total: 197600 ns
[2024-09-08T15:17:11.705+0000][11340][info ][gc,marking  ] GC(6) Concurrent Clear Claimed Marks
[2024-09-08T15:17:11.705+0000][11340][info ][gc,marking  ] GC(6) Concurrent Clear Claimed Marks 0.051ms
[2024-09-08T15:17:11.705+0000][11340][info ][gc,marking  ] GC(6) Concurrent Cleanup for Next Mark
[2024-09-08T15:17:11.721+0000][11340][info ][gc,marking  ] GC(6) Concurrent Cleanup for Next Mark 11.398ms
[2024-09-08T15:17:11.721+0000][11340][info ][gc          ] GC(6) Concurrent Mark Cycle 37.693ms
[2024-09-08T15:17:12.720+0000][11340][info ][safepoint   ] Safepoint "Cleanup", Time since last: 1001671700 ns, Reaching safepoint: 46000 ns, Cleanup: 150900 ns, At safepoint: 45600 ns, Total: 242500 ns
[2024-09-08T15:17:13.733+0000][11340][info ][safepoint   ] Safepoint "Cleanup", Time since last: 1012014600 ns, Reaching safepoint: 138100 ns, Cleanup: 155600 ns, At safepoint: 22100 ns, Total: 315800 ns
[2024-09-08T15:17:14.746+0000][11340][info ][safepoint   ] Safepoint "Cleanup", Time since last: 1012996100 ns, Reaching safepoint: 34000 ns, Cleanup: 75000 ns, At safepoint: 18000 ns, Total: 127000 ns
[2024-09-08T15:17:16.213+0000][11340][info ][safepoint   ] Safepoint "Cleanup", Time since last: 1466673100 ns, Reaching safepoint: 50200 ns, Cleanup: 129300 ns, At safepoint: 14400 ns, Total: 193900 ns
[2024-09-08T15:17:17.222+0000][11340][info ][safepoint   ] Safepoint "Cleanup", Time since last: 1009313300 ns, Reaching safepoint: 28800 ns, Cleanup: 179600 ns, At safepoint: 15600 ns, Total: 224000 ns
[2024-09-08T15:17:18.236+0000][11340][info ][safepoint   ] Safepoint "Cleanup", Time since last: 1013425400 ns, Reaching safepoint: 32100 ns, Cleanup: 113000 ns, At safepoint: 8000 ns, Total: 153100 ns
[2024-09-08T15:17:20.019+0000][11340][info ][gc,start    ] GC(7) Pause Young (Concurrent Start) (Metadata GC Threshold)
[2024-09-08T15:17:20.019+0000][11340][info ][gc,task     ] GC(7) Using 8 workers of 8 for evacuation
[2024-09-08T15:17:20.019+0000][11340][debug][gc,age      ] GC(7) Desired survivor size 157286400 bytes, new threshold 15 (max threshold 15)
[2024-09-08T15:17:20.097+0000][11340][info ][gc,phases   ] GC(7)   Pre Evacuate Collection Set: 0.63ms
[2024-09-08T15:17:20.097+0000][11340][info ][gc,phases   ] GC(7)   Merge Heap Roots: 0.21ms
[2024-09-08T15:17:20.097+0000][11340][info ][gc,phases   ] GC(7)   Evacuate Collection Set: 66.65ms
[2024-09-08T15:17:20.097+0000][11340][info ][gc,phases   ] GC(7)   Post Evacuate Collection Set: 4.09ms
[2024-09-08T15:17:20.097+0000][11340][info ][gc,phases   ] GC(7)   Other: 0.42ms
[2024-09-08T15:17:20.097+0000][11340][trace][gc,age      ] GC(7) Age table with threshold 15 (max threshold 15)
[2024-09-08T15:17:20.097+0000][11340][trace][gc,age      ] GC(7) - age   1:   15703432 bytes,   15703432 total
[2024-09-08T15:17:20.097+0000][11340][trace][gc,age      ] GC(7) - age   2:    4493224 bytes,   20196656 total
[2024-09-08T15:17:20.097+0000][11340][trace][gc,age      ] GC(7) - age   3:    4662200 bytes,   24858856 total
[2024-09-08T15:17:20.097+0000][11340][trace][gc,age      ] GC(7) - age   4:    5041608 bytes,   29900464 total
[2024-09-08T15:17:20.097+0000][11340][trace][gc,age      ] GC(7) - age   5:      20232 bytes,   29920696 total
[2024-09-08T15:17:20.097+0000][11340][trace][gc,age      ] GC(7) - age   6:    9982184 bytes,   39902880 total
[2024-09-08T15:17:20.097+0000][11340][info ][gc,heap     ] GC(7) Eden regions: 243->0(530)
[2024-09-08T15:17:20.097+0000][11340][info ][gc,heap     ] GC(7) Survivor regions: 7->11(75)
[2024-09-08T15:17:20.097+0000][11340][info ][gc,heap     ] GC(7) Old regions: 0->0
[2024-09-08T15:17:20.097+0000][11340][info ][gc,heap     ] GC(7) Humongous regions: 0->0
[2024-09-08T15:17:20.097+0000][11340][info ][gc,metaspace] GC(7) Metaspace: 58695K(60096K)->58695K(60096K) NonClass: 51284K(52160K)->51284K(52160K) Class: 7410K(7936K)->7410K(7936K)
[2024-09-08T15:17:20.097+0000][11340][info ][gc          ] GC(7) Pause Young (Concurrent Start) (Metadata GC Threshold) 997M->41M(3964M) 72.652ms
[2024-09-08T15:17:20.097+0000][11340][info ][gc          ] GC(8) Concurrent Mark Cycle
[2024-09-08T15:17:20.097+0000][11340][info ][gc,cpu      ] GC(7) User=0.19s Sys=0.00s Real=0.08s
[2024-09-08T15:17:20.097+0000][11340][info ][gc,marking  ] GC(8) Concurrent Scan Root Regions
[2024-09-08T15:17:20.097+0000][11340][info ][safepoint   ] Safepoint "CollectForMetadataAllocation", Time since last: 1792591700 ns, Reaching safepoint: 6800 ns, Cleanup: 124700 ns, At safepoint: 72907300 ns, Total: 73038800 ns
[2024-09-08T15:17:20.113+0000][11340][info ][gc,marking  ] GC(8) Concurrent Scan Root Regions 24.800ms
[2024-09-08T15:17:20.113+0000][11340][info ][gc,marking  ] GC(8) Concurrent Mark
[2024-09-08T15:17:20.113+0000][11340][info ][gc,marking  ] GC(8) Concurrent Mark From Roots
[2024-09-08T15:17:20.113+0000][11340][info ][gc,task     ] GC(8) Using 2 workers of 2 for marking
[2024-09-08T15:17:20.113+0000][11340][info ][gc,marking  ] GC(8) Concurrent Mark From Roots 0.443ms
[2024-09-08T15:17:20.113+0000][11340][info ][gc,marking  ] GC(8) Concurrent Preclean
[2024-09-08T15:17:20.113+0000][11340][info ][gc,marking  ] GC(8) Concurrent Preclean 0.028ms
[2024-09-08T15:17:20.113+0000][11340][info ][gc,start    ] GC(8) Pause Remark
[2024-09-08T15:17:20.129+0000][11340][info ][gc          ] GC(8) Pause Remark 47M->47M(3964M) 7.234ms
[2024-09-08T15:17:20.129+0000][11340][info ][gc,cpu      ] GC(8) User=0.02s Sys=0.00s Real=0.02s
[2024-09-08T15:17:20.129+0000][11340][info ][safepoint   ] Safepoint "G1PauseRemark", Time since last: 25372700 ns, Reaching safepoint: 130200 ns, Cleanup: 6400 ns, At safepoint: 7406600 ns, Total: 7543200 ns
[2024-09-08T15:17:20.129+0000][11340][info ][gc,marking  ] GC(8) Concurrent Mark 8.252ms
[2024-09-08T15:17:20.129+0000][11340][info ][gc,marking  ] GC(8) Concurrent Rebuild Remembered Sets and Scrub Regions
[2024-09-08T15:17:20.129+0000][11340][info ][gc,marking  ] GC(8) Concurrent Rebuild Remembered Sets and Scrub Regions 0.192ms
[2024-09-08T15:17:20.129+0000][11340][info ][gc,start    ] GC(8) Pause Cleanup
[2024-09-08T15:17:20.129+0000][11340][info ][gc          ] GC(8) Pause Cleanup 47M->47M(3964M) 0.062ms
[2024-09-08T15:17:20.129+0000][11340][info ][gc,cpu      ] GC(8) User=0.00s Sys=0.00s Real=0.00s
[2024-09-08T15:17:20.129+0000][11340][info ][safepoint   ] Safepoint "G1PauseCleanup", Time since last: 538300 ns, Reaching safepoint: 78400 ns, Cleanup: 21800 ns, At safepoint: 139700 ns, Total: 239900 ns
[2024-09-08T15:17:20.129+0000][11340][info ][gc,marking  ] GC(8) Concurrent Clear Claimed Marks
[2024-09-08T15:17:20.129+0000][11340][info ][gc,marking  ] GC(8) Concurrent Clear Claimed Marks 0.129ms
[2024-09-08T15:17:20.129+0000][11340][info ][gc,marking  ] GC(8) Concurrent Cleanup for Next Mark
[2024-09-08T15:17:20.145+0000][11340][info ][gc,marking  ] GC(8) Concurrent Cleanup for Next Mark 16.891ms
[2024-09-08T15:17:20.145+0000][11340][info ][gc          ] GC(8) Concurrent Mark Cycle 51.109ms
[2024-09-08T15:17:21.144+0000][11340][info ][safepoint   ] Safepoint "Cleanup", Time since last: 1008615100 ns, Reaching safepoint: 49500 ns, Cleanup: 63700 ns, At safepoint: 14500 ns, Total: 127700 ns
[2024-09-08T15:17:22.221+0000][11340][info ][safepoint   ] Safepoint "Cleanup", Time since last: 1076745100 ns, Reaching safepoint: 69700 ns, Cleanup: 156200 ns, At safepoint: 17000 ns, Total: 242900 ns
[2024-09-08T15:17:23.230+0000][11340][info ][safepoint   ] Safepoint "Cleanup", Time since last: 1008414800 ns, Reaching safepoint: 9500 ns, Cleanup: 111300 ns, At safepoint: 19700 ns, Total: 140500 ns
[2024-09-08T15:17:24.239+0000][11340][info ][safepoint   ] Safepoint "Cleanup", Time since last: 1009545400 ns, Reaching safepoint: 16500 ns, Cleanup: 21600 ns, At safepoint: 19200 ns, Total: 57300 ns
[2024-09-08T15:17:25.777+0000][11340][info ][safepoint   ] Safepoint "ICBufferFull", Time since last: 1538564900 ns, Reaching safepoint: 8700 ns, Cleanup: 268400 ns, At safepoint: 10500 ns, Total: 287600 ns
[2024-09-08T15:17:26.785+0000][11340][info ][safepoint   ] Safepoint "Cleanup", Time since last: 1007182200 ns, Reaching safepoint: 109400 ns, Cleanup: 129600 ns, At safepoint: 27000 ns, Total: 266000 ns
[2024-09-08T15:17:28.666+0000][11340][info ][safepoint   ] Safepoint "Cleanup", Time since last: 1882268500 ns, Reaching safepoint: 5600 ns, Cleanup: 77800 ns, At safepoint: 6400 ns, Total: 89800 ns
[2024-09-08T15:17:30.071+0000][11340][info ][safepoint   ] Safepoint "Cleanup", Time since last: 1403134800 ns, Reaching safepoint: 7000 ns, Cleanup: 167500 ns, At safepoint: 7900 ns, Total: 182400 ns
[2024-09-08T15:17:31.477+0000][11340][info ][safepoint   ] Safepoint "Cleanup", Time since last: 1405455300 ns, Reaching safepoint: 142300 ns, Cleanup: 84300 ns, At safepoint: 18600 ns, Total: 245200 ns
[2024-09-08T15:17:32.487+0000][11340][info ][safepoint   ] Safepoint "Cleanup", Time since last: 1009804700 ns, Reaching safepoint: 29900 ns, Cleanup: 51800 ns, At safepoint: 13100 ns, Total: 94800 ns
[2024-09-08T15:17:34.182+0000][11340][info ][safepoint   ] Safepoint "ICBufferFull", Time since last: 1701172000 ns, Reaching safepoint: 9500 ns, Cleanup: 165700 ns, At safepoint: 6600 ns, Total: 181800 ns
[2024-09-08T15:17:35.514+0000][11340][info ][safepoint   ] Safepoint "Cleanup", Time since last: 1332775500 ns, Reaching safepoint: 6300 ns, Cleanup: 63300 ns, At safepoint: 8200 ns, Total: 77800 ns
[2024-09-08T15:17:35.530+0000][11340][info ][gc,start    ] GC(9) Pause Young (Concurrent Start) (Metadata GC Threshold)
[2024-09-08T15:17:35.530+0000][11340][info ][gc,task     ] GC(9) Using 8 workers of 8 for evacuation
[2024-09-08T15:17:35.530+0000][11340][debug][gc,age      ] GC(9) Desired survivor size 142606336 bytes, new threshold 15 (max threshold 15)
[2024-09-08T15:17:35.593+0000][11340][info ][gc,phases   ] GC(9)   Pre Evacuate Collection Set: 0.51ms
[2024-09-08T15:17:35.593+0000][11340][info ][gc,phases   ] GC(9)   Merge Heap Roots: 0.20ms
[2024-09-08T15:17:35.593+0000][11340][info ][gc,phases   ] GC(9)   Evacuate Collection Set: 64.61ms
[2024-09-08T15:17:35.593+0000][11340][info ][gc,phases   ] GC(9)   Post Evacuate Collection Set: 5.07ms
[2024-09-08T15:17:35.593+0000][11340][info ][gc,phases   ] GC(9)   Other: 0.47ms
[2024-09-08T15:17:35.593+0000][11340][trace][gc,age      ] GC(9) Age table with threshold 15 (max threshold 15)
[2024-09-08T15:17:35.593+0000][11340][trace][gc,age      ] GC(9) - age   1:   21021072 bytes,   21021072 total
[2024-09-08T15:17:35.593+0000][11340][trace][gc,age      ] GC(9) - age   2:   14940592 bytes,   35961664 total
[2024-09-08T15:17:35.593+0000][11340][trace][gc,age      ] GC(9) - age   3:    4467216 bytes,   40428880 total
[2024-09-08T15:17:35.593+0000][11340][trace][gc,age      ] GC(9) - age   4:    4650472 bytes,   45079352 total
[2024-09-08T15:17:35.593+0000][11340][trace][gc,age      ] GC(9) - age   5:    5015504 bytes,   50094856 total
[2024-09-08T15:17:35.593+0000][11340][trace][gc,age      ] GC(9) - age   6:      20040 bytes,   50114896 total
[2024-09-08T15:17:35.593+0000][11340][trace][gc,age      ] GC(9) - age   7:    9936640 bytes,   60051536 total
[2024-09-08T15:17:35.593+0000][11340][info ][gc,heap     ] GC(9) Eden regions: 242->0(272)
[2024-09-08T15:17:35.593+0000][11340][info ][gc,heap     ] GC(9) Survivor regions: 11->16(68)
[2024-09-08T15:17:35.593+0000][11340][info ][gc,heap     ] GC(9) Old regions: 0->0
[2024-09-08T15:17:35.593+0000][11340][info ][gc,heap     ] GC(9) Humongous regions: 0->0
[2024-09-08T15:17:35.593+0000][11340][info ][gc,metaspace] GC(9) Metaspace: 98527K(100480K)->98527K(100480K) NonClass: 85411K(86592K)->85411K(86592K) Class: 13115K(13888K)->13115K(13888K)
[2024-09-08T15:17:35.593+0000][11340][info ][gc          ] GC(9) Pause Young (Concurrent Start) (Metadata GC Threshold) 1009M->64M(3964M) 71.583ms
[2024-09-08T15:17:35.593+0000][11340][info ][gc          ] GC(10) Concurrent Mark Cycle
[2024-09-08T15:17:35.593+0000][11340][info ][gc,cpu      ] GC(9) User=0.28s Sys=0.00s Real=0.06s
[2024-09-08T15:17:35.593+0000][11340][info ][gc,marking  ] GC(10) Concurrent Scan Root Regions
[2024-09-08T15:17:35.593+0000][11340][info ][safepoint   ] Safepoint "CollectForMetadataAllocation", Time since last: 13988900 ns, Reaching safepoint: 9900 ns, Cleanup: 23800 ns, At safepoint: 71876500 ns, Total: 71910200 ns
[2024-09-08T15:17:35.640+0000][11340][info ][gc,marking  ] GC(10) Concurrent Scan Root Regions 47.431ms
[2024-09-08T15:17:35.640+0000][11340][info ][gc,marking  ] GC(10) Concurrent Mark
[2024-09-08T15:17:35.640+0000][11340][info ][gc,marking  ] GC(10) Concurrent Mark From Roots
[2024-09-08T15:17:35.640+0000][11340][info ][gc,task     ] GC(10) Using 2 workers of 2 for marking
[2024-09-08T15:17:35.640+0000][11340][info ][gc,marking  ] GC(10) Concurrent Mark From Roots 0.468ms
[2024-09-08T15:17:35.640+0000][11340][info ][gc,marking  ] GC(10) Concurrent Preclean
[2024-09-08T15:17:35.640+0000][11340][info ][gc,marking  ] GC(10) Concurrent Preclean 0.042ms
[2024-09-08T15:17:35.640+0000][11340][info ][gc,start    ] GC(10) Pause Remark
[2024-09-08T15:17:35.656+0000][11340][info ][gc          ] GC(10) Pause Remark 70M->70M(3964M) 11.499ms
[2024-09-08T15:17:35.656+0000][11340][info ][gc,cpu      ] GC(10) User=0.02s Sys=0.00s Real=0.02s
[2024-09-08T15:17:35.656+0000][11340][info ][safepoint   ] Safepoint "G1PauseRemark", Time since last: 48333700 ns, Reaching safepoint: 161300 ns, Cleanup: 21200 ns, At safepoint: 11689300 ns, Total: 11871800 ns
[2024-09-08T15:17:35.656+0000][11340][info ][gc,marking  ] GC(10) Concurrent Mark 12.884ms
[2024-09-08T15:17:35.656+0000][11340][info ][gc,marking  ] GC(10) Concurrent Rebuild Remembered Sets and Scrub Regions
[2024-09-08T15:17:35.656+0000][11340][info ][gc,marking  ] GC(10) Concurrent Rebuild Remembered Sets and Scrub Regions 0.130ms
[2024-09-08T15:17:35.656+0000][11340][info ][gc,start    ] GC(10) Pause Cleanup
[2024-09-08T15:17:35.656+0000][11340][info ][gc          ] GC(10) Pause Cleanup 70M->70M(3964M) 0.053ms
[2024-09-08T15:17:35.656+0000][11340][info ][gc,cpu      ] GC(10) User=0.00s Sys=0.00s Real=0.00s
[2024-09-08T15:17:35.656+0000][11340][info ][safepoint   ] Safepoint "G1PauseCleanup", Time since last: 368000 ns, Reaching safepoint: 8500 ns, Cleanup: 29600 ns, At safepoint: 124200 ns, Total: 162300 ns
[2024-09-08T15:17:35.656+0000][11340][info ][gc,marking  ] GC(10) Concurrent Clear Claimed Marks
[2024-09-08T15:17:35.656+0000][11340][info ][gc,marking  ] GC(10) Concurrent Clear Claimed Marks 0.137ms
[2024-09-08T15:17:35.656+0000][11340][info ][gc,marking  ] GC(10) Concurrent Cleanup for Next Mark
[2024-09-08T15:17:35.672+0000][11340][info ][gc,marking  ] GC(10) Concurrent Cleanup for Next Mark 11.803ms
[2024-09-08T15:17:35.672+0000][11340][info ][gc          ] GC(10) Concurrent Mark Cycle 73.035ms
[2024-09-08T15:17:37.156+0000][11340][info ][safepoint   ] Safepoint "Cleanup", Time since last: 1494703400 ns, Reaching safepoint: 18900 ns, Cleanup: 152700 ns, At safepoint: 10600 ns, Total: 182200 ns
[2024-09-08T15:17:39.091+0000][11340][info ][safepoint   ] Safepoint "Cleanup", Time since last: 1928214400 ns, Reaching safepoint: 337700 ns, Cleanup: 104100 ns, At safepoint: 11100 ns, Total: 452900 ns
[2024-09-08T15:17:40.201+0000][11340][info ][safepoint   ] Safepoint "ICBufferFull", Time since last: 1110314800 ns, Reaching safepoint: 5400 ns, Cleanup: 193600 ns, At safepoint: 12000 ns, Total: 211000 ns
[2024-09-08T15:17:40.548+0000][11340][info ][safepoint   ] Safepoint "ICBufferFull", Time since last: 352017100 ns, Reaching safepoint: 10400 ns, Cleanup: 201200 ns, At safepoint: 21600 ns, Total: 233200 ns
[2024-09-08T15:17:41.022+0000][11340][info ][safepoint   ] Safepoint "ICBufferFull", Time since last: 479420900 ns, Reaching safepoint: 10700 ns, Cleanup: 172400 ns, At safepoint: 8400 ns, Total: 191500 ns
[2024-09-08T15:17:41.450+0000][11340][info ][safepoint   ] Safepoint "ICBufferFull", Time since last: 430112400 ns, Reaching safepoint: 7900 ns, Cleanup: 197200 ns, At safepoint: 6700 ns, Total: 211800 ns
[2024-09-08T15:17:42.165+0000][11340][info ][safepoint   ] Safepoint "ICBufferFull", Time since last: 704352800 ns, Reaching safepoint: 415900 ns, Cleanup: 184400 ns, At safepoint: 16800 ns, Total: 617100 ns
[2024-09-08T15:17:42.603+0000][11340][info ][safepoint   ] Safepoint "ICBufferFull", Time since last: 443083400 ns, Reaching safepoint: 15300 ns, Cleanup: 267600 ns, At safepoint: 8400 ns, Total: 291300 ns
[2024-09-08T15:17:43.615+0000][11340][info ][safepoint   ] Safepoint "Cleanup", Time since last: 1003033100 ns, Reaching safepoint: 134900 ns, Cleanup: 104200 ns, At safepoint: 67200 ns, Total: 306300 ns
[2024-09-08T15:17:44.443+0000][11340][info ][safepoint   ] Safepoint "ICBufferFull", Time since last: 829873400 ns, Reaching safepoint: 21800 ns, Cleanup: 177800 ns, At safepoint: 17700 ns, Total: 217300 ns
[2024-09-08T15:17:45.329+0000][11340][info ][safepoint   ] Safepoint "ICBufferFull", Time since last: 884763100 ns, Reaching safepoint: 20500 ns, Cleanup: 266400 ns, At safepoint: 33400 ns, Total: 320300 ns
[2024-09-08T15:17:45.867+0000][11340][info ][safepoint   ] Safepoint "ICBufferFull", Time since last: 536670100 ns, Reaching safepoint: 15800 ns, Cleanup: 156000 ns, At safepoint: 16600 ns, Total: 188400 ns
[2024-09-08T15:17:46.177+0000][11340][info ][safepoint   ] Safepoint "ICBufferFull", Time since last: 311427900 ns, Reaching safepoint: 16100 ns, Cleanup: 173200 ns, At safepoint: 15300 ns, Total: 204600 ns
[2024-09-08T15:17:46.542+0000][11340][info ][safepoint   ] Safepoint "ICBufferFull", Time since last: 370604500 ns, Reaching safepoint: 15700 ns, Cleanup: 167900 ns, At safepoint: 12500 ns, Total: 196100 ns
[2024-09-08T15:17:46.542+0000][11340][info ][safepoint   ] Safepoint "ICBufferFull", Time since last: 103600 ns, Reaching safepoint: 16400 ns, Cleanup: 1600 ns, At safepoint: 10300 ns, Total: 28300 ns
[2024-09-08T15:17:47.147+0000][11340][info ][safepoint   ] Safepoint "ICBufferFull", Time since last: 601223100 ns, Reaching safepoint: 17200 ns, Cleanup: 167400 ns, At safepoint: 7300 ns, Total: 191900 ns
[2024-09-08T15:17:47.908+0000][11340][info ][safepoint   ] Safepoint "ICBufferFull", Time since last: 768988700 ns, Reaching safepoint: 67200 ns, Cleanup: 181800 ns, At safepoint: 12700 ns, Total: 261700 ns
[2024-09-08T15:17:48.646+0000][11340][info ][safepoint   ] Safepoint "ICBufferFull", Time since last: 732418200 ns, Reaching safepoint: 50300 ns, Cleanup: 310100 ns, At safepoint: 19100 ns, Total: 379500 ns
[2024-09-08T15:17:49.870+0000][11340][info ][safepoint   ] Safepoint "Cleanup", Time since last: 1216515500 ns, Reaching safepoint: 27400 ns, Cleanup: 223900 ns, At safepoint: 16100 ns, Total: 267400 ns
[2024-09-08T15:17:50.873+0000][11340][info ][safepoint   ] Safepoint "Cleanup", Time since last: 1002867000 ns, Reaching safepoint: 184800 ns, Cleanup: 20900 ns, At safepoint: 6000 ns, Total: 211700 ns
[2024-09-08T15:17:51.874+0000][11340][info ][safepoint   ] Safepoint "Cleanup", Time since last: 1000458100 ns, Reaching safepoint: 28900 ns, Cleanup: 47100 ns, At safepoint: 10800 ns, Total: 86800 ns
[2024-09-08T15:17:52.874+0000][11340][info ][safepoint   ] Safepoint "Cleanup", Time since last: 1000405400 ns, Reaching safepoint: 27000 ns, Cleanup: 37600 ns, At safepoint: 9300 ns, Total: 73900 ns
[2024-09-08T15:17:53.879+0000][11340][info ][safepoint   ] Safepoint "Cleanup", Time since last: 1004769500 ns, Reaching safepoint: 53900 ns, Cleanup: 62600 ns, At safepoint: 10200 ns, Total: 126700 ns
[2024-09-08T15:17:54.891+0000][11340][info ][safepoint   ] Safepoint "Cleanup", Time since last: 1011864500 ns, Reaching safepoint: 29400 ns, Cleanup: 37500 ns, At safepoint: 11600 ns, Total: 78500 ns
[2024-09-08T15:17:55.903+0000][11340][info ][safepoint   ] Safepoint "Cleanup", Time since last: 1011711300 ns, Reaching safepoint: 28600 ns, Cleanup: 30200 ns, At safepoint: 11500 ns, Total: 70300 ns
[2024-09-08T15:17:56.911+0000][11340][info ][safepoint   ] Safepoint "Cleanup", Time since last: 1007758400 ns, Reaching safepoint: 37500 ns, Cleanup: 25900 ns, At safepoint: 15700 ns, Total: 79100 ns
[2024-09-08T15:17:57.915+0000][11340][info ][safepoint   ] Safepoint "Cleanup", Time since last: 1004416700 ns, Reaching safepoint: 33300 ns, Cleanup: 28800 ns, At safepoint: 10800 ns, Total: 72900 ns
[2024-09-08T15:17:59.806+0000][11340][info ][safepoint   ] Safepoint "Cleanup", Time since last: 1890293700 ns, Reaching safepoint: 39000 ns, Cleanup: 49800 ns, At safepoint: 10400 ns, Total: 99200 ns
[2024-09-08T15:18:00.821+0000][11340][info ][safepoint   ] Safepoint "Cleanup", Time since last: 1015460900 ns, Reaching safepoint: 31300 ns, Cleanup: 34700 ns, At safepoint: 13200 ns, Total: 79200 ns
[2024-09-08T15:18:01.822+0000][11340][info ][safepoint   ] Safepoint "Cleanup", Time since last: 1000136400 ns, Reaching safepoint: 33800 ns, Cleanup: 34200 ns, At safepoint: 15000 ns, Total: 83000 ns
[2024-09-08T15:18:02.826+0000][11340][info ][safepoint   ] Safepoint "Cleanup", Time since last: 1004701300 ns, Reaching safepoint: 31500 ns, Cleanup: 64400 ns, At safepoint: 15800 ns, Total: 111700 ns
[2024-09-08T15:18:03.828+0000][11340][info ][safepoint   ] Safepoint "Cleanup", Time since last: 1001955500 ns, Reaching safepoint: 32800 ns, Cleanup: 43200 ns, At safepoint: 9500 ns, Total: 85500 ns
[2024-09-08T15:18:06.846+0000][11340][info ][safepoint   ] Safepoint "Cleanup", Time since last: 3017823700 ns, Reaching safepoint: 29900 ns, Cleanup: 26000 ns, At safepoint: 11000 ns, Total: 66900 ns
[2024-09-08T15:18:08.865+0000][11340][info ][safepoint   ] Safepoint "Cleanup", Time since last: 2018445700 ns, Reaching safepoint: 20900 ns, Cleanup: 26900 ns, At safepoint: 7200 ns, Total: 55000 ns
[2024-09-08T15:18:09.873+0000][11340][info ][safepoint   ] Safepoint "Cleanup", Time since last: 1008408500 ns, Reaching safepoint: 22200 ns, Cleanup: 20100 ns, At safepoint: 6200 ns, Total: 48500 ns
[2024-09-08T15:18:11.894+0000][11340][info ][safepoint   ] Safepoint "Cleanup", Time since last: 2020490400 ns, Reaching safepoint: 30000 ns, Cleanup: 93600 ns, At safepoint: 13700 ns, Total: 137300 ns
[2024-09-08T15:18:12.904+0000][11340][info ][safepoint   ] Safepoint "Cleanup", Time since last: 1009761700 ns, Reaching safepoint: 31700 ns, Cleanup: 89600 ns, At safepoint: 12300 ns, Total: 133600 ns
[2024-09-08T15:18:13.913+0000][11340][info ][safepoint   ] Safepoint "Cleanup", Time since last: 1009216300 ns, Reaching safepoint: 30600 ns, Cleanup: 31900 ns, At safepoint: 11500 ns, Total: 74000 ns
[2024-09-08T15:18:14.923+0000][11340][info ][safepoint   ] Safepoint "Cleanup", Time since last: 1009456100 ns, Reaching safepoint: 34500 ns, Cleanup: 89100 ns, At safepoint: 13300 ns, Total: 136900 ns
[2024-09-08T15:18:15.935+0000][11340][info ][safepoint   ] Safepoint "Cleanup", Time since last: 1012225600 ns, Reaching safepoint: 39800 ns, Cleanup: 63900 ns, At safepoint: 16500 ns, Total: 120200 ns
[2024-09-08T15:18:16.945+0000][11340][info ][safepoint   ] Safepoint "Cleanup", Time since last: 1009735800 ns, Reaching safepoint: 32400 ns, Cleanup: 38100 ns, At safepoint: 11900 ns, Total: 82400 ns
[2024-09-08T15:18:17.954+0000][11340][info ][safepoint   ] Safepoint "Cleanup", Time since last: 1009281100 ns, Reaching safepoint: 29900 ns, Cleanup: 43200 ns, At safepoint: 11900 ns, Total: 85000 ns
[2024-09-08T15:18:18.559+0000][11340][info ][gc,start    ] GC(11) Pause Young (Normal) (G1 Evacuation Pause)
[2024-09-08T15:18:18.559+0000][11340][info ][gc,task     ] GC(11) Using 8 workers of 8 for evacuation
[2024-09-08T15:18:18.559+0000][11340][debug][gc,age      ] GC(11) Desired survivor size 75497472 bytes, new threshold 15 (max threshold 15)
[2024-09-08T15:18:18.685+0000][11340][info ][gc,phases   ] GC(11)   Pre Evacuate Collection Set: 0.44ms
[2024-09-08T15:18:18.685+0000][11340][info ][gc,phases   ] GC(11)   Merge Heap Roots: 0.27ms
[2024-09-08T15:18:18.685+0000][11340][info ][gc,phases   ] GC(11)   Evacuate Collection Set: 118.37ms
[2024-09-08T15:18:18.685+0000][11340][info ][gc,phases   ] GC(11)   Post Evacuate Collection Set: 10.05ms
[2024-09-08T15:18:18.685+0000][11340][info ][gc,phases   ] GC(11)   Other: 0.23ms
[2024-09-08T15:18:18.685+0000][11340][trace][gc,age      ] GC(11) Age table with threshold 15 (max threshold 15)
[2024-09-08T15:18:18.685+0000][11340][trace][gc,age      ] GC(11) - age   1:   43621040 bytes,   43621040 total
[2024-09-08T15:18:18.685+0000][11340][trace][gc,age      ] GC(11) - age   2:   20327416 bytes,   63948456 total
[2024-09-08T15:18:18.685+0000][11340][trace][gc,age      ] GC(11) - age   3:   14767824 bytes,   78716280 total
[2024-09-08T15:18:18.685+0000][11340][trace][gc,age      ] GC(11) - age   4:    4462200 bytes,   83178480 total
[2024-09-08T15:18:18.685+0000][11340][trace][gc,age      ] GC(11) - age   5:    4648200 bytes,   87826680 total
[2024-09-08T15:18:18.685+0000][11340][trace][gc,age      ] GC(11) - age   6:    4990904 bytes,   92817584 total
[2024-09-08T15:18:18.685+0000][11340][trace][gc,age      ] GC(11) - age   7:      20040 bytes,   92837624 total
[2024-09-08T15:18:18.685+0000][11340][trace][gc,age      ] GC(11) - age   8:    9871424 bytes,  102709048 total
[2024-09-08T15:18:18.685+0000][11340][info ][gc,heap     ] GC(11) Eden regions: 272->0(126)
[2024-09-08T15:18:18.685+0000][11340][info ][gc,heap     ] GC(11) Survivor regions: 16->27(36)
[2024-09-08T15:18:18.685+0000][11340][info ][gc,heap     ] GC(11) Old regions: 0->0
[2024-09-08T15:18:18.685+0000][11340][info ][gc,heap     ] GC(11) Humongous regions: 2->2
[2024-09-08T15:18:18.685+0000][11340][info ][gc,metaspace] GC(11) Metaspace: 141645K(145856K)->141645K(145856K) NonClass: 121788K(124096K)->121788K(124096K) Class: 19856K(21760K)->19856K(21760K)
[2024-09-08T15:18:18.685+0000][11340][info ][gc          ] GC(11) Pause Young (Normal) (G1 Evacuation Pause) 1160M->115M(3964M) 130.158ms
[2024-09-08T15:18:18.685+0000][11340][info ][gc,cpu      ] GC(11) User=0.73s Sys=0.00s Real=0.13s
[2024-09-08T15:18:18.685+0000][11340][info ][safepoint   ] Safepoint "G1CollectForAllocation", Time since last: 609808400 ns, Reaching safepoint: 28800 ns, Cleanup: 36300 ns, At safepoint: 130322600 ns, Total: 130387700 ns
[2024-09-08T15:18:19.696+0000][11340][info ][safepoint   ] Safepoint "Cleanup", Time since last: 1001659500 ns, Reaching safepoint: 45500 ns, Cleanup: 60100 ns, At safepoint: 13400 ns, Total: 119000 ns
[2024-09-08T15:18:22.734+0000][11340][info ][safepoint   ] Safepoint "Cleanup", Time since last: 3037530000 ns, Reaching safepoint: 32200 ns, Cleanup: 30100 ns, At safepoint: 12100 ns, Total: 74400 ns
[2024-09-08T15:18:23.743+0000][11340][info ][safepoint   ] Safepoint "Cleanup", Time since last: 1009449700 ns, Reaching safepoint: 24600 ns, Cleanup: 29200 ns, At safepoint: 12400 ns, Total: 66200 ns
[2024-09-08T15:18:24.752+0000][11340][info ][safepoint   ] Safepoint "Cleanup", Time since last: 1009159800 ns, Reaching safepoint: 212600 ns, Cleanup: 28300 ns, At safepoint: 13100 ns, Total: 254000 ns
[2024-09-08T15:18:25.758+0000][11340][info ][safepoint   ] Safepoint "Cleanup", Time since last: 1005499600 ns, Reaching safepoint: 33100 ns, Cleanup: 29900 ns, At safepoint: 12900 ns, Total: 75900 ns
[2024-09-08T15:18:26.760+0000][11340][info ][safepoint   ] Safepoint "Cleanup", Time since last: 1001540800 ns, Reaching safepoint: 33800 ns, Cleanup: 29700 ns, At safepoint: 12400 ns, Total: 75900 ns
[2024-09-08T15:18:27.762+0000][11340][info ][safepoint   ] Safepoint "Cleanup", Time since last: 1001922700 ns, Reaching safepoint: 23600 ns, Cleanup: 21700 ns, At safepoint: 13700 ns, Total: 59000 ns
[2024-09-08T15:18:28.768+0000][11340][info ][safepoint   ] Safepoint "Cleanup", Time since last: 1005725300 ns, Reaching safepoint: 22700 ns, Cleanup: 23800 ns, At safepoint: 10700 ns, Total: 57200 ns
[2024-09-08T15:18:30.790+0000][11340][info ][safepoint   ] Safepoint "Cleanup", Time since last: 2022711200 ns, Reaching safepoint: 23400 ns, Cleanup: 22800 ns, At safepoint: 23400 ns, Total: 69600 ns
[2024-09-08T15:18:32.807+0000][11340][info ][safepoint   ] Safepoint "Cleanup", Time since last: 2016034300 ns, Reaching safepoint: 21500 ns, Cleanup: 20800 ns, At safepoint: 11300 ns, Total: 53600 ns
[2024-09-08T15:18:33.816+0000][11340][info ][safepoint   ] Safepoint "Cleanup", Time since last: 1009313800 ns, Reaching safepoint: 27900 ns, Cleanup: 31900 ns, At safepoint: 11800 ns, Total: 71600 ns
[2024-09-08T15:18:35.835+0000][11340][info ][safepoint   ] Safepoint "Cleanup", Time since last: 2018669700 ns, Reaching safepoint: 32800 ns, Cleanup: 24800 ns, At safepoint: 14300 ns, Total: 71900 ns
[2024-09-08T15:18:36.835+0000][11340][info ][safepoint   ] Safepoint "Cleanup", Time since last: 1000894900 ns, Reaching safepoint: 24400 ns, Cleanup: 25100 ns, At safepoint: 13900 ns, Total: 63400 ns
[2024-09-08T15:18:37.844+0000][11340][info ][safepoint   ] Safepoint "Cleanup", Time since last: 1008262500 ns, Reaching safepoint: 111800 ns, Cleanup: 33600 ns, At safepoint: 236600 ns, Total: 382000 ns
[2024-09-08T15:18:38.848+0000][11340][info ][safepoint   ] Safepoint "Cleanup", Time since last: 1003583200 ns, Reaching safepoint: 32500 ns, Cleanup: 35600 ns, At safepoint: 12400 ns, Total: 80500 ns
[2024-09-08T15:18:39.849+0000][11340][info ][safepoint   ] Safepoint "Cleanup", Time since last: 1001228700 ns, Reaching safepoint: 26900 ns, Cleanup: 53200 ns, At safepoint: 39300 ns, Total: 119400 ns
[2024-09-08T15:18:41.855+0000][11340][info ][safepoint   ] Safepoint "Cleanup", Time since last: 2005569200 ns, Reaching safepoint: 25200 ns, Cleanup: 15800 ns, At safepoint: 6100 ns, Total: 47100 ns
[2024-09-08T15:18:42.867+0000][11340][info ][safepoint   ] Safepoint "Cleanup", Time since last: 1011576600 ns, Reaching safepoint: 32400 ns, Cleanup: 28100 ns, At safepoint: 10100 ns, Total: 70600 ns
[2024-09-08T15:18:43.877+0000][11340][info ][safepoint   ] Safepoint "Cleanup", Time since last: 1010347100 ns, Reaching safepoint: 32000 ns, Cleanup: 30600 ns, At safepoint: 12000 ns, Total: 74600 ns
[2024-09-08T15:18:44.889+0000][11340][info ][safepoint   ] Safepoint "Cleanup", Time since last: 1012247900 ns, Reaching safepoint: 33300 ns, Cleanup: 28900 ns, At safepoint: 14300 ns, Total: 76500 ns
[2024-09-08T15:18:45.897+0000][11340][info ][safepoint   ] Safepoint "Cleanup", Time since last: 1007255500 ns, Reaching safepoint: 30300 ns, Cleanup: 44100 ns, At safepoint: 12600 ns, Total: 87000 ns
[2024-09-08T15:18:47.913+0000][11340][info ][safepoint   ] Safepoint "Cleanup", Time since last: 2016726900 ns, Reaching safepoint: 31900 ns, Cleanup: 28900 ns, At safepoint: 11800 ns, Total: 72600 ns
[2024-09-08T15:18:48.920+0000][11340][info ][safepoint   ] Safepoint "Cleanup", Time since last: 1006531300 ns, Reaching safepoint: 32500 ns, Cleanup: 33700 ns, At safepoint: 23000 ns, Total: 89200 ns
[2024-09-08T15:18:49.928+0000][11340][info ][safepoint   ] Safepoint "Cleanup", Time since last: 1007759900 ns, Reaching safepoint: 90800 ns, Cleanup: 37400 ns, At safepoint: 14000 ns, Total: 142200 ns
[2024-09-08T15:18:53.961+0000][11340][info ][safepoint   ] Safepoint "Cleanup", Time since last: 4033182300 ns, Reaching safepoint: 32300 ns, Cleanup: 34600 ns, At safepoint: 17900 ns, Total: 84800 ns
[2024-09-08T15:18:54.972+0000][11340][info ][safepoint   ] Safepoint "Cleanup", Time since last: 1010432100 ns, Reaching safepoint: 33600 ns, Cleanup: 35700 ns, At safepoint: 12500 ns, Total: 81800 ns
[2024-09-08T15:18:58.000+0000][11340][info ][safepoint   ] Safepoint "Cleanup", Time since last: 3027965100 ns, Reaching safepoint: 31000 ns, Cleanup: 27600 ns, At safepoint: 12800 ns, Total: 71400 ns
[2024-09-08T15:18:59.956+0000][11340][info ][safepoint   ] Safepoint "Cleanup", Time since last: 1955530700 ns, Reaching safepoint: 30100 ns, Cleanup: 33300 ns, At safepoint: 9400 ns, Total: 72800 ns
[2024-09-08T15:19:03.982+0000][11340][info ][safepoint   ] Safepoint "Cleanup", Time since last: 4026040900 ns, Reaching safepoint: 92600 ns, Cleanup: 19900 ns, At safepoint: 10300 ns, Total: 122800 ns
[2024-09-08T15:19:05.995+0000][11340][info ][safepoint   ] Safepoint "Cleanup", Time since last: 2012987700 ns, Reaching safepoint: 46700 ns, Cleanup: 26700 ns, At safepoint: 9700 ns, Total: 83100 ns
[2024-09-08T15:19:06.996+0000][11340][info ][safepoint   ] Safepoint "Cleanup", Time since last: 1001028600 ns, Reaching safepoint: 64700 ns, Cleanup: 40100 ns, At safepoint: 30900 ns, Total: 135700 ns
[2024-09-08T15:19:09.001+0000][11340][info ][safepoint   ] Safepoint "Cleanup", Time since last: 2005391700 ns, Reaching safepoint: 45000 ns, Cleanup: 26800 ns, At safepoint: 12000 ns, Total: 83800 ns
[2024-09-08T15:19:10.015+0000][11340][info ][safepoint   ] Safepoint "Cleanup", Time since last: 1013170200 ns, Reaching safepoint: 34300 ns, Cleanup: 37500 ns, At safepoint: 14600 ns, Total: 86400 ns
[2024-09-08T15:19:11.030+0000][11340][info ][safepoint   ] Safepoint "Cleanup", Time since last: 1014984600 ns, Reaching safepoint: 48300 ns, Cleanup: 38100 ns, At safepoint: 12000 ns, Total: 98400 ns
[2024-09-08T15:19:12.045+0000][11340][info ][safepoint   ] Safepoint "Cleanup", Time since last: 1015215800 ns, Reaching safepoint: 37400 ns, Cleanup: 43100 ns, At safepoint: 12500 ns, Total: 93000 ns
[2024-09-08T15:19:13.058+0000][11340][info ][safepoint   ] Safepoint "Cleanup", Time since last: 1012784100 ns, Reaching safepoint: 54100 ns, Cleanup: 36800 ns, At safepoint: 16200 ns, Total: 107100 ns
[2024-09-08T15:19:14.059+0000][11340][info ][safepoint   ] Safepoint "Cleanup", Time since last: 1001019300 ns, Reaching safepoint: 32500 ns, Cleanup: 48500 ns, At safepoint: 10600 ns, Total: 91600 ns
[2024-09-08T15:19:16.083+0000][11340][info ][safepoint   ] Safepoint "Cleanup", Time since last: 2023401400 ns, Reaching safepoint: 33600 ns, Cleanup: 32300 ns, At safepoint: 9000 ns, Total: 74900 ns
[2024-09-08T15:19:17.097+0000][11340][info ][safepoint   ] Safepoint "Cleanup", Time since last: 1014556200 ns, Reaching safepoint: 46600 ns, Cleanup: 26600 ns, At safepoint: 12700 ns, Total: 85900 ns
[2024-09-08T15:19:18.113+0000][11340][info ][safepoint   ] Safepoint "Cleanup", Time since last: 1015631000 ns, Reaching safepoint: 34300 ns, Cleanup: 30300 ns, At safepoint: 10900 ns, Total: 75500 ns
[2024-09-08T15:19:19.113+0000][11340][info ][safepoint   ] Safepoint "Cleanup", Time since last: 1000092000 ns, Reaching safepoint: 34000 ns, Cleanup: 53200 ns, At safepoint: 11000 ns, Total: 98200 ns
[2024-09-08T15:19:20.126+0000][11340][info ][safepoint   ] Safepoint "Cleanup", Time since last: 1012916600 ns, Reaching safepoint: 37200 ns, Cleanup: 31100 ns, At safepoint: 9100 ns, Total: 77400 ns
[2024-09-08T15:19:23.168+0000][11340][info ][safepoint   ] Safepoint "Cleanup", Time since last: 3042255300 ns, Reaching safepoint: 31700 ns, Cleanup: 25800 ns, At safepoint: 12700 ns, Total: 70200 ns
[2024-09-08T15:19:24.183+0000][11340][info ][safepoint   ] Safepoint "Cleanup", Time since last: 1014842600 ns, Reaching safepoint: 35400 ns, Cleanup: 30400 ns, At safepoint: 59700 ns, Total: 125500 ns
[2024-09-08T15:19:25.197+0000][11340][info ][safepoint   ] Safepoint "Cleanup", Time since last: 1013935500 ns, Reaching safepoint: 28700 ns, Cleanup: 22200 ns, At safepoint: 10900 ns, Total: 61800 ns
[2024-09-08T15:19:26.211+0000][11340][info ][safepoint   ] Safepoint "Cleanup", Time since last: 1013535200 ns, Reaching safepoint: 44200 ns, Cleanup: 21800 ns, At safepoint: 13900 ns, Total: 79900 ns
[2024-09-08T15:19:29.252+0000][11340][info ][safepoint   ] Safepoint "Cleanup", Time since last: 3040754300 ns, Reaching safepoint: 42600 ns, Cleanup: 34200 ns, At safepoint: 10900 ns, Total: 87700 ns
[2024-09-08T15:19:31.269+0000][11340][info ][safepoint   ] Safepoint "Cleanup", Time since last: 2017341400 ns, Reaching safepoint: 29600 ns, Cleanup: 23100 ns, At safepoint: 10900 ns, Total: 63600 ns
[2024-09-08T15:19:32.284+0000][11340][info ][safepoint   ] Safepoint "Cleanup", Time since last: 1014624900 ns, Reaching safepoint: 36700 ns, Cleanup: 33500 ns, At safepoint: 13800 ns, Total: 84000 ns
[2024-09-08T15:19:34.296+0000][11340][info ][safepoint   ] Safepoint "Cleanup", Time since last: 2011781000 ns, Reaching safepoint: 26200 ns, Cleanup: 23600 ns, At safepoint: 10400 ns, Total: 60200 ns
[2024-09-08T15:19:36.304+0000][11340][info ][safepoint   ] Safepoint "Cleanup", Time since last: 2007944600 ns, Reaching safepoint: 28400 ns, Cleanup: 30000 ns, At safepoint: 21400 ns, Total: 79800 ns
[2024-09-08T15:19:38.329+0000][11340][info ][safepoint   ] Safepoint "Cleanup", Time since last: 2025010300 ns, Reaching safepoint: 76800 ns, Cleanup: 23900 ns, At safepoint: 16800 ns, Total: 117500 ns
[2024-09-08T15:19:39.341+0000][11340][info ][safepoint   ] Safepoint "Cleanup", Time since last: 1012495200 ns, Reaching safepoint: 34500 ns, Cleanup: 34500 ns, At safepoint: 12900 ns, Total: 81900 ns
[2024-09-08T15:19:42.374+0000][11340][info ][safepoint   ] Safepoint "Cleanup", Time since last: 3032572900 ns, Reaching safepoint: 208600 ns, Cleanup: 248300 ns, At safepoint: 13300 ns, Total: 470200 ns
[2024-09-08T15:19:43.376+0000][11340][info ][safepoint   ] Safepoint "Cleanup", Time since last: 1001667200 ns, Reaching safepoint: 34500 ns, Cleanup: 27600 ns, At safepoint: 12500 ns, Total: 74600 ns
[2024-09-08T15:19:45.392+0000][11340][info ][safepoint   ] Safepoint "Cleanup", Time since last: 2015614600 ns, Reaching safepoint: 36400 ns, Cleanup: 25900 ns, At safepoint: 27200 ns, Total: 89500 ns
[2024-09-08T15:19:46.405+0000][11340][info ][safepoint   ] Safepoint "Cleanup", Time since last: 1012828500 ns, Reaching safepoint: 31700 ns, Cleanup: 32000 ns, At safepoint: 11500 ns, Total: 75200 ns
[2024-09-08T15:19:47.412+0000][11340][info ][safepoint   ] Safepoint "Cleanup", Time since last: 1006896900 ns, Reaching safepoint: 34800 ns, Cleanup: 36400 ns, At safepoint: 13400 ns, Total: 84600 ns
[2024-09-08T15:19:49.432+0000][11340][info ][safepoint   ] Safepoint "Cleanup", Time since last: 2020675800 ns, Reaching safepoint: 33000 ns, Cleanup: 55100 ns, At safepoint: 15000 ns, Total: 103100 ns
[2024-09-08T15:19:50.440+0000][11340][info ][safepoint   ] Safepoint "Cleanup", Time since last: 1007691500 ns, Reaching safepoint: 25600 ns, Cleanup: 19900 ns, At safepoint: 9100 ns, Total: 54600 ns
[2024-09-08T15:19:51.453+0000][11340][info ][safepoint   ] Safepoint "Cleanup", Time since last: 1012833600 ns, Reaching safepoint: 35500 ns, Cleanup: 31100 ns, At safepoint: 13600 ns, Total: 80200 ns
[2024-09-08T15:19:55.490+0000][11340][info ][safepoint   ] Safepoint "Cleanup", Time since last: 4036678900 ns, Reaching safepoint: 32500 ns, Cleanup: 27900 ns, At safepoint: 12000 ns, Total: 72400 ns
[2024-09-08T15:19:57.513+0000][11340][info ][safepoint   ] Safepoint "Cleanup", Time since last: 2022724100 ns, Reaching safepoint: 25200 ns, Cleanup: 28200 ns, At safepoint: 30600 ns, Total: 84000 ns
[2024-09-08T15:20:00.198+0000][11340][info ][safepoint   ] Safepoint "Cleanup", Time since last: 2684734400 ns, Reaching safepoint: 33700 ns, Cleanup: 32600 ns, At safepoint: 19300 ns, Total: 85600 ns
[2024-09-08T15:20:05.248+0000][11340][info ][safepoint   ] Safepoint "Cleanup", Time since last: 5050547400 ns, Reaching safepoint: 23200 ns, Cleanup: 40300 ns, At safepoint: 12500 ns, Total: 76000 ns
[2024-09-08T15:20:06.261+0000][11340][info ][safepoint   ] Safepoint "Cleanup", Time since last: 1012950000 ns, Reaching safepoint: 35800 ns, Cleanup: 16800 ns, At safepoint: 6500 ns, Total: 59100 ns
[2024-09-08T15:20:10.291+0000][11340][info ][safepoint   ] Safepoint "Cleanup", Time since last: 4029315500 ns, Reaching safepoint: 33400 ns, Cleanup: 37100 ns, At safepoint: 13200 ns, Total: 83700 ns
[2024-09-08T15:20:11.302+0000][11340][info ][safepoint   ] Safepoint "Cleanup", Time since last: 1011538700 ns, Reaching safepoint: 22800 ns, Cleanup: 23000 ns, At safepoint: 6900 ns, Total: 52700 ns
[2024-09-08T15:20:12.317+0000][11340][info ][safepoint   ] Safepoint "Cleanup", Time since last: 1015083800 ns, Reaching safepoint: 23900 ns, Cleanup: 22900 ns, At safepoint: 11400 ns, Total: 58200 ns
[2024-09-08T15:20:15.353+0000][11340][info ][safepoint   ] Safepoint "Cleanup", Time since last: 3035610400 ns, Reaching safepoint: 33500 ns, Cleanup: 41100 ns, At safepoint: 13300 ns, Total: 87900 ns
[2024-09-08T15:20:16.368+0000][11340][info ][safepoint   ] Safepoint "Cleanup", Time since last: 1015344900 ns, Reaching safepoint: 32900 ns, Cleanup: 31100 ns, At safepoint: 11900 ns, Total: 75900 ns
[2024-09-08T15:20:17.377+0000][11340][info ][safepoint   ] Safepoint "Cleanup", Time since last: 1008111700 ns, Reaching safepoint: 34000 ns, Cleanup: 32600 ns, At safepoint: 13800 ns, Total: 80400 ns
[2024-09-08T15:20:19.398+0000][11340][info ][safepoint   ] Safepoint "Cleanup", Time since last: 2020729300 ns, Reaching safepoint: 32800 ns, Cleanup: 42600 ns, At safepoint: 13000 ns, Total: 88400 ns
[2024-09-08T15:20:20.407+0000][11340][info ][safepoint   ] Safepoint "Cleanup", Time since last: 1009649100 ns, Reaching safepoint: 32700 ns, Cleanup: 34100 ns, At safepoint: 11100 ns, Total: 77900 ns
[2024-09-08T15:20:25.446+0000][11340][info ][safepoint   ] Safepoint "Cleanup", Time since last: 5038200200 ns, Reaching safepoint: 33600 ns, Cleanup: 36100 ns, At safepoint: 14200 ns, Total: 83900 ns
[2024-09-08T15:20:28.472+0000][11340][info ][safepoint   ] Safepoint "Cleanup", Time since last: 3026641200 ns, Reaching safepoint: 35300 ns, Cleanup: 32000 ns, At safepoint: 13700 ns, Total: 81000 ns
[2024-09-08T15:20:29.485+0000][11340][info ][safepoint   ] Safepoint "Cleanup", Time since last: 1013201700 ns, Reaching safepoint: 34400 ns, Cleanup: 27500 ns, At safepoint: 13600 ns, Total: 75500 ns
[2024-09-08T15:20:34.537+0000][11340][info ][safepoint   ] Safepoint "Cleanup", Time since last: 5051352100 ns, Reaching safepoint: 33000 ns, Cleanup: 25300 ns, At safepoint: 10000 ns, Total: 68300 ns
[2024-09-08T15:20:35.546+0000][11340][info ][safepoint   ] Safepoint "Cleanup", Time since last: 1009180000 ns, Reaching safepoint: 25400 ns, Cleanup: 24700 ns, At safepoint: 11400 ns, Total: 61500 ns
[2024-09-08T15:20:36.552+0000][11340][info ][safepoint   ] Safepoint "Cleanup", Time since last: 1005430000 ns, Reaching safepoint: 50200 ns, Cleanup: 28000 ns, At safepoint: 13300 ns, Total: 91500 ns
[2024-09-08T15:20:37.560+0000][11340][info ][safepoint   ] Safepoint "Cleanup", Time since last: 1008256000 ns, Reaching safepoint: 34700 ns, Cleanup: 33700 ns, At safepoint: 15700 ns, Total: 84100 ns
[2024-09-08T15:20:38.573+0000][11340][info ][safepoint   ] Safepoint "Cleanup", Time since last: 1012826500 ns, Reaching safepoint: 36300 ns, Cleanup: 28100 ns, At safepoint: 13600 ns, Total: 78000 ns
[2024-09-08T15:20:39.576+0000][11340][info ][safepoint   ] Safepoint "Cleanup", Time since last: 1002567700 ns, Reaching safepoint: 33900 ns, Cleanup: 26800 ns, At safepoint: 13600 ns, Total: 74300 ns
[2024-09-08T15:20:40.584+0000][11340][info ][safepoint   ] Safepoint "Cleanup", Time since last: 1008476000 ns, Reaching safepoint: 35900 ns, Cleanup: 33400 ns, At safepoint: 11600 ns, Total: 80900 ns
[2024-09-08T15:20:42.606+0000][11340][info ][safepoint   ] Safepoint "Cleanup", Time since last: 2021284900 ns, Reaching safepoint: 32700 ns, Cleanup: 37300 ns, At safepoint: 12400 ns, Total: 82400 ns
[2024-09-08T15:20:45.634+0000][11340][info ][safepoint   ] Safepoint "Cleanup", Time since last: 3028792900 ns, Reaching safepoint: 22000 ns, Cleanup: 26500 ns, At safepoint: 9100 ns, Total: 57600 ns
[2024-09-08T15:20:46.636+0000][11340][info ][safepoint   ] Safepoint "Cleanup", Time since last: 1001714200 ns, Reaching safepoint: 33000 ns, Cleanup: 46900 ns, At safepoint: 11100 ns, Total: 91000 ns
[2024-09-08T15:20:50.665+0000][11340][info ][safepoint   ] Safepoint "Cleanup", Time since last: 4029260000 ns, Reaching safepoint: 31100 ns, Cleanup: 240200 ns, At safepoint: 11800 ns, Total: 283100 ns
[2024-09-08T15:20:56.703+0000][11340][info ][safepoint   ] Safepoint "Cleanup", Time since last: 6037262900 ns, Reaching safepoint: 64000 ns, Cleanup: 52300 ns, At safepoint: 30400 ns, Total: 146700 ns
[2024-09-08T15:21:01.232+0000][11340][info ][safepoint   ] Safepoint "Cleanup", Time since last: 4529296500 ns, Reaching safepoint: 33900 ns, Cleanup: 58200 ns, At safepoint: 28700 ns, Total: 120800 ns
[2024-09-08T15:21:07.269+0000][11340][info ][safepoint   ] Safepoint "Cleanup", Time since last: 6035909400 ns, Reaching safepoint: 33300 ns, Cleanup: 28300 ns, At safepoint: 13000 ns, Total: 74600 ns
[2024-09-08T15:21:09.282+0000][11340][info ][safepoint   ] Safepoint "Cleanup", Time since last: 2013311900 ns, Reaching safepoint: 21700 ns, Cleanup: 20500 ns, At safepoint: 10700 ns, Total: 52900 ns
[2024-09-08T15:21:12.310+0000][11340][info ][safepoint   ] Safepoint "Cleanup", Time since last: 3028494100 ns, Reaching safepoint: 38000 ns, Cleanup: 36200 ns, At safepoint: 12500 ns, Total: 86700 ns
[2024-09-08T15:21:15.335+0000][11340][info ][safepoint   ] Safepoint "Cleanup", Time since last: 3024392900 ns, Reaching safepoint: 30800 ns, Cleanup: 29700 ns, At safepoint: 23300 ns, Total: 83800 ns
[2024-09-08T15:21:19.349+0000][11340][info ][safepoint   ] Safepoint "Cleanup", Time since last: 4013774600 ns, Reaching safepoint: 29800 ns, Cleanup: 29100 ns, At safepoint: 8000 ns, Total: 66900 ns
[2024-09-08T15:21:20.352+0000][11340][info ][safepoint   ] Safepoint "Cleanup", Time since last: 1003571900 ns, Reaching safepoint: 43400 ns, Cleanup: 21400 ns, At safepoint: 6300 ns, Total: 71100 ns
[2024-09-08T15:21:21.361+0000][11340][info ][safepoint   ] Safepoint "Cleanup", Time since last: 1008553600 ns, Reaching safepoint: 36400 ns, Cleanup: 29800 ns, At safepoint: 31600 ns, Total: 97800 ns
[2024-09-08T15:21:23.372+0000][11340][info ][safepoint   ] Safepoint "Cleanup", Time since last: 2010481400 ns, Reaching safepoint: 40500 ns, Cleanup: 33800 ns, At safepoint: 17200 ns, Total: 91500 ns
[2024-09-08T15:21:24.379+0000][11340][info ][safepoint   ] Safepoint "Cleanup", Time since last: 1007906900 ns, Reaching safepoint: 21800 ns, Cleanup: 16600 ns, At safepoint: 6600 ns, Total: 45000 ns
[2024-09-08T15:21:26.390+0000][11340][info ][safepoint   ] Safepoint "Cleanup", Time since last: 2009998500 ns, Reaching safepoint: 27500 ns, Cleanup: 28000 ns, At safepoint: 10600 ns, Total: 66100 ns
[2024-09-08T15:21:30.405+0000][11340][info ][safepoint   ] Safepoint "Cleanup", Time since last: 4014981900 ns, Reaching safepoint: 19900 ns, Cleanup: 20800 ns, At safepoint: 10600 ns, Total: 51300 ns
[2024-09-08T15:21:31.408+0000][11340][info ][safepoint   ] Safepoint "Cleanup", Time since last: 1003274100 ns, Reaching safepoint: 33400 ns, Cleanup: 25000 ns, At safepoint: 14800 ns, Total: 73200 ns
[2024-09-08T15:21:34.420+0000][11340][info ][safepoint   ] Safepoint "Cleanup", Time since last: 3012116500 ns, Reaching safepoint: 40800 ns, Cleanup: 34900 ns, At safepoint: 10700 ns, Total: 86400 ns
[2024-09-08T15:21:35.427+0000][11340][info ][safepoint   ] Safepoint "Cleanup", Time since last: 1007089100 ns, Reaching safepoint: 37400 ns, Cleanup: 19300 ns, At safepoint: 8700 ns, Total: 65400 ns
[2024-09-08T15:21:41.484+0000][11340][info ][safepoint   ] Safepoint "Cleanup", Time since last: 6056070300 ns, Reaching safepoint: 30100 ns, Cleanup: 69000 ns, At safepoint: 11000 ns, Total: 110100 ns
[2024-09-08T15:21:42.491+0000][11340][info ][safepoint   ] Safepoint "Cleanup", Time since last: 1007740100 ns, Reaching safepoint: 24100 ns, Cleanup: 20700 ns, At safepoint: 8600 ns, Total: 53400 ns
[2024-09-08T15:21:47.521+0000][11340][info ][safepoint   ] Safepoint "Cleanup", Time since last: 5029156200 ns, Reaching safepoint: 74400 ns, Cleanup: 24400 ns, At safepoint: 11600 ns, Total: 110400 ns
[2024-09-08T15:21:48.526+0000][11340][info ][safepoint   ] Safepoint "Cleanup", Time since last: 1005396700 ns, Reaching safepoint: 33500 ns, Cleanup: 27600 ns, At safepoint: 14600 ns, Total: 75700 ns
[2024-09-08T15:21:50.543+0000][11340][info ][safepoint   ] Safepoint "Cleanup", Time since last: 2017017900 ns, Reaching safepoint: 24200 ns, Cleanup: 86000 ns, At safepoint: 11100 ns, Total: 121300 ns
[2024-09-08T15:21:55.555+0000][11340][info ][safepoint   ] Safepoint "Cleanup", Time since last: 5011394400 ns, Reaching safepoint: 24200 ns, Cleanup: 35200 ns, At safepoint: 7400 ns, Total: 66800 ns
[2024-09-08T15:22:02.340+0000][11340][info ][safepoint   ] Safepoint "Cleanup", Time since last: 6785611400 ns, Reaching safepoint: 27500 ns, Cleanup: 23300 ns, At safepoint: 12900 ns, Total: 63700 ns
[2024-09-08T15:22:07.349+0000][11340][info ][safepoint   ] Safepoint "Cleanup", Time since last: 5008725200 ns, Reaching safepoint: 45900 ns, Cleanup: 38200 ns, At safepoint: 23800 ns, Total: 107900 ns
[2024-09-08T15:22:11.357+0000][11340][info ][safepoint   ] Safepoint "Cleanup", Time since last: 4008169500 ns, Reaching safepoint: 21300 ns, Cleanup: 17200 ns, At safepoint: 6500 ns, Total: 45000 ns
[2024-09-08T15:22:12.362+0000][11340][info ][safepoint   ] Safepoint "Cleanup", Time since last: 1004867700 ns, Reaching safepoint: 37100 ns, Cleanup: 31300 ns, At safepoint: 15500 ns, Total: 83900 ns
[2024-09-08T15:22:20.411+0000][11340][info ][safepoint   ] Safepoint "Cleanup", Time since last: 8048715500 ns, Reaching safepoint: 35600 ns, Cleanup: 20300 ns, At safepoint: 8800 ns, Total: 64700 ns
[2024-09-08T15:22:21.423+0000][11340][info ][safepoint   ] Safepoint "Cleanup", Time since last: 1011443200 ns, Reaching safepoint: 61700 ns, Cleanup: 69100 ns, At safepoint: 11100 ns, Total: 141900 ns
[2024-09-08T15:22:22.527+0000][11340][info ][safepoint   ] Safepoint "Cleanup", Time since last: 1109028800 ns, Reaching safepoint: 17000 ns, Cleanup: 143000 ns, At safepoint: 11100 ns, Total: 171100 ns
[2024-09-08T15:22:22.993+0000][11340][info ][safepoint   ] Safepoint "ICBufferFull", Time since last: 469575000 ns, Reaching safepoint: 31900 ns, Cleanup: 177500 ns, At safepoint: 25300 ns, Total: 234700 ns
[2024-09-08T15:22:23.196+0000][11340][info ][safepoint   ] Safepoint "ICBufferFull", Time since last: 200366000 ns, Reaching safepoint: 32300 ns, Cleanup: 223700 ns, At safepoint: 26500 ns, Total: 282500 ns
[2024-09-08T15:22:24.204+0000][11340][info ][safepoint   ] Safepoint "Cleanup", Time since last: 1001446400 ns, Reaching safepoint: 28200 ns, Cleanup: 91800 ns, At safepoint: 34500 ns, Total: 154500 ns
[2024-09-08T15:22:25.578+0000][11340][info ][safepoint   ] Safepoint "ICBufferFull", Time since last: 1383541100 ns, Reaching safepoint: 522700 ns, Cleanup: 199800 ns, At safepoint: 28400 ns, Total: 750900 ns
[2024-09-08T15:22:25.768+0000][11340][info ][safepoint   ] Safepoint "ICBufferFull", Time since last: 190901600 ns, Reaching safepoint: 29400 ns, Cleanup: 185400 ns, At safepoint: 25800 ns, Total: 240600 ns
[2024-09-08T15:22:26.212+0000][11340][info ][safepoint   ] Safepoint "ICBufferFull", Time since last: 445367000 ns, Reaching safepoint: 31300 ns, Cleanup: 260100 ns, At safepoint: 12100 ns, Total: 303500 ns
[2024-09-08T15:22:26.339+0000][11340][info ][safepoint   ] Safepoint "ICBufferFull", Time since last: 123296500 ns, Reaching safepoint: 22700 ns, Cleanup: 153400 ns, At safepoint: 16000 ns, Total: 192100 ns
[2024-09-08T15:22:28.097+0000][11340][info ][safepoint   ] Safepoint "Cleanup", Time since last: 1748336700 ns, Reaching safepoint: 32000 ns, Cleanup: 143700 ns, At safepoint: 16000 ns, Total: 191700 ns
[2024-09-08T15:22:29.105+0000][11340][info ][safepoint   ] Safepoint "Cleanup", Time since last: 1007841600 ns, Reaching safepoint: 55300 ns, Cleanup: 31600 ns, At safepoint: 14400 ns, Total: 101300 ns
[2024-09-08T15:22:31.128+0000][11340][info ][safepoint   ] Safepoint "Cleanup", Time since last: 2022686700 ns, Reaching safepoint: 33300 ns, Cleanup: 21800 ns, At safepoint: 25300 ns, Total: 80400 ns
[2024-09-08T15:22:33.148+0000][11340][info ][safepoint   ] Safepoint "Cleanup", Time since last: 2019894200 ns, Reaching safepoint: 32800 ns, Cleanup: 24300 ns, At safepoint: 46900 ns, Total: 104000 ns
[2024-09-08T15:22:33.383+0000][11340][info ][safepoint   ] Safepoint "ICBufferFull", Time since last: 240621400 ns, Reaching safepoint: 121900 ns, Cleanup: 217300 ns, At safepoint: 31200 ns, Total: 370400 ns
[2024-09-08T15:22:33.559+0000][11340][info ][safepoint   ] Safepoint "ICBufferFull", Time since last: 172793800 ns, Reaching safepoint: 56100 ns, Cleanup: 238700 ns, At safepoint: 17000 ns, Total: 311800 ns
[2024-09-08T15:22:33.827+0000][11340][info ][safepoint   ] Safepoint "ICBufferFull", Time since last: 265860500 ns, Reaching safepoint: 35000 ns, Cleanup: 248000 ns, At safepoint: 12900 ns, Total: 295900 ns
[2024-09-08T15:22:34.205+0000][11340][info ][safepoint   ] Safepoint "ICBufferFull", Time since last: 385761400 ns, Reaching safepoint: 19100 ns, Cleanup: 159200 ns, At safepoint: 31900 ns, Total: 210200 ns
[2024-09-08T15:22:34.537+0000][11340][info ][safepoint   ] Safepoint "ICBufferFull", Time since last: 335341800 ns, Reaching safepoint: 27900 ns, Cleanup: 208900 ns, At safepoint: 14200 ns, Total: 251000 ns
[2024-09-08T15:22:34.839+0000][11340][info ][gc,start    ] GC(12) Pause Young (Normal) (G1 Evacuation Pause)
[2024-09-08T15:22:34.839+0000][11340][info ][gc,task     ] GC(12) Using 8 workers of 8 for evacuation
[2024-09-08T15:22:34.839+0000][11340][debug][gc,age      ] GC(12) Desired survivor size 41943040 bytes, new threshold 1 (max threshold 15)
[2024-09-08T15:22:35.187+0000][11340][info ][gc,mmu      ] GC(12) MMU target violated: 201.0ms (200.0ms/201.0ms)
[2024-09-08T15:22:35.187+0000][11340][info ][gc,phases   ] GC(12)   Pre Evacuate Collection Set: 0.74ms
[2024-09-08T15:22:35.187+0000][11340][info ][gc,phases   ] GC(12)   Merge Heap Roots: 0.18ms
[2024-09-08T15:22:35.187+0000][11340][info ][gc,phases   ] GC(12)   Evacuate Collection Set: 338.29ms
[2024-09-08T15:22:35.187+0000][11340][info ][gc,phases   ] GC(12)   Post Evacuate Collection Set: 11.65ms
[2024-09-08T15:22:35.187+0000][11340][info ][gc,phases   ] GC(12)   Other: 0.44ms
[2024-09-08T15:22:35.187+0000][11340][trace][gc,age      ] GC(12) Age table with threshold 1 (max threshold 15)
[2024-09-08T15:22:35.187+0000][11340][trace][gc,age      ] GC(12) - age   1:   28292864 bytes,   28292864 total
[2024-09-08T15:22:35.187+0000][11340][info ][gc,heap     ] GC(12) Eden regions: 126->0(195)
[2024-09-08T15:22:35.187+0000][11340][info ][gc,heap     ] GC(12) Survivor regions: 27->10(20)
[2024-09-08T15:22:35.187+0000][11340][info ][gc,heap     ] GC(12) Old regions: 0->25
[2024-09-08T15:22:35.187+0000][11340][info ][gc,heap     ] GC(12) Humongous regions: 2->2
[2024-09-08T15:22:35.187+0000][11340][info ][gc,metaspace] GC(12) Metaspace: 148509K(153024K)->148509K(153024K) NonClass: 127682K(130176K)->127682K(130176K) Class: 20826K(22848K)->20826K(22848K)
[2024-09-08T15:22:35.187+0000][11340][info ][gc          ] GC(12) Pause Young (Normal) (G1 Evacuation Pause) 619M->147M(3964M) 352.210ms
[2024-09-08T15:22:35.187+0000][11340][info ][gc,cpu      ] GC(12) User=0.69s Sys=1.72s Real=0.35s
[2024-09-08T15:22:35.187+0000][11340][info ][safepoint   ] Safepoint "G1CollectForAllocation", Time since last: 288870100 ns, Reaching safepoint: 48900 ns, Cleanup: 181200 ns, At safepoint: 352479200 ns, Total: 352709300 ns
[2024-09-08T15:22:35.740+0000][11340][info ][safepoint   ] Safepoint "ICBufferFull", Time since last: 550565300 ns, Reaching safepoint: 765700 ns, Cleanup: 161400 ns, At safepoint: 22700 ns, Total: 949800 ns
[2024-09-08T15:22:36.464+0000][11340][info ][gc,start    ] GC(13) Pause Young (Concurrent Start) (CodeCache GC Threshold)
[2024-09-08T15:22:36.464+0000][11340][info ][gc,task     ] GC(13) Using 8 workers of 8 for evacuation
[2024-09-08T15:22:36.464+0000][11340][debug][gc,age      ] GC(13) Desired survivor size 54525952 bytes, new threshold 15 (max threshold 15)
[2024-09-08T15:22:36.484+0000][11340][info ][gc,phases   ] GC(13)   Pre Evacuate Collection Set: 0.55ms
[2024-09-08T15:22:36.484+0000][11340][info ][gc,phases   ] GC(13)   Merge Heap Roots: 0.18ms
[2024-09-08T15:22:36.484+0000][11340][info ][gc,phases   ] GC(13)   Evacuate Collection Set: 16.60ms
[2024-09-08T15:22:36.484+0000][11340][info ][gc,phases   ] GC(13)   Post Evacuate Collection Set: 1.82ms
[2024-09-08T15:22:36.484+0000][11340][info ][gc,phases   ] GC(13)   Other: 1.30ms
[2024-09-08T15:22:36.484+0000][11340][trace][gc,age      ] GC(13) Age table with threshold 15 (max threshold 15)
[2024-09-08T15:22:36.484+0000][11340][trace][gc,age      ] GC(13) - age   1:    2039616 bytes,    2039616 total
[2024-09-08T15:22:36.484+0000][11340][trace][gc,age      ] GC(13) - age   2:   27092840 bytes,   29132456 total
[2024-09-08T15:22:36.484+0000][11340][info ][gc,heap     ] GC(13) Eden regions: 55->0(413)
[2024-09-08T15:22:36.484+0000][11340][info ][gc,heap     ] GC(13) Survivor regions: 10->9(26)
[2024-09-08T15:22:36.484+0000][11340][info ][gc,heap     ] GC(13) Old regions: 25->25
[2024-09-08T15:22:36.484+0000][11340][info ][gc,heap     ] GC(13) Humongous regions: 2->2
[2024-09-08T15:22:36.484+0000][11340][info ][gc,metaspace] GC(13) Metaspace: 149479K(153984K)->149479K(153984K) NonClass: 128555K(131072K)->128555K(131072K) Class: 20924K(22912K)->20924K(22912K)
[2024-09-08T15:22:36.484+0000][11340][info ][gc          ] GC(13) Pause Young (Concurrent Start) (CodeCache GC Threshold) 366M->142M(3964M) 21.281ms
[2024-09-08T15:22:36.485+0000][11340][info ][gc          ] GC(14) Concurrent Mark Cycle
[2024-09-08T15:22:36.485+0000][11340][info ][gc,cpu      ] GC(13) User=0.05s Sys=0.02s Real=0.02s
[2024-09-08T15:22:36.485+0000][11340][info ][gc,marking  ] GC(14) Concurrent Scan Root Regions
[2024-09-08T15:22:36.485+0000][11340][info ][safepoint   ] Safepoint "G1TryInitiateConcMark", Time since last: 720695800 ns, Reaching safepoint: 87700 ns, Cleanup: 286600 ns, At safepoint: 21601600 ns, Total: 21975900 ns
[2024-09-08T15:22:36.485+0000][11340][info ][gc,marking  ] GC(14) Concurrent Scan Root Regions 8.925ms
[2024-09-08T15:22:36.485+0000][11340][info ][gc,marking  ] GC(14) Concurrent Mark
[2024-09-08T15:22:36.485+0000][11340][info ][gc,marking  ] GC(14) Concurrent Mark From Roots
[2024-09-08T15:22:36.485+0000][11340][info ][gc,task     ] GC(14) Using 2 workers of 2 for marking
[2024-09-08T15:22:36.698+0000][11340][info ][gc,marking  ] GC(14) Concurrent Mark From Roots 210.153ms
[2024-09-08T15:22:36.705+0000][11340][info ][gc,marking  ] GC(14) Concurrent Preclean
[2024-09-08T15:22:36.705+0000][11340][info ][gc,marking  ] GC(14) Concurrent Preclean 2.014ms
[2024-09-08T15:22:36.705+0000][11340][info ][gc,start    ] GC(14) Pause Remark
[2024-09-08T15:22:36.931+0000][11340][info ][gc,mmu      ] GC(14) MMU target violated: 201.0ms (200.0ms/201.0ms)
[2024-09-08T15:22:36.931+0000][11340][info ][gc          ] GC(14) Pause Remark 165M->165M(3964M) 225.552ms
[2024-09-08T15:22:36.931+0000][11340][info ][gc,cpu      ] GC(14) User=0.12s Sys=0.31s Real=0.23s
[2024-09-08T15:22:36.931+0000][11340][info ][safepoint   ] Safepoint "G1PauseRemark", Time since last: 221645200 ns, Reaching safepoint: 34700 ns, Cleanup: 44900 ns, At safepoint: 225733100 ns, Total: 225812700 ns
[2024-09-08T15:22:36.931+0000][11340][info ][gc,marking  ] GC(14) Concurrent Mark 438.527ms
[2024-09-08T15:22:36.931+0000][11340][info ][gc,marking  ] GC(14) Concurrent Rebuild Remembered Sets and Scrub Regions
[2024-09-08T15:22:37.022+0000][11340][info ][gc,marking  ] GC(14) Concurrent Rebuild Remembered Sets and Scrub Regions 89.398ms
[2024-09-08T15:22:37.022+0000][11340][info ][gc,start    ] GC(14) Pause Cleanup
[2024-09-08T15:22:37.022+0000][11340][info ][gc          ] GC(14) Pause Cleanup 177M->177M(3964M) 0.701ms
[2024-09-08T15:22:37.022+0000][11340][info ][gc,cpu      ] GC(14) User=0.00s Sys=0.00s Real=0.00s
[2024-09-08T15:22:37.022+0000][11340][info ][safepoint   ] Safepoint "G1PauseCleanup", Time since last: 89716100 ns, Reaching safepoint: 408800 ns, Cleanup: 178500 ns, At safepoint: 1078800 ns, Total: 1666100 ns
[2024-09-08T15:22:37.022+0000][11340][info ][gc,marking  ] GC(14) Concurrent Clear Claimed Marks
[2024-09-08T15:22:37.022+0000][11340][info ][gc,marking  ] GC(14) Concurrent Clear Claimed Marks 0.715ms
[2024-09-08T15:22:37.022+0000][11340][info ][gc,marking  ] GC(14) Concurrent Cleanup for Next Mark
[2024-09-08T15:22:37.046+0000][11340][info ][gc,marking  ] GC(14) Concurrent Cleanup for Next Mark 22.159ms
[2024-09-08T15:22:37.046+0000][11340][info ][gc          ] GC(14) Concurrent Mark Cycle 562.230ms
[2024-09-08T15:22:37.719+0000][11340][info ][safepoint   ] Safepoint "ICBufferFull", Time since last: 695925700 ns, Reaching safepoint: 31000 ns, Cleanup: 294500 ns, At safepoint: 24500 ns, Total: 350000 ns
[2024-09-08T15:22:38.067+0000][11340][info ][safepoint   ] Safepoint "ICBufferFull", Time since last: 349080500 ns, Reaching safepoint: 67200 ns, Cleanup: 248700 ns, At safepoint: 19700 ns, Total: 335600 ns
[2024-09-08T15:22:38.514+0000][11340][info ][safepoint   ] Safepoint "ICBufferFull", Time since last: 447399800 ns, Reaching safepoint: 46500 ns, Cleanup: 256900 ns, At safepoint: 41600 ns, Total: 345000 ns
[2024-09-08T15:22:39.301+0000][11340][info ][safepoint   ] Safepoint "ICBufferFull", Time since last: 789032600 ns, Reaching safepoint: 95200 ns, Cleanup: 281200 ns, At safepoint: 29300 ns, Total: 405700 ns
[2024-09-08T15:22:39.666+0000][11340][info ][safepoint   ] Safepoint "ICBufferFull", Time since last: 358838700 ns, Reaching safepoint: 37800 ns, Cleanup: 196600 ns, At safepoint: 14300 ns, Total: 248700 ns
[2024-09-08T15:22:39.953+0000][11340][info ][safepoint   ] Safepoint "ICBufferFull", Time since last: 290276900 ns, Reaching safepoint: 46200 ns, Cleanup: 218400 ns, At safepoint: 21000 ns, Total: 285600 ns
[2024-09-08T15:22:40.527+0000][11340][info ][safepoint   ] Safepoint "ICBufferFull", Time since last: 571801500 ns, Reaching safepoint: 33600 ns, Cleanup: 237100 ns, At safepoint: 21400 ns, Total: 292100 ns
[2024-09-08T15:22:40.876+0000][11340][info ][safepoint   ] Safepoint "ICBufferFull", Time since last: 349201700 ns, Reaching safepoint: 84500 ns, Cleanup: 286200 ns, At safepoint: 39100 ns, Total: 409800 ns
[2024-09-08T15:22:41.382+0000][11340][info ][safepoint   ] Safepoint "ICBufferFull", Time since last: 515972500 ns, Reaching safepoint: 57700 ns, Cleanup: 284600 ns, At safepoint: 19700 ns, Total: 362000 ns
[2024-09-08T15:22:41.811+0000][11340][info ][safepoint   ] Safepoint "ICBufferFull", Time since last: 425424400 ns, Reaching safepoint: 85000 ns, Cleanup: 288900 ns, At safepoint: 41500 ns, Total: 415400 ns
[2024-09-08T15:22:42.311+0000][11340][info ][safepoint   ] Safepoint "ICBufferFull", Time since last: 491225500 ns, Reaching safepoint: 36400 ns, Cleanup: 237100 ns, At safepoint: 15300 ns, Total: 288800 ns
[2024-09-08T15:22:43.194+0000][11340][info ][safepoint   ] Safepoint "ICBufferFull", Time since last: 891936700 ns, Reaching safepoint: 37700 ns, Cleanup: 184800 ns, At safepoint: 12800 ns, Total: 235300 ns
[2024-09-08T15:22:44.331+0000][11340][info ][safepoint   ] Safepoint "ICBufferFull", Time since last: 1127608900 ns, Reaching safepoint: 184900 ns, Cleanup: 273600 ns, At safepoint: 16100 ns, Total: 474600 ns
[2024-09-08T15:22:44.760+0000][11340][info ][safepoint   ] Safepoint "ICBufferFull", Time since last: 427463700 ns, Reaching safepoint: 175200 ns, Cleanup: 279100 ns, At safepoint: 38000 ns, Total: 492300 ns
[2024-09-08T15:22:45.045+0000][11340][info ][safepoint   ] Safepoint "ICBufferFull", Time since last: 293243000 ns, Reaching safepoint: 29700 ns, Cleanup: 210600 ns, At safepoint: 17900 ns, Total: 258200 ns
[2024-09-08T15:22:46.390+0000][11340][info ][safepoint   ] Safepoint "Cleanup", Time since last: 1335536400 ns, Reaching safepoint: 26700 ns, Cleanup: 102300 ns, At safepoint: 10100 ns, Total: 139100 ns
[2024-09-08T15:22:47.402+0000][11340][info ][safepoint   ] Safepoint "Cleanup", Time since last: 1012673700 ns, Reaching safepoint: 34400 ns, Cleanup: 66700 ns, At safepoint: 13900 ns, Total: 115000 ns
[2024-09-08T15:22:48.408+0000][11340][info ][safepoint   ] Safepoint "Cleanup", Time since last: 1005727400 ns, Reaching safepoint: 22100 ns, Cleanup: 43800 ns, At safepoint: 7300 ns, Total: 73200 ns
[2024-09-08T15:22:50.396+0000][11340][info ][safepoint   ] Safepoint "Cleanup", Time since last: 1987785600 ns, Reaching safepoint: 198300 ns, Cleanup: 84400 ns, At safepoint: 22000 ns, Total: 304700 ns
[2024-09-08T15:22:51.405+0000][11340][info ][safepoint   ] Safepoint "Cleanup", Time since last: 1008812900 ns, Reaching safepoint: 34700 ns, Cleanup: 48300 ns, At safepoint: 13400 ns, Total: 96400 ns
[2024-09-08T15:22:53.416+0000][11340][info ][safepoint   ] Safepoint "Cleanup", Time since last: 2010771900 ns, Reaching safepoint: 81100 ns, Cleanup: 56500 ns, At safepoint: 24800 ns, Total: 162400 ns
[2024-09-08T15:22:54.770+0000][11340][info ][safepoint   ] Safepoint "Cleanup", Time since last: 1353607600 ns, Reaching safepoint: 169600 ns, Cleanup: 70300 ns, At safepoint: 12900 ns, Total: 252800 ns
[2024-09-08T15:22:56.782+0000][11340][info ][safepoint   ] Safepoint "Cleanup", Time since last: 2011766000 ns, Reaching safepoint: 36300 ns, Cleanup: 63700 ns, At safepoint: 12900 ns, Total: 112900 ns
[2024-09-08T15:22:57.784+0000][11340][info ][safepoint   ] Safepoint "Cleanup", Time since last: 1002119100 ns, Reaching safepoint: 32100 ns, Cleanup: 25900 ns, At safepoint: 13400 ns, Total: 71400 ns
[2024-09-08T15:22:58.794+0000][11340][info ][safepoint   ] Safepoint "Cleanup", Time since last: 1009774600 ns, Reaching safepoint: 42200 ns, Cleanup: 39500 ns, At safepoint: 9700 ns, Total: 91400 ns
[2024-09-08T15:23:00.507+0000][11340][info ][safepoint   ] Safepoint "Cleanup", Time since last: 1713458900 ns, Reaching safepoint: 37700 ns, Cleanup: 53500 ns, At safepoint: 11600 ns, Total: 102800 ns
[2024-09-08T15:23:02.522+0000][11340][info ][safepoint   ] Safepoint "Cleanup", Time since last: 2014488100 ns, Reaching safepoint: 31900 ns, Cleanup: 55900 ns, At safepoint: 11400 ns, Total: 99200 ns
[2024-09-08T15:23:03.526+0000][11340][info ][safepoint   ] Safepoint "Cleanup", Time since last: 1003960600 ns, Reaching safepoint: 33800 ns, Cleanup: 88300 ns, At safepoint: 16600 ns, Total: 138700 ns
[2024-09-08T15:23:04.540+0000][11340][info ][safepoint   ] Safepoint "Cleanup", Time since last: 1013995100 ns, Reaching safepoint: 31600 ns, Cleanup: 62400 ns, At safepoint: 21100 ns, Total: 115100 ns
[2024-09-08T15:23:05.545+0000][11340][info ][safepoint   ] Safepoint "Cleanup", Time since last: 1004948700 ns, Reaching safepoint: 116500 ns, Cleanup: 51200 ns, At safepoint: 9900 ns, Total: 177600 ns
[2024-09-08T15:23:06.552+0000][11340][info ][safepoint   ] Safepoint "Cleanup", Time since last: 1006829800 ns, Reaching safepoint: 44300 ns, Cleanup: 32500 ns, At safepoint: 13500 ns, Total: 90300 ns
[2024-09-08T15:23:08.560+0000][11340][info ][safepoint   ] Safepoint "Cleanup", Time since last: 2008067300 ns, Reaching safepoint: 29300 ns, Cleanup: 45900 ns, At safepoint: 13100 ns, Total: 88300 ns
[2024-09-08T15:23:11.580+0000][11340][info ][safepoint   ] Safepoint "Cleanup", Time since last: 3019771200 ns, Reaching safepoint: 60200 ns, Cleanup: 60200 ns, At safepoint: 14000 ns, Total: 134400 ns
[2024-09-08T15:23:12.582+0000][11340][info ][safepoint   ] Safepoint "Cleanup", Time since last: 1001414000 ns, Reaching safepoint: 30900 ns, Cleanup: 31500 ns, At safepoint: 11600 ns, Total: 74000 ns
[2024-09-08T15:23:13.592+0000][11340][info ][safepoint   ] Safepoint "Cleanup", Time since last: 1010167400 ns, Reaching safepoint: 43000 ns, Cleanup: 41100 ns, At safepoint: 11300 ns, Total: 95400 ns
[2024-09-08T15:23:14.974+0000][11340][info ][safepoint   ] Safepoint "Cleanup", Time since last: 1382021800 ns, Reaching safepoint: 60700 ns, Cleanup: 180800 ns, At safepoint: 33200 ns, Total: 274700 ns
[2024-09-08T15:23:15.978+0000][11340][info ][safepoint   ] Safepoint "Cleanup", Time since last: 1003236900 ns, Reaching safepoint: 39600 ns, Cleanup: 44800 ns, At safepoint: 16800 ns, Total: 101200 ns
[2024-09-08T15:23:16.981+0000][11340][info ][safepoint   ] Safepoint "Cleanup", Time since last: 1003380200 ns, Reaching safepoint: 49200 ns, Cleanup: 45400 ns, At safepoint: 12000 ns, Total: 106600 ns
[2024-09-08T15:23:17.988+0000][11340][info ][safepoint   ] Safepoint "Cleanup", Time since last: 1006780600 ns, Reaching safepoint: 53800 ns, Cleanup: 32500 ns, At safepoint: 30800 ns, Total: 117100 ns
[2024-09-08T15:23:18.990+0000][11340][info ][safepoint   ] Safepoint "Cleanup", Time since last: 1002052100 ns, Reaching safepoint: 29800 ns, Cleanup: 34800 ns, At safepoint: 10700 ns, Total: 75300 ns
[2024-09-08T15:23:20.005+0000][11340][info ][safepoint   ] Safepoint "Cleanup", Time since last: 1014481600 ns, Reaching safepoint: 37200 ns, Cleanup: 37300 ns, At safepoint: 20000 ns, Total: 94500 ns
[2024-09-08T15:23:21.011+0000][11340][info ][safepoint   ] Safepoint "Cleanup", Time since last: 1006203700 ns, Reaching safepoint: 30200 ns, Cleanup: 26200 ns, At safepoint: 10200 ns, Total: 66600 ns
[2024-09-08T15:23:22.026+0000][11340][info ][safepoint   ] Safepoint "Cleanup", Time since last: 1014971700 ns, Reaching safepoint: 115200 ns, Cleanup: 29500 ns, At safepoint: 22300 ns, Total: 167000 ns
[2024-09-08T15:23:24.040+0000][11340][info ][safepoint   ] Safepoint "Cleanup", Time since last: 2013627000 ns, Reaching safepoint: 30400 ns, Cleanup: 42600 ns, At safepoint: 8300 ns, Total: 81300 ns
[2024-09-08T15:23:25.112+0000][11340][info ][safepoint   ] Safepoint "Cleanup", Time since last: 1072001600 ns, Reaching safepoint: 71900 ns, Cleanup: 40800 ns, At safepoint: 33000 ns, Total: 145700 ns
[2024-09-08T15:23:27.128+0000][11340][info ][safepoint   ] Safepoint "Cleanup", Time since last: 2016026400 ns, Reaching safepoint: 33100 ns, Cleanup: 30000 ns, At safepoint: 12600 ns, Total: 75700 ns
[2024-09-08T15:23:29.152+0000][11340][info ][safepoint   ] Safepoint "Cleanup", Time since last: 2024232900 ns, Reaching safepoint: 23500 ns, Cleanup: 29400 ns, At safepoint: 12000 ns, Total: 64900 ns
[2024-09-08T15:23:30.161+0000][11340][info ][safepoint   ] Safepoint "Cleanup", Time since last: 1008249300 ns, Reaching safepoint: 34900 ns, Cleanup: 38800 ns, At safepoint: 12700 ns, Total: 86400 ns
[2024-09-08T15:23:33.191+0000][11340][info ][safepoint   ] Safepoint "Cleanup", Time since last: 3030465700 ns, Reaching safepoint: 35300 ns, Cleanup: 46600 ns, At safepoint: 16800 ns, Total: 98700 ns
[2024-09-08T15:23:34.195+0000][11340][info ][safepoint   ] Safepoint "Cleanup", Time since last: 1003428300 ns, Reaching safepoint: 38000 ns, Cleanup: 105600 ns, At safepoint: 16400 ns, Total: 160000 ns
[2024-09-08T15:23:35.465+0000][11340][info ][safepoint   ] Safepoint "Cleanup", Time since last: 1276634800 ns, Reaching safepoint: 17400 ns, Cleanup: 49800 ns, At safepoint: 10400 ns, Total: 77600 ns
[2024-09-08T15:23:36.016+0000][11340][info ][safepoint   ] Safepoint "ICBufferFull", Time since last: 557443400 ns, Reaching safepoint: 113500 ns, Cleanup: 495600 ns, At safepoint: 17400 ns, Total: 626500 ns
[2024-09-08T15:23:37.866+0000][11340][info ][safepoint   ] Safepoint "Cleanup", Time since last: 1836271900 ns, Reaching safepoint: 34600 ns, Cleanup: 161300 ns, At safepoint: 13100 ns, Total: 209000 ns
[2024-09-08T15:23:38.879+0000][11340][info ][safepoint   ] Safepoint "Cleanup", Time since last: 1012268400 ns, Reaching safepoint: 204700 ns, Cleanup: 46000 ns, At safepoint: 20500 ns, Total: 271200 ns
[2024-09-08T15:23:40.906+0000][11340][info ][safepoint   ] Safepoint "Cleanup", Time since last: 2027398300 ns, Reaching safepoint: 35300 ns, Cleanup: 27700 ns, At safepoint: 15100 ns, Total: 78100 ns
[2024-09-08T15:23:41.920+0000][11340][info ][safepoint   ] Safepoint "Cleanup", Time since last: 1013286000 ns, Reaching safepoint: 79500 ns, Cleanup: 99800 ns, At safepoint: 78800 ns, Total: 258100 ns
[2024-09-08T15:23:43.941+0000][11340][info ][safepoint   ] Safepoint "Cleanup", Time since last: 2021548900 ns, Reaching safepoint: 34400 ns, Cleanup: 27200 ns, At safepoint: 13500 ns, Total: 75100 ns
[2024-09-08T15:23:44.951+0000][11340][info ][safepoint   ] Safepoint "Cleanup", Time since last: 1009389100 ns, Reaching safepoint: 31300 ns, Cleanup: 54200 ns, At safepoint: 15000 ns, Total: 100500 ns
[2024-09-08T15:23:45.964+0000][11340][info ][safepoint   ] Safepoint "Cleanup", Time since last: 1013235000 ns, Reaching safepoint: 38800 ns, Cleanup: 27700 ns, At safepoint: 22600 ns, Total: 89100 ns
[2024-09-08T15:23:46.970+0000][11340][info ][safepoint   ] Safepoint "Cleanup", Time since last: 1006155800 ns, Reaching safepoint: 33300 ns, Cleanup: 31400 ns, At safepoint: 10200 ns, Total: 74900 ns
[2024-09-08T15:23:47.982+0000][11340][info ][safepoint   ] Safepoint "Cleanup", Time since last: 1011830300 ns, Reaching safepoint: 34800 ns, Cleanup: 111400 ns, At safepoint: 16800 ns, Total: 163000 ns
[2024-09-08T15:23:48.990+0000][11340][info ][safepoint   ] Safepoint "Cleanup", Time since last: 1007361100 ns, Reaching safepoint: 33500 ns, Cleanup: 25000 ns, At safepoint: 10700 ns, Total: 69200 ns
[2024-09-08T15:23:51.004+0000][11340][info ][safepoint   ] Safepoint "Cleanup", Time since last: 2014258100 ns, Reaching safepoint: 33400 ns, Cleanup: 44800 ns, At safepoint: 12100 ns, Total: 90300 ns
[2024-09-08T15:23:52.016+0000][11340][info ][safepoint   ] Safepoint "Cleanup", Time since last: 1011475200 ns, Reaching safepoint: 32700 ns, Cleanup: 27400 ns, At safepoint: 7100 ns, Total: 67200 ns
[2024-09-08T15:23:54.042+0000][11340][info ][safepoint   ] Safepoint "Cleanup", Time since last: 2025760200 ns, Reaching safepoint: 318000 ns, Cleanup: 34000 ns, At safepoint: 17800 ns, Total: 369800 ns
[2024-09-08T15:23:57.056+0000][11340][info ][safepoint   ] Safepoint "Cleanup", Time since last: 3014048800 ns, Reaching safepoint: 32100 ns, Cleanup: 45000 ns, At safepoint: 14200 ns, Total: 91300 ns
[2024-09-08T15:23:59.063+0000][11340][info ][safepoint   ] Safepoint "Cleanup", Time since last: 2006528700 ns, Reaching safepoint: 35900 ns, Cleanup: 32800 ns, At safepoint: 24900 ns, Total: 93600 ns
[2024-09-08T15:24:00.748+0000][11340][info ][safepoint   ] Safepoint "Cleanup", Time since last: 1685296200 ns, Reaching safepoint: 30200 ns, Cleanup: 43500 ns, At safepoint: 10700 ns, Total: 84400 ns
[2024-09-08T15:24:01.761+0000][11340][info ][safepoint   ] Safepoint "Cleanup", Time since last: 1012953100 ns, Reaching safepoint: 39700 ns, Cleanup: 35600 ns, At safepoint: 13700 ns, Total: 89000 ns
[2024-09-08T15:24:02.770+0000][11340][info ][safepoint   ] Safepoint "Cleanup", Time since last: 1008711000 ns, Reaching safepoint: 32700 ns, Cleanup: 25800 ns, At safepoint: 11100 ns, Total: 69600 ns
[2024-09-08T15:24:03.785+0000][11340][info ][safepoint   ] Safepoint "Cleanup", Time since last: 1014635600 ns, Reaching safepoint: 34200 ns, Cleanup: 35200 ns, At safepoint: 15500 ns, Total: 84900 ns
[2024-09-08T15:24:05.811+0000][11340][info ][safepoint   ] Safepoint "Cleanup", Time since last: 2026785500 ns, Reaching safepoint: 22000 ns, Cleanup: 17400 ns, At safepoint: 7700 ns, Total: 47100 ns
[2024-09-08T15:24:08.846+0000][11340][info ][safepoint   ] Safepoint "Cleanup", Time since last: 3034708900 ns, Reaching safepoint: 34600 ns, Cleanup: 36900 ns, At safepoint: 14900 ns, Total: 86400 ns
[2024-09-08T15:24:09.858+0000][11340][info ][safepoint   ] Safepoint "Cleanup", Time since last: 1011402500 ns, Reaching safepoint: 37600 ns, Cleanup: 28000 ns, At safepoint: 12600 ns, Total: 78200 ns
[2024-09-08T15:24:11.882+0000][11340][info ][safepoint   ] Safepoint "Cleanup", Time since last: 2023746100 ns, Reaching safepoint: 325300 ns, Cleanup: 57300 ns, At safepoint: 11900 ns, Total: 394500 ns
[2024-09-08T15:24:12.893+0000][11340][info ][safepoint   ] Safepoint "Cleanup", Time since last: 1011148300 ns, Reaching safepoint: 46200 ns, Cleanup: 28000 ns, At safepoint: 13100 ns, Total: 87300 ns
[2024-09-08T15:24:13.899+0000][11340][info ][safepoint   ] Safepoint "Cleanup", Time since last: 1005498300 ns, Reaching safepoint: 32300 ns, Cleanup: 23400 ns, At safepoint: 11000 ns, Total: 66700 ns
[2024-09-08T15:24:14.911+0000][11340][info ][safepoint   ] Safepoint "Cleanup", Time since last: 1011983400 ns, Reaching safepoint: 56900 ns, Cleanup: 24400 ns, At safepoint: 7200 ns, Total: 88500 ns
[2024-09-08T15:24:18.948+0000][11340][info ][safepoint   ] Safepoint "Cleanup", Time since last: 4037343300 ns, Reaching safepoint: 36900 ns, Cleanup: 45800 ns, At safepoint: 13500 ns, Total: 96200 ns
[2024-09-08T15:24:21.986+0000][11340][info ][safepoint   ] Safepoint "Cleanup", Time since last: 3037785800 ns, Reaching safepoint: 35400 ns, Cleanup: 30400 ns, At safepoint: 17200 ns, Total: 83000 ns
[2024-09-08T15:24:22.994+0000][11340][info ][safepoint   ] Safepoint "Cleanup", Time since last: 1007926700 ns, Reaching safepoint: 92800 ns, Cleanup: 32200 ns, At safepoint: 12900 ns, Total: 137900 ns
[2024-09-08T15:24:24.002+0000][11340][info ][safepoint   ] Safepoint "Cleanup", Time since last: 1007481600 ns, Reaching safepoint: 36200 ns, Cleanup: 109100 ns, At safepoint: 22600 ns, Total: 167900 ns
[2024-09-08T15:24:27.041+0000][11340][info ][safepoint   ] Safepoint "Cleanup", Time since last: 3038944300 ns, Reaching safepoint: 33100 ns, Cleanup: 28500 ns, At safepoint: 12300 ns, Total: 73900 ns
[2024-09-08T15:24:29.062+0000][11340][info ][safepoint   ] Safepoint "Cleanup", Time since last: 2020830500 ns, Reaching safepoint: 33100 ns, Cleanup: 35500 ns, At safepoint: 12100 ns, Total: 80700 ns
[2024-09-08T15:24:30.073+0000][11340][info ][safepoint   ] Safepoint "Cleanup", Time since last: 1011424300 ns, Reaching safepoint: 35100 ns, Cleanup: 29600 ns, At safepoint: 10900 ns, Total: 75600 ns
[2024-09-08T15:24:31.079+0000][11340][info ][safepoint   ] Safepoint "Cleanup", Time since last: 1005637000 ns, Reaching safepoint: 35500 ns, Cleanup: 59500 ns, At safepoint: 21200 ns, Total: 116200 ns
[2024-09-08T15:24:32.090+0000][11340][info ][safepoint   ] Safepoint "Cleanup", Time since last: 1011027500 ns, Reaching safepoint: 23900 ns, Cleanup: 41800 ns, At safepoint: 17400 ns, Total: 83100 ns
[2024-09-08T15:24:33.102+0000][11340][info ][safepoint   ] Safepoint "Cleanup", Time since last: 1011929600 ns, Reaching safepoint: 46800 ns, Cleanup: 38200 ns, At safepoint: 13100 ns, Total: 98100 ns
[2024-09-08T15:24:34.102+0000][11340][info ][safepoint   ] Safepoint "Cleanup", Time since last: 1000128400 ns, Reaching safepoint: 24800 ns, Cleanup: 50400 ns, At safepoint: 7600 ns, Total: 82800 ns
[2024-09-08T15:24:35.106+0000][11340][info ][safepoint   ] Safepoint "Cleanup", Time since last: 1003553300 ns, Reaching safepoint: 26200 ns, Cleanup: 19100 ns, At safepoint: 10700 ns, Total: 56000 ns
[2024-09-08T15:24:36.107+0000][11340][info ][safepoint   ] Safepoint "Cleanup", Time since last: 1001472400 ns, Reaching safepoint: 29000 ns, Cleanup: 106000 ns, At safepoint: 13100 ns, Total: 148100 ns
[2024-09-08T15:24:37.115+0000][11340][info ][safepoint   ] Safepoint "Cleanup", Time since last: 1007429700 ns, Reaching safepoint: 33300 ns, Cleanup: 35000 ns, At safepoint: 13500 ns, Total: 81800 ns
[2024-09-08T15:24:38.668+0000][11340][info ][safepoint   ] Safepoint "Cleanup", Time since last: 1553392300 ns, Reaching safepoint: 15700 ns, Cleanup: 55700 ns, At safepoint: 13900 ns, Total: 85300 ns
[2024-09-08T15:24:39.671+0000][11340][info ][safepoint   ] Safepoint "Cleanup", Time since last: 1006289500 ns, Reaching safepoint: 37700 ns, Cleanup: 276200 ns, At safepoint: 38400 ns, Total: 352300 ns
[2024-09-08T15:24:40.696+0000][11340][info ][safepoint   ] Safepoint "Cleanup", Time since last: 1022497900 ns, Reaching safepoint: 17800 ns, Cleanup: 303800 ns, At safepoint: 13200 ns, Total: 334800 ns
[2024-09-08T15:24:41.777+0000][11340][info ][safepoint   ] Safepoint "Cleanup", Time since last: 1079002500 ns, Reaching safepoint: 40800 ns, Cleanup: 46500 ns, At safepoint: 17600 ns, Total: 104900 ns
[2024-09-08T15:24:42.781+0000][11340][info ][safepoint   ] Safepoint "Cleanup", Time since last: 1003851900 ns, Reaching safepoint: 72300 ns, Cleanup: 29800 ns, At safepoint: 20000 ns, Total: 122100 ns
[2024-09-08T15:24:43.794+0000][11340][info ][safepoint   ] Safepoint "Cleanup", Time since last: 1012610800 ns, Reaching safepoint: 36200 ns, Cleanup: 47300 ns, At safepoint: 10600 ns, Total: 94100 ns
[2024-09-08T15:24:45.814+0000][11340][info ][safepoint   ] Safepoint "Cleanup", Time since last: 2020451600 ns, Reaching safepoint: 25400 ns, Cleanup: 19100 ns, At safepoint: 9000 ns, Total: 53500 ns
[2024-09-08T15:24:46.829+0000][11340][info ][safepoint   ] Safepoint "Cleanup", Time since last: 1014626000 ns, Reaching safepoint: 41300 ns, Cleanup: 21200 ns, At safepoint: 8100 ns, Total: 70600 ns
[2024-09-08T15:24:47.830+0000][11340][info ][safepoint   ] Safepoint "Cleanup", Time since last: 1001060800 ns, Reaching safepoint: 35100 ns, Cleanup: 26700 ns, At safepoint: 12700 ns, Total: 74500 ns
[2024-09-08T15:24:48.842+0000][11340][info ][safepoint   ] Safepoint "Cleanup", Time since last: 1012058300 ns, Reaching safepoint: 32600 ns, Cleanup: 34300 ns, At safepoint: 10800 ns, Total: 77700 ns
[2024-09-08T15:24:50.858+0000][11340][info ][safepoint   ] Safepoint "Cleanup", Time since last: 2015889200 ns, Reaching safepoint: 40900 ns, Cleanup: 50300 ns, At safepoint: 19400 ns, Total: 110600 ns
[2024-09-08T15:24:51.871+0000][11340][info ][safepoint   ] Safepoint "Cleanup", Time since last: 1012590400 ns, Reaching safepoint: 43300 ns, Cleanup: 33200 ns, At safepoint: 13900 ns, Total: 90400 ns
[2024-09-08T15:24:53.893+0000][11340][info ][safepoint   ] Safepoint "Cleanup", Time since last: 2022209400 ns, Reaching safepoint: 33000 ns, Cleanup: 31100 ns, At safepoint: 11500 ns, Total: 75600 ns
[2024-09-08T15:24:56.926+0000][11340][info ][safepoint   ] Safepoint "Cleanup", Time since last: 3032562500 ns, Reaching safepoint: 33000 ns, Cleanup: 72300 ns, At safepoint: 13200 ns, Total: 118500 ns
[2024-09-08T15:24:58.954+0000][11340][info ][safepoint   ] Safepoint "Cleanup", Time since last: 2028165200 ns, Reaching safepoint: 33300 ns, Cleanup: 32800 ns, At safepoint: 11300 ns, Total: 77400 ns
[2024-09-08T15:25:04.007+0000][11340][info ][safepoint   ] Safepoint "Cleanup", Time since last: 5052540200 ns, Reaching safepoint: 28900 ns, Cleanup: 19200 ns, At safepoint: 16800 ns, Total: 64900 ns
[2024-09-08T15:25:05.010+0000][11340][info ][safepoint   ] Safepoint "Cleanup", Time since last: 1003392700 ns, Reaching safepoint: 33800 ns, Cleanup: 33400 ns, At safepoint: 13000 ns, Total: 80200 ns
[2024-09-08T15:25:07.018+0000][11340][info ][safepoint   ] Safepoint "Cleanup", Time since last: 2007712300 ns, Reaching safepoint: 32300 ns, Cleanup: 37000 ns, At safepoint: 16000 ns, Total: 85300 ns
[2024-09-08T15:25:08.020+0000][11340][info ][safepoint   ] Safepoint "Cleanup", Time since last: 1001604600 ns, Reaching safepoint: 34300 ns, Cleanup: 27300 ns, At safepoint: 13500 ns, Total: 75100 ns
[2024-09-08T15:25:09.021+0000][11340][info ][safepoint   ] Safepoint "Cleanup", Time since last: 1001085800 ns, Reaching safepoint: 34200 ns, Cleanup: 43400 ns, At safepoint: 14600 ns, Total: 92200 ns
[2024-09-08T15:25:12.051+0000][11340][info ][safepoint   ] Safepoint "Cleanup", Time since last: 3030064700 ns, Reaching safepoint: 33500 ns, Cleanup: 31400 ns, At safepoint: 13500 ns, Total: 78400 ns
[2024-09-08T15:25:13.058+0000][11340][info ][safepoint   ] Safepoint "Cleanup", Time since last: 1007412700 ns, Reaching safepoint: 35600 ns, Cleanup: 35700 ns, At safepoint: 15400 ns, Total: 86700 ns
[2024-09-08T15:25:14.067+0000][11340][info ][safepoint   ] Safepoint "Cleanup", Time since last: 1008324800 ns, Reaching safepoint: 157200 ns, Cleanup: 63800 ns, At safepoint: 37000 ns, Total: 258000 ns
[2024-09-08T15:25:16.070+0000][11340][info ][safepoint   ] Safepoint "Cleanup", Time since last: 2003205600 ns, Reaching safepoint: 31900 ns, Cleanup: 29400 ns, At safepoint: 13300 ns, Total: 74600 ns
[2024-09-08T15:25:17.074+0000][11340][info ][safepoint   ] Safepoint "Cleanup", Time since last: 1004445600 ns, Reaching safepoint: 33200 ns, Cleanup: 33200 ns, At safepoint: 11900 ns, Total: 78300 ns
[2024-09-08T15:25:18.081+0000][11340][info ][safepoint   ] Safepoint "Cleanup", Time since last: 1005704300 ns, Reaching safepoint: 52400 ns, Cleanup: 58300 ns, At safepoint: 17100 ns, Total: 127800 ns
[2024-09-08T15:25:19.088+0000][11340][info ][safepoint   ] Safepoint "Cleanup", Time since last: 1006999000 ns, Reaching safepoint: 164600 ns, Cleanup: 32900 ns, At safepoint: 22300 ns, Total: 219800 ns
[2024-09-08T15:25:21.107+0000][11340][info ][safepoint   ] Safepoint "Cleanup", Time since last: 2019060900 ns, Reaching safepoint: 40600 ns, Cleanup: 42500 ns, At safepoint: 12200 ns, Total: 95300 ns
[2024-09-08T15:25:24.124+0000][11340][info ][safepoint   ] Safepoint "Cleanup", Time since last: 3017318400 ns, Reaching safepoint: 54000 ns, Cleanup: 31400 ns, At safepoint: 24500 ns, Total: 109900 ns
[2024-09-08T15:25:27.146+0000][11340][info ][safepoint   ] Safepoint "Cleanup", Time since last: 3021190500 ns, Reaching safepoint: 109700 ns, Cleanup: 34200 ns, At safepoint: 16000 ns, Total: 159900 ns
[2024-09-08T15:25:28.154+0000][11340][info ][safepoint   ] Safepoint "Cleanup", Time since last: 1008118100 ns, Reaching safepoint: 33500 ns, Cleanup: 25500 ns, At safepoint: 11900 ns, Total: 70900 ns
[2024-09-08T15:25:29.168+0000][11340][info ][safepoint   ] Safepoint "Cleanup", Time since last: 1014345500 ns, Reaching safepoint: 60600 ns, Cleanup: 43200 ns, At safepoint: 84900 ns, Total: 188700 ns
[2024-09-08T15:25:30.181+0000][11340][info ][safepoint   ] Safepoint "Cleanup", Time since last: 1012188400 ns, Reaching safepoint: 53200 ns, Cleanup: 32900 ns, At safepoint: 16000 ns, Total: 102100 ns
[2024-09-08T15:25:33.218+0000][11340][info ][safepoint   ] Safepoint "Cleanup", Time since last: 3037179800 ns, Reaching safepoint: 36800 ns, Cleanup: 32100 ns, At safepoint: 13500 ns, Total: 82400 ns
[2024-09-08T15:25:34.229+0000][11340][info ][safepoint   ] Safepoint "Cleanup", Time since last: 1011213600 ns, Reaching safepoint: 28600 ns, Cleanup: 65900 ns, At safepoint: 17600 ns, Total: 112100 ns
[2024-09-08T15:25:36.111+0000][11340][info ][gc,start    ] GC(15) Pause Young (Prepare Mixed) (G1 Evacuation Pause)
[2024-09-08T15:25:36.111+0000][11340][info ][gc,task     ] GC(15) Using 8 workers of 8 for evacuation
[2024-09-08T15:25:36.111+0000][11340][debug][gc,age      ] GC(15) Desired survivor size 54525952 bytes, new threshold 15 (max threshold 15)
[2024-09-08T15:25:36.174+0000][11340][info ][gc,phases   ] GC(15)   Pre Evacuate Collection Set: 1.76ms
[2024-09-08T15:25:36.174+0000][11340][info ][gc,phases   ] GC(15)   Merge Heap Roots: 1.30ms
[2024-09-08T15:25:36.174+0000][11340][info ][gc,phases   ] GC(15)   Evacuate Collection Set: 45.47ms
[2024-09-08T15:25:36.174+0000][11340][info ][gc,phases   ] GC(15)   Post Evacuate Collection Set: 4.84ms
[2024-09-08T15:25:36.174+0000][11340][info ][gc,phases   ] GC(15)   Other: 0.51ms
[2024-09-08T15:25:36.174+0000][11340][trace][gc,age      ] GC(15) Age table with threshold 15 (max threshold 15)
[2024-09-08T15:25:36.174+0000][11340][trace][gc,age      ] GC(15) - age   1:   10855000 bytes,   10855000 total
[2024-09-08T15:25:36.174+0000][11340][trace][gc,age      ] GC(15) - age   2:     820464 bytes,   11675464 total
[2024-09-08T15:25:36.174+0000][11340][trace][gc,age      ] GC(15) - age   3:   23351520 bytes,   35026984 total
[2024-09-08T15:25:36.174+0000][11340][info ][gc,heap     ] GC(15) Eden regions: 199->0(439)
[2024-09-08T15:25:36.174+0000][11340][info ][gc,heap     ] GC(15) Survivor regions: 9->10(26)
[2024-09-08T15:25:36.174+0000][11340][info ][gc,heap     ] GC(15) Old regions: 25->25
[2024-09-08T15:25:36.174+0000][11340][info ][gc,heap     ] GC(15) Humongous regions: 2->2
[2024-09-08T15:25:36.174+0000][11340][info ][gc,metaspace] GC(15) Metaspace: 154061K(158656K)->154061K(158656K) NonClass: 132696K(135232K)->132696K(135232K) Class: 21364K(23424K)->21364K(23424K)
[2024-09-08T15:25:36.174+0000][11340][info ][gc          ] GC(15) Pause Young (Prepare Mixed) (G1 Evacuation Pause) 938M->144M(3964M) 54.534ms
[2024-09-08T15:25:36.174+0000][11340][info ][gc,cpu      ] GC(15) User=0.02s Sys=0.11s Real=0.06s
[2024-09-08T15:25:36.174+0000][11340][info ][safepoint   ] Safepoint "G1CollectForAllocation", Time since last: 1894773800 ns, Reaching safepoint: 19900 ns, Cleanup: 17200 ns, At safepoint: 54705900 ns, Total: 54743000 ns
[2024-09-08T15:25:39.194+0000][11340][info ][safepoint   ] Safepoint "Cleanup", Time since last: 3015508400 ns, Reaching safepoint: 30200 ns, Cleanup: 28000 ns, At safepoint: 22400 ns, Total: 80600 ns
[2024-09-08T15:25:40.197+0000][11340][info ][safepoint   ] Safepoint "Cleanup", Time since last: 1002202300 ns, Reaching safepoint: 134600 ns, Cleanup: 21700 ns, At safepoint: 20100 ns, Total: 176400 ns
[2024-09-08T15:25:41.791+0000][11340][info ][safepoint   ] Safepoint "Cleanup", Time since last: 1598136400 ns, Reaching safepoint: 16800 ns, Cleanup: 74800 ns, At safepoint: 7500 ns, Total: 99100 ns
[2024-09-08T15:25:42.846+0000][11340][info ][safepoint   ] Safepoint "Cleanup", Time since last: 1054180900 ns, Reaching safepoint: 20200 ns, Cleanup: 188200 ns, At safepoint: 13900 ns, Total: 222300 ns
[2024-09-08T15:25:44.630+0000][11340][info ][safepoint   ] Safepoint "Cleanup", Time since last: 1780107700 ns, Reaching safepoint: 34500 ns, Cleanup: 92600 ns, At safepoint: 13600 ns, Total: 140700 ns
[2024-09-08T15:25:45.632+0000][11340][info ][safepoint   ] Safepoint "Cleanup", Time since last: 1002700700 ns, Reaching safepoint: 75400 ns, Cleanup: 29900 ns, At safepoint: 58300 ns, Total: 163600 ns
[2024-09-08T15:25:47.642+0000][11340][info ][safepoint   ] Safepoint "Cleanup", Time since last: 2008948200 ns, Reaching safepoint: 33900 ns, Cleanup: 26500 ns, At safepoint: 15500 ns, Total: 75900 ns
[2024-09-08T15:25:51.661+0000][11340][info ][safepoint   ] Safepoint "Cleanup", Time since last: 4019326000 ns, Reaching safepoint: 65400 ns, Cleanup: 45100 ns, At safepoint: 38400 ns, Total: 148900 ns
[2024-09-08T15:25:54.688+0000][11340][info ][safepoint   ] Safepoint "Cleanup", Time since last: 3026944600 ns, Reaching safepoint: 37200 ns, Cleanup: 38300 ns, At safepoint: 15600 ns, Total: 91100 ns
[2024-09-08T15:25:57.722+0000][11340][info ][safepoint   ] Safepoint "Cleanup", Time since last: 3033435800 ns, Reaching safepoint: 38400 ns, Cleanup: 42700 ns, At safepoint: 11500 ns, Total: 92600 ns
[2024-09-08T15:25:58.733+0000][11340][info ][safepoint   ] Safepoint "Cleanup", Time since last: 1010738400 ns, Reaching safepoint: 32300 ns, Cleanup: 31800 ns, At safepoint: 14000 ns, Total: 78100 ns
[2024-09-08T15:26:04.244+0000][11340][info ][safepoint   ] Safepoint "Cleanup", Time since last: 5511370200 ns, Reaching safepoint: 49300 ns, Cleanup: 52100 ns, At safepoint: 94800 ns, Total: 196200 ns
[2024-09-08T15:26:05.252+0000][11340][info ][safepoint   ] Safepoint "Cleanup", Time since last: 1007892100 ns, Reaching safepoint: 32400 ns, Cleanup: 25500 ns, At safepoint: 13000 ns, Total: 70900 ns
[2024-09-08T15:26:06.264+0000][11340][info ][safepoint   ] Safepoint "Cleanup", Time since last: 1012209300 ns, Reaching safepoint: 33400 ns, Cleanup: 30700 ns, At safepoint: 12200 ns, Total: 76300 ns
[2024-09-08T15:26:12.306+0000][11340][info ][safepoint   ] Safepoint "Cleanup", Time since last: 6041864900 ns, Reaching safepoint: 31500 ns, Cleanup: 22100 ns, At safepoint: 16400 ns, Total: 70000 ns
[2024-09-08T15:26:13.319+0000][11340][info ][safepoint   ] Safepoint "Cleanup", Time since last: 1012340000 ns, Reaching safepoint: 34400 ns, Cleanup: 25500 ns, At safepoint: 13800 ns, Total: 73700 ns
[2024-09-08T15:26:14.319+0000][11340][info ][safepoint   ] Safepoint "Cleanup", Time since last: 1000484200 ns, Reaching safepoint: 25600 ns, Cleanup: 35600 ns, At safepoint: 12500 ns, Total: 73700 ns
[2024-09-08T15:26:18.334+0000][11340][info ][safepoint   ] Safepoint "Cleanup", Time since last: 4014596500 ns, Reaching safepoint: 34700 ns, Cleanup: 25800 ns, At safepoint: 12000 ns, Total: 72500 ns
[2024-09-08T15:26:21.369+0000][11340][info ][safepoint   ] Safepoint "Cleanup", Time since last: 3035365200 ns, Reaching safepoint: 32700 ns, Cleanup: 25800 ns, At safepoint: 16600 ns, Total: 75100 ns
[2024-09-08T15:26:24.396+0000][11340][info ][safepoint   ] Safepoint "Cleanup", Time since last: 3026688900 ns, Reaching safepoint: 33300 ns, Cleanup: 38500 ns, At safepoint: 13200 ns, Total: 85000 ns
[2024-09-08T15:26:29.448+0000][11340][info ][safepoint   ] Safepoint "Cleanup", Time since last: 5051507600 ns, Reaching safepoint: 43500 ns, Cleanup: 33500 ns, At safepoint: 11700 ns, Total: 88700 ns
[2024-09-08T15:26:33.488+0000][11340][info ][safepoint   ] Safepoint "Cleanup", Time since last: 4040048300 ns, Reaching safepoint: 27100 ns, Cleanup: 197300 ns, At safepoint: 15500 ns, Total: 239900 ns
[2024-09-08T15:26:34.503+0000][11340][info ][safepoint   ] Safepoint "Cleanup", Time since last: 1015027700 ns, Reaching safepoint: 38400 ns, Cleanup: 40400 ns, At safepoint: 13600 ns, Total: 92400 ns
[2024-09-08T15:26:36.516+0000][11340][info ][safepoint   ] Safepoint "Cleanup", Time since last: 2013157800 ns, Reaching safepoint: 34500 ns, Cleanup: 34200 ns, At safepoint: 11600 ns, Total: 80300 ns
[2024-09-08T15:26:39.538+0000][11340][info ][safepoint   ] Safepoint "Cleanup", Time since last: 3022036000 ns, Reaching safepoint: 44900 ns, Cleanup: 82200 ns, At safepoint: 13800 ns, Total: 140900 ns
[2024-09-08T15:26:42.573+0000][11340][info ][safepoint   ] Safepoint "Cleanup", Time since last: 3033877400 ns, Reaching safepoint: 101800 ns, Cleanup: 44000 ns, At safepoint: 12400 ns, Total: 158200 ns
[2024-09-08T15:26:43.575+0000][11340][info ][safepoint   ] Safepoint "Cleanup", Time since last: 1002415500 ns, Reaching safepoint: 41000 ns, Cleanup: 97400 ns, At safepoint: 45900 ns, Total: 184300 ns
[2024-09-08T15:26:44.923+0000][11340][info ][safepoint   ] Safepoint "Cleanup", Time since last: 1357430800 ns, Reaching safepoint: 44500 ns, Cleanup: 36400 ns, At safepoint: 11500 ns, Total: 92400 ns
[2024-09-08T15:26:45.989+0000][11340][info ][safepoint   ] Safepoint "Cleanup", Time since last: 1066897100 ns, Reaching safepoint: 12200 ns, Cleanup: 145300 ns, At safepoint: 7000 ns, Total: 164500 ns
[2024-09-08T15:26:47.062+0000][11340][info ][safepoint   ] Safepoint "Cleanup", Time since last: 1064221100 ns, Reaching safepoint: 13400 ns, Cleanup: 42300 ns, At safepoint: 7200 ns, Total: 62900 ns
[2024-09-08T15:26:48.067+0000][11340][info ][safepoint   ] Safepoint "Cleanup", Time since last: 1002921500 ns, Reaching safepoint: 24300 ns, Cleanup: 22700 ns, At safepoint: 12400 ns, Total: 59400 ns
[2024-09-08T15:26:49.070+0000][11340][info ][safepoint   ] Safepoint "Cleanup", Time since last: 1002567600 ns, Reaching safepoint: 28100 ns, Cleanup: 19900 ns, At safepoint: 9000 ns, Total: 57000 ns
[2024-09-08T15:26:51.043+0000][11340][info ][safepoint   ] Safepoint "Cleanup", Time since last: 1979289400 ns, Reaching safepoint: 58000 ns, Cleanup: 86700 ns, At safepoint: 19600 ns, Total: 164300 ns
[2024-09-08T15:26:52.910+0000][11340][info ][safepoint   ] Safepoint "Cleanup", Time since last: 1861203100 ns, Reaching safepoint: 35100 ns, Cleanup: 146700 ns, At safepoint: 12900 ns, Total: 194700 ns
[2024-09-08T15:26:53.913+0000][11340][info ][safepoint   ] Safepoint "Cleanup", Time since last: 1002927700 ns, Reaching safepoint: 25700 ns, Cleanup: 30100 ns, At safepoint: 10000 ns, Total: 65800 ns
[2024-09-08T15:26:54.919+0000][11340][info ][safepoint   ] Safepoint "Cleanup", Time since last: 1006030100 ns, Reaching safepoint: 69900 ns, Cleanup: 42000 ns, At safepoint: 12000 ns, Total: 123900 ns
[2024-09-08T15:26:57.946+0000][11340][info ][safepoint   ] Safepoint "Cleanup", Time since last: 3026796700 ns, Reaching safepoint: 32500 ns, Cleanup: 27000 ns, At safepoint: 10800 ns, Total: 70300 ns
[2024-09-08T15:26:58.954+0000][11340][info ][safepoint   ] Safepoint "Cleanup", Time since last: 1007435500 ns, Reaching safepoint: 34900 ns, Cleanup: 33800 ns, At safepoint: 13500 ns, Total: 82200 ns
[2024-09-08T15:27:00.210+0000][11340][info ][safepoint   ] Safepoint "Cleanup", Time since last: 1256365100 ns, Reaching safepoint: 43800 ns, Cleanup: 16300 ns, At safepoint: 31600 ns, Total: 91700 ns
[2024-09-08T15:27:04.242+0000][11340][info ][safepoint   ] Safepoint "Cleanup", Time since last: 4031136000 ns, Reaching safepoint: 24100 ns, Cleanup: 37300 ns, At safepoint: 8100 ns, Total: 69500 ns
[2024-09-08T15:27:06.257+0000][11340][info ][safepoint   ] Safepoint "Cleanup", Time since last: 2014805600 ns, Reaching safepoint: 38700 ns, Cleanup: 33200 ns, At safepoint: 9400 ns, Total: 81300 ns
[2024-09-08T15:27:09.282+0000][11340][info ][safepoint   ] Safepoint "Cleanup", Time since last: 3025420300 ns, Reaching safepoint: 33200 ns, Cleanup: 39900 ns, At safepoint: 8900 ns, Total: 82000 ns
[2024-09-08T15:27:12.313+0000][11340][info ][safepoint   ] Safepoint "Cleanup", Time since last: 3030856600 ns, Reaching safepoint: 39000 ns, Cleanup: 27700 ns, At safepoint: 10300 ns, Total: 77000 ns
[2024-09-08T15:27:13.316+0000][11340][info ][safepoint   ] Safepoint "Cleanup", Time since last: 1002426000 ns, Reaching safepoint: 32700 ns, Cleanup: 33900 ns, At safepoint: 6200 ns, Total: 72800 ns
[2024-09-08T15:27:14.320+0000][11340][info ][safepoint   ] Safepoint "Cleanup", Time since last: 1004133500 ns, Reaching safepoint: 33700 ns, Cleanup: 22900 ns, At safepoint: 9800 ns, Total: 66400 ns
[2024-09-08T15:27:15.331+0000][11340][info ][safepoint   ] Safepoint "Cleanup", Time since last: 1010648600 ns, Reaching safepoint: 91500 ns, Cleanup: 30300 ns, At safepoint: 8400 ns, Total: 130200 ns
[2024-09-08T15:27:18.349+0000][11340][info ][safepoint   ] Safepoint "Cleanup", Time since last: 3018169400 ns, Reaching safepoint: 32900 ns, Cleanup: 22900 ns, At safepoint: 8200 ns, Total: 64000 ns
[2024-09-08T15:27:19.356+0000][11340][info ][safepoint   ] Safepoint "Cleanup", Time since last: 1006778300 ns, Reaching safepoint: 22000 ns, Cleanup: 22600 ns, At safepoint: 17300 ns, Total: 61900 ns
[2024-09-08T15:27:24.394+0000][11340][info ][safepoint   ] Safepoint "Cleanup", Time since last: 5037803000 ns, Reaching safepoint: 25000 ns, Cleanup: 28600 ns, At safepoint: 10100 ns, Total: 63700 ns
[2024-09-08T15:27:26.146+0000][11340][info ][safepoint   ] Safepoint "Cleanup", Time since last: 1752688200 ns, Reaching safepoint: 502200 ns, Cleanup: 61400 ns, At safepoint: 33400 ns, Total: 597000 ns
[2024-09-08T15:27:26.280+0000][11340][info ][safepoint   ] Safepoint "ICBufferFull", Time since last: 136596000 ns, Reaching safepoint: 49400 ns, Cleanup: 260200 ns, At safepoint: 30900 ns, Total: 340500 ns
[2024-09-08T15:27:26.798+0000][11340][info ][safepoint   ] Safepoint "ICBufferFull", Time since last: 519915900 ns, Reaching safepoint: 684100 ns, Cleanup: 333600 ns, At safepoint: 34200 ns, Total: 1051900 ns
[2024-09-08T15:27:27.513+0000][11340][info ][safepoint   ] Safepoint "ICBufferFull", Time since last: 712851900 ns, Reaching safepoint: 30800 ns, Cleanup: 269000 ns, At safepoint: 10200 ns, Total: 310000 ns
[2024-09-08T15:27:29.359+0000][11340][info ][safepoint   ] Safepoint "Cleanup", Time since last: 1840992500 ns, Reaching safepoint: 184400 ns, Cleanup: 41200 ns, At safepoint: 13800 ns, Total: 239400 ns
[2024-09-08T15:27:30.365+0000][11340][info ][safepoint   ] Safepoint "Cleanup", Time since last: 1005491700 ns, Reaching safepoint: 36500 ns, Cleanup: 158800 ns, At safepoint: 10700 ns, Total: 206000 ns
[2024-09-08T15:27:31.435+0000][11340][info ][safepoint   ] Safepoint "Cleanup", Time since last: 1070168400 ns, Reaching safepoint: 28500 ns, Cleanup: 26300 ns, At safepoint: 8200 ns, Total: 63000 ns
[2024-09-08T15:27:33.444+0000][11340][info ][safepoint   ] Safepoint "Cleanup", Time since last: 2009177800 ns, Reaching safepoint: 32300 ns, Cleanup: 44700 ns, At safepoint: 13600 ns, Total: 90600 ns
[2024-09-08T15:27:34.448+0000][11340][info ][safepoint   ] Safepoint "Cleanup", Time since last: 1003902300 ns, Reaching safepoint: 31800 ns, Cleanup: 40000 ns, At safepoint: 14700 ns, Total: 86500 ns
[2024-09-08T15:27:35.463+0000][11340][info ][safepoint   ] Safepoint "Cleanup", Time since last: 1015104500 ns, Reaching safepoint: 33300 ns, Cleanup: 25500 ns, At safepoint: 12600 ns, Total: 71400 ns
[2024-09-08T15:27:36.463+0000][11340][info ][safepoint   ] Safepoint "Cleanup", Time since last: 1000749200 ns, Reaching safepoint: 14000 ns, Cleanup: 60500 ns, At safepoint: 11500 ns, Total: 86000 ns
[2024-09-08T15:27:37.478+0000][11340][info ][safepoint   ] Safepoint "Cleanup", Time since last: 1013353900 ns, Reaching safepoint: 34500 ns, Cleanup: 40800 ns, At safepoint: 15300 ns, Total: 90600 ns
[2024-09-08T15:27:38.534+0000][11340][info ][safepoint   ] Safepoint "Cleanup", Time since last: 1055786700 ns, Reaching safepoint: 25100 ns, Cleanup: 27800 ns, At safepoint: 12400 ns, Total: 65300 ns
[2024-09-08T15:27:39.619+0000][11340][info ][safepoint   ] Safepoint "Cleanup", Time since last: 1085921400 ns, Reaching safepoint: 31800 ns, Cleanup: 42000 ns, At safepoint: 12400 ns, Total: 86200 ns
[2024-09-08T15:27:41.187+0000][11340][info ][safepoint   ] Safepoint "Cleanup", Time since last: 1567410300 ns, Reaching safepoint: 26000 ns, Cleanup: 23700 ns, At safepoint: 12300 ns, Total: 62000 ns
[2024-09-08T15:27:43.194+0000][11340][info ][safepoint   ] Safepoint "Cleanup", Time since last: 2006766400 ns, Reaching safepoint: 87600 ns, Cleanup: 25200 ns, At safepoint: 28700 ns, Total: 141500 ns
[2024-09-08T15:27:44.204+0000][11340][info ][safepoint   ] Safepoint "Cleanup", Time since last: 1010240500 ns, Reaching safepoint: 35400 ns, Cleanup: 43200 ns, At safepoint: 13600 ns, Total: 92200 ns
[2024-09-08T15:27:45.191+0000][11340][info ][safepoint   ] Safepoint "ICBufferFull", Time since last: 1001637700 ns, Reaching safepoint: 39600 ns, Cleanup: 204900 ns, At safepoint: 21100 ns, Total: 265600 ns
[2024-09-08T15:27:46.176+0000][11340][info ][safepoint   ] Safepoint "ICBufferFull", Time since last: 978417000 ns, Reaching safepoint: 48900 ns, Cleanup: 392600 ns, At safepoint: 25800 ns, Total: 467300 ns
[2024-09-08T15:27:47.802+0000][11340][info ][safepoint   ] Safepoint "Cleanup", Time since last: 1618473600 ns, Reaching safepoint: 13500 ns, Cleanup: 60800 ns, At safepoint: 9400 ns, Total: 83700 ns
[2024-09-08T15:27:48.813+0000][11340][info ][safepoint   ] Safepoint "Cleanup", Time since last: 1015663000 ns, Reaching safepoint: 14100 ns, Cleanup: 36700 ns, At safepoint: 7100 ns, Total: 57900 ns
[2024-09-08T15:27:49.830+0000][11340][info ][safepoint   ] Safepoint "Cleanup", Time since last: 1010614500 ns, Reaching safepoint: 31800 ns, Cleanup: 27000 ns, At safepoint: 11700 ns, Total: 70500 ns
[2024-09-08T15:27:51.013+0000][11340][info ][safepoint   ] Safepoint "Cleanup", Time since last: 1182719600 ns, Reaching safepoint: 99900 ns, Cleanup: 59400 ns, At safepoint: 12400 ns, Total: 171700 ns
[2024-09-08T15:27:52.024+0000][11340][info ][safepoint   ] Safepoint "Cleanup", Time since last: 1010631700 ns, Reaching safepoint: 33800 ns, Cleanup: 107100 ns, At safepoint: 13200 ns, Total: 154100 ns
[2024-09-08T15:27:53.039+0000][11340][info ][safepoint   ] Safepoint "Cleanup", Time since last: 1015191700 ns, Reaching safepoint: 35000 ns, Cleanup: 27700 ns, At safepoint: 13200 ns, Total: 75900 ns
[2024-09-08T15:27:55.049+0000][11340][info ][safepoint   ] Safepoint "Cleanup", Time since last: 2009569800 ns, Reaching safepoint: 48400 ns, Cleanup: 35000 ns, At safepoint: 14300 ns, Total: 97700 ns
[2024-09-08T15:28:00.415+0000][11340][info ][safepoint   ] Safepoint "Cleanup", Time since last: 5367366300 ns, Reaching safepoint: 16100 ns, Cleanup: 16700 ns, At safepoint: 4700 ns, Total: 37500 ns
[2024-09-08T15:28:02.422+0000][11340][info ][safepoint   ] Safepoint "Cleanup", Time since last: 2005606800 ns, Reaching safepoint: 32500 ns, Cleanup: 35500 ns, At safepoint: 12400 ns, Total: 80400 ns
[2024-09-08T15:28:04.437+0000][11340][info ][safepoint   ] Safepoint "Cleanup", Time since last: 2014903200 ns, Reaching safepoint: 33600 ns, Cleanup: 31300 ns, At safepoint: 11900 ns, Total: 76800 ns
[2024-09-08T15:28:06.456+0000][11340][info ][safepoint   ] Safepoint "Cleanup", Time since last: 2019406100 ns, Reaching safepoint: 25800 ns, Cleanup: 19300 ns, At safepoint: 8600 ns, Total: 53700 ns
[2024-09-08T15:28:13.515+0000][11340][info ][safepoint   ] Safepoint "Cleanup", Time since last: 7059170400 ns, Reaching safepoint: 31000 ns, Cleanup: 27100 ns, At safepoint: 12600 ns, Total: 70700 ns
[2024-09-08T15:28:14.530+0000][11340][info ][safepoint   ] Safepoint "Cleanup", Time since last: 1014375700 ns, Reaching safepoint: 33400 ns, Cleanup: 32000 ns, At safepoint: 11300 ns, Total: 76700 ns
[2024-09-08T15:28:15.530+0000][11340][info ][safepoint   ] Safepoint "Cleanup", Time since last: 1000542300 ns, Reaching safepoint: 31900 ns, Cleanup: 23100 ns, At safepoint: 10500 ns, Total: 65500 ns
[2024-09-08T15:28:18.553+0000][11340][info ][safepoint   ] Safepoint "Cleanup", Time since last: 3022357400 ns, Reaching safepoint: 35700 ns, Cleanup: 30700 ns, At safepoint: 12000 ns, Total: 78400 ns
[2024-09-08T15:28:21.570+0000][11340][info ][safepoint   ] Safepoint "Cleanup", Time since last: 3016603200 ns, Reaching safepoint: 37000 ns, Cleanup: 19000 ns, At safepoint: 10200 ns, Total: 66200 ns
[2024-09-08T15:28:24.591+0000][11340][info ][safepoint   ] Safepoint "Cleanup", Time since last: 3020851600 ns, Reaching safepoint: 54300 ns, Cleanup: 50200 ns, At safepoint: 13200 ns, Total: 117700 ns
[2024-09-08T15:28:27.023+0000][11340][info ][gc,start    ] GC(16) Pause Young (Concurrent Start) (CodeCache GC Threshold)
[2024-09-08T15:28:27.023+0000][11340][info ][gc,task     ] GC(16) Using 8 workers of 8 for evacuation
[2024-09-08T15:28:27.023+0000][11340][debug][gc,age      ] GC(16) Desired survivor size 134217728 bytes, new threshold 15 (max threshold 15)
[2024-09-08T15:28:27.058+0000][11340][info ][gc,phases   ] GC(16)   Pre Evacuate Collection Set: 0.85ms
[2024-09-08T15:28:27.058+0000][11340][info ][gc,phases   ] GC(16)   Merge Heap Roots: 0.40ms
[2024-09-08T15:28:27.058+0000][11340][info ][gc,phases   ] GC(16)   Evacuate Collection Set: 26.95ms
[2024-09-08T15:28:27.058+0000][11340][info ][gc,phases   ] GC(16)   Post Evacuate Collection Set: 4.89ms
[2024-09-08T15:28:27.058+0000][11340][info ][gc,phases   ] GC(16)   Other: 0.41ms
[2024-09-08T15:28:27.058+0000][11340][trace][gc,age      ] GC(16) Age table with threshold 15 (max threshold 15)
[2024-09-08T15:28:27.058+0000][11340][trace][gc,age      ] GC(16) - age   1:    6583000 bytes,    6583000 total
[2024-09-08T15:28:27.058+0000][11340][trace][gc,age      ] GC(16) - age   2:    8330128 bytes,   14913128 total
[2024-09-08T15:28:27.058+0000][11340][trace][gc,age      ] GC(16) - age   3:     730608 bytes,   15643736 total
[2024-09-08T15:28:27.058+0000][11340][trace][gc,age      ] GC(16) - age   4:   23089320 bytes,   38733056 total
[2024-09-08T15:28:27.058+0000][11340][info ][gc,heap     ] GC(16) Eden regions: 127->0(584)
[2024-09-08T15:28:27.058+0000][11340][info ][gc,heap     ] GC(16) Survivor regions: 10->10(64)
[2024-09-08T15:28:27.058+0000][11340][info ][gc,heap     ] GC(16) Old regions: 25->25
[2024-09-08T15:28:27.058+0000][11340][info ][gc,heap     ] GC(16) Humongous regions: 2->2
[2024-09-08T15:28:27.058+0000][11340][info ][gc,metaspace] GC(16) Metaspace: 156836K(161536K)->156836K(161536K) NonClass: 135080K(137664K)->135080K(137664K) Class: 21756K(23872K)->21756K(23872K)
[2024-09-08T15:28:27.058+0000][11340][info ][gc          ] GC(16) Pause Young (Concurrent Start) (CodeCache GC Threshold) 652M->147M(3964M) 34.544ms
[2024-09-08T15:28:27.058+0000][11340][info ][gc,cpu      ] GC(16) User=0.09s Sys=0.03s Real=0.04s
[2024-09-08T15:28:27.058+0000][11340][info ][safepoint   ] Safepoint "G1TryInitiateConcMark", Time since last: 2433220500 ns, Reaching safepoint: 95000 ns, Cleanup: 20300 ns, At safepoint: 34824700 ns, Total: 34940000 ns
[2024-09-08T15:28:27.058+0000][11340][info ][gc          ] GC(17) Concurrent Mark Cycle
[2024-09-08T15:28:27.058+0000][11340][info ][gc,marking  ] GC(17) Concurrent Scan Root Regions
[2024-09-08T15:28:27.077+0000][11340][info ][gc,marking  ] GC(17) Concurrent Scan Root Regions 18.206ms
[2024-09-08T15:28:27.077+0000][11340][info ][gc,marking  ] GC(17) Concurrent Mark
[2024-09-08T15:28:27.077+0000][11340][info ][gc,marking  ] GC(17) Concurrent Mark From Roots
[2024-09-08T15:28:27.077+0000][11340][info ][gc,task     ] GC(17) Using 2 workers of 2 for marking
[2024-09-08T15:28:27.260+0000][11340][info ][gc,marking  ] GC(17) Concurrent Mark From Roots 196.584ms
[2024-09-08T15:28:27.260+0000][11340][info ][gc,marking  ] GC(17) Concurrent Preclean
[2024-09-08T15:28:27.260+0000][11340][info ][gc,marking  ] GC(17) Concurrent Preclean 0.864ms
[2024-09-08T15:28:27.260+0000][11340][info ][gc,start    ] GC(17) Pause Remark
[2024-09-08T15:28:27.339+0000][11340][info ][gc          ] GC(17) Pause Remark 167M->167M(3964M) 76.348ms
[2024-09-08T15:28:27.339+0000][11340][info ][gc,cpu      ] GC(17) User=0.08s Sys=0.00s Real=0.08s
[2024-09-08T15:28:27.339+0000][11340][info ][safepoint   ] Safepoint "G1PauseRemark", Time since last: 216429900 ns, Reaching safepoint: 29200 ns, Cleanup: 9400 ns, At safepoint: 76599700 ns, Total: 76638300 ns
[2024-09-08T15:28:27.339+0000][11340][info ][gc,marking  ] GC(17) Concurrent Mark 274.569ms
[2024-09-08T15:28:27.339+0000][11340][info ][gc,marking  ] GC(17) Concurrent Rebuild Remembered Sets and Scrub Regions
[2024-09-08T15:28:27.417+0000][11340][info ][gc,marking  ] GC(17) Concurrent Rebuild Remembered Sets and Scrub Regions 76.345ms
[2024-09-08T15:28:27.417+0000][11340][info ][gc,start    ] GC(17) Pause Cleanup
[2024-09-08T15:28:27.417+0000][11340][info ][gc          ] GC(17) Pause Cleanup 175M->175M(3964M) 0.581ms
[2024-09-08T15:28:27.417+0000][11340][info ][gc,cpu      ] GC(17) User=0.00s Sys=0.00s Real=0.00s
[2024-09-08T15:28:27.417+0000][11340][info ][safepoint   ] Safepoint "G1PauseCleanup", Time since last: 76864000 ns, Reaching safepoint: 19100 ns, Cleanup: 407300 ns, At safepoint: 738800 ns, Total: 1165200 ns
[2024-09-08T15:28:27.417+0000][11340][info ][gc,marking  ] GC(17) Concurrent Clear Claimed Marks
[2024-09-08T15:28:27.417+0000][11340][info ][gc,marking  ] GC(17) Concurrent Clear Claimed Marks 0.390ms
[2024-09-08T15:28:27.417+0000][11340][info ][gc,marking  ] GC(17) Concurrent Cleanup for Next Mark
[2024-09-08T15:28:27.449+0000][11340][info ][gc,marking  ] GC(17) Concurrent Cleanup for Next Mark 33.850ms
[2024-09-08T15:28:27.449+0000][11340][info ][gc          ] GC(17) Concurrent Mark Cycle 405.268ms
[2024-09-08T15:28:29.420+0000][11340][info ][safepoint   ] Safepoint "Cleanup", Time since last: 1990045100 ns, Reaching safepoint: 24800 ns, Cleanup: 34700 ns, At safepoint: 13400 ns, Total: 72900 ns
[2024-09-08T15:28:30.424+0000][11340][info ][safepoint   ] Safepoint "Cleanup", Time since last: 1003906900 ns, Reaching safepoint: 23000 ns, Cleanup: 32300 ns, At safepoint: 9700 ns, Total: 65000 ns
[2024-09-08T15:28:32.685+0000][11340][info ][safepoint   ] Safepoint "Cleanup", Time since last: 2263559600 ns, Reaching safepoint: 15500 ns, Cleanup: 50200 ns, At safepoint: 12100 ns, Total: 77800 ns
[2024-09-08T15:28:33.739+0000][11340][info ][safepoint   ] Safepoint "Cleanup", Time since last: 1052100500 ns, Reaching safepoint: 78000 ns, Cleanup: 161200 ns, At safepoint: 7300 ns, Total: 246500 ns
[2024-09-08T15:28:34.745+0000][11340][info ][safepoint   ] Safepoint "Cleanup", Time since last: 1004710400 ns, Reaching safepoint: 22000 ns, Cleanup: 81000 ns, At safepoint: 11200 ns, Total: 114200 ns
[2024-09-08T15:28:38.912+0000][11340][info ][safepoint   ] Safepoint "Cleanup", Time since last: 4167072600 ns, Reaching safepoint: 197900 ns, Cleanup: 25200 ns, At safepoint: 12500 ns, Total: 235600 ns
[2024-09-08T15:28:39.927+0000][11340][info ][safepoint   ] Safepoint "Cleanup", Time since last: 1014977900 ns, Reaching safepoint: 34800 ns, Cleanup: 47400 ns, At safepoint: 7500 ns, Total: 89700 ns
[2024-09-08T15:28:40.927+0000][11340][info ][safepoint   ] Safepoint "Cleanup", Time since last: 1000082500 ns, Reaching safepoint: 31500 ns, Cleanup: 24400 ns, At safepoint: 8900 ns, Total: 64800 ns
[2024-09-08T15:28:42.957+0000][11340][info ][safepoint   ] Safepoint "Cleanup", Time since last: 2029356300 ns, Reaching safepoint: 32300 ns, Cleanup: 44000 ns, At safepoint: 8700 ns, Total: 85000 ns
[2024-09-08T15:28:43.970+0000][11340][info ][safepoint   ] Safepoint "Cleanup", Time since last: 1013271600 ns, Reaching safepoint: 36100 ns, Cleanup: 42300 ns, At safepoint: 9400 ns, Total: 87800 ns
[2024-09-08T15:28:44.974+0000][11340][info ][safepoint   ] Safepoint "Cleanup", Time since last: 1003849100 ns, Reaching safepoint: 42500 ns, Cleanup: 27800 ns, At safepoint: 8100 ns, Total: 78400 ns
[2024-09-08T15:28:46.123+0000][11340][info ][safepoint   ] Safepoint "Cleanup", Time since last: 1152784200 ns, Reaching safepoint: 27000 ns, Cleanup: 99900 ns, At safepoint: 25900 ns, Total: 152800 ns
[2024-09-08T15:28:47.359+0000][11340][info ][safepoint   ] Safepoint "Cleanup", Time since last: 1233371500 ns, Reaching safepoint: 13500 ns, Cleanup: 51300 ns, At safepoint: 10300 ns, Total: 75100 ns
[2024-09-08T15:28:48.363+0000][11340][info ][safepoint   ] Safepoint "Cleanup", Time since last: 1002201400 ns, Reaching safepoint: 35800 ns, Cleanup: 90000 ns, At safepoint: 14800 ns, Total: 140600 ns
[2024-09-08T15:28:49.368+0000][11340][info ][safepoint   ] Safepoint "Cleanup", Time since last: 1005757600 ns, Reaching safepoint: 93300 ns, Cleanup: 33200 ns, At safepoint: 24800 ns, Total: 151300 ns
[2024-09-08T15:28:50.378+0000][11340][info ][safepoint   ] Safepoint "Cleanup", Time since last: 1009842700 ns, Reaching safepoint: 77200 ns, Cleanup: 26000 ns, At safepoint: 30300 ns, Total: 133500 ns
[2024-09-08T15:28:51.391+0000][11340][info ][safepoint   ] Safepoint "Cleanup", Time since last: 1012708300 ns, Reaching safepoint: 18800 ns, Cleanup: 18500 ns, At safepoint: 5500 ns, Total: 42800 ns
[2024-09-08T15:28:52.433+0000][11340][info ][safepoint   ] Safepoint "Cleanup", Time since last: 1041605700 ns, Reaching safepoint: 36600 ns, Cleanup: 50700 ns, At safepoint: 11100 ns, Total: 98400 ns
[2024-09-08T15:28:53.506+0000][11340][info ][safepoint   ] Safepoint "Cleanup", Time since last: 1072824900 ns, Reaching safepoint: 33900 ns, Cleanup: 31700 ns, At safepoint: 12800 ns, Total: 78400 ns
[2024-09-08T15:28:54.514+0000][11340][info ][safepoint   ] Safepoint "Cleanup", Time since last: 1007588300 ns, Reaching safepoint: 88100 ns, Cleanup: 38400 ns, At safepoint: 9200 ns, Total: 135700 ns
[2024-09-08T15:28:57.538+0000][11340][info ][safepoint   ] Safepoint "Cleanup", Time since last: 3024735700 ns, Reaching safepoint: 34200 ns, Cleanup: 26500 ns, At safepoint: 12100 ns, Total: 72800 ns
[2024-09-08T15:28:59.544+0000][11340][info ][safepoint   ] Safepoint "Cleanup", Time since last: 2005605700 ns, Reaching safepoint: 77100 ns, Cleanup: 38500 ns, At safepoint: 12700 ns, Total: 128300 ns
[2024-09-08T15:29:01.515+0000][11340][info ][safepoint   ] Safepoint "Cleanup", Time since last: 1971072000 ns, Reaching safepoint: 31100 ns, Cleanup: 33400 ns, At safepoint: 10900 ns, Total: 75400 ns
[2024-09-08T15:29:03.538+0000][11340][info ][safepoint   ] Safepoint "Cleanup", Time since last: 2022780600 ns, Reaching safepoint: 36800 ns, Cleanup: 29200 ns, At safepoint: 13900 ns, Total: 79900 ns
[2024-09-08T15:29:04.551+0000][11340][info ][safepoint   ] Safepoint "Cleanup", Time since last: 1012596000 ns, Reaching safepoint: 28900 ns, Cleanup: 25000 ns, At safepoint: 10600 ns, Total: 64500 ns
[2024-09-08T15:29:06.574+0000][11340][info ][safepoint   ] Safepoint "Cleanup", Time since last: 2023267000 ns, Reaching safepoint: 32300 ns, Cleanup: 138400 ns, At safepoint: 16300 ns, Total: 187000 ns
[2024-09-08T15:29:09.610+0000][11340][info ][safepoint   ] Safepoint "Cleanup", Time since last: 3036043700 ns, Reaching safepoint: 41300 ns, Cleanup: 40500 ns, At safepoint: 14500 ns, Total: 96300 ns
[2024-09-08T15:29:12.645+0000][11340][info ][safepoint   ] Safepoint "Cleanup", Time since last: 3034350400 ns, Reaching safepoint: 44700 ns, Cleanup: 124000 ns, At safepoint: 22100 ns, Total: 190800 ns
[2024-09-08T15:29:13.649+0000][11340][info ][safepoint   ] Safepoint "Cleanup", Time since last: 1003905800 ns, Reaching safepoint: 36700 ns, Cleanup: 34700 ns, At safepoint: 10200 ns, Total: 81600 ns
[2024-09-08T15:29:14.662+0000][11340][info ][safepoint   ] Safepoint "Cleanup", Time since last: 1013262900 ns, Reaching safepoint: 41500 ns, Cleanup: 29100 ns, At safepoint: 12800 ns, Total: 83400 ns
[2024-09-08T15:29:15.665+0000][11340][info ][safepoint   ] Safepoint "Cleanup", Time since last: 1002217700 ns, Reaching safepoint: 33600 ns, Cleanup: 28100 ns, At safepoint: 12500 ns, Total: 74200 ns
[2024-09-08T15:29:19.698+0000][11340][info ][safepoint   ] Safepoint "Cleanup", Time since last: 4033573900 ns, Reaching safepoint: 42700 ns, Cleanup: 27400 ns, At safepoint: 14600 ns, Total: 84700 ns
[2024-09-08T15:29:22.717+0000][11340][info ][safepoint   ] Safepoint "Cleanup", Time since last: 3018490100 ns, Reaching safepoint: 48200 ns, Cleanup: 18300 ns, At safepoint: 7900 ns, Total: 74400 ns
[2024-09-08T15:29:23.732+0000][11340][info ][safepoint   ] Safepoint "Cleanup", Time since last: 1015704000 ns, Reaching safepoint: 37700 ns, Cleanup: 27400 ns, At safepoint: 12300 ns, Total: 77400 ns
[2024-09-08T15:29:25.761+0000][11340][info ][safepoint   ] Safepoint "Cleanup", Time since last: 2028258800 ns, Reaching safepoint: 44800 ns, Cleanup: 30200 ns, At safepoint: 13600 ns, Total: 88600 ns
[2024-09-08T15:29:27.762+0000][11340][info ][safepoint   ] Safepoint "Cleanup", Time since last: 2001403100 ns, Reaching safepoint: 45000 ns, Cleanup: 36500 ns, At safepoint: 11700 ns, Total: 93200 ns
[2024-09-08T15:29:29.785+0000][11340][info ][safepoint   ] Safepoint "Cleanup", Time since last: 2022560000 ns, Reaching safepoint: 47300 ns, Cleanup: 35300 ns, At safepoint: 13500 ns, Total: 96100 ns
[2024-09-08T15:29:30.788+0000][11340][info ][safepoint   ] Safepoint "Cleanup", Time since last: 1003013200 ns, Reaching safepoint: 36000 ns, Cleanup: 37500 ns, At safepoint: 12900 ns, Total: 86400 ns
[2024-09-08T15:29:32.805+0000][11340][info ][safepoint   ] Safepoint "Cleanup", Time since last: 2016565300 ns, Reaching safepoint: 42700 ns, Cleanup: 27400 ns, At safepoint: 13500 ns, Total: 83600 ns
[2024-09-08T15:29:33.811+0000][11340][info ][safepoint   ] Safepoint "Cleanup", Time since last: 1005526900 ns, Reaching safepoint: 37400 ns, Cleanup: 82900 ns, At safepoint: 10600 ns, Total: 130900 ns
[2024-09-08T15:29:34.814+0000][11340][info ][safepoint   ] Safepoint "Cleanup", Time since last: 1003457700 ns, Reaching safepoint: 22200 ns, Cleanup: 30600 ns, At safepoint: 8600 ns, Total: 61400 ns
[2024-09-08T15:29:35.819+0000][11340][info ][safepoint   ] Safepoint "Cleanup", Time since last: 1005085500 ns, Reaching safepoint: 23500 ns, Cleanup: 34200 ns, At safepoint: 9600 ns, Total: 67300 ns
[2024-09-08T15:29:36.826+0000][11340][info ][safepoint   ] Safepoint "Cleanup", Time since last: 1007296200 ns, Reaching safepoint: 34600 ns, Cleanup: 37500 ns, At safepoint: 11200 ns, Total: 83300 ns
[2024-09-08T15:29:39.847+0000][11340][info ][safepoint   ] Safepoint "Cleanup", Time since last: 3020084600 ns, Reaching safepoint: 35400 ns, Cleanup: 30400 ns, At safepoint: 13000 ns, Total: 78800 ns
[2024-09-08T15:29:42.855+0000][11340][info ][safepoint   ] Safepoint "Cleanup", Time since last: 3008339200 ns, Reaching safepoint: 34000 ns, Cleanup: 40800 ns, At safepoint: 12100 ns, Total: 86900 ns
[2024-09-08T15:29:46.901+0000][11340][info ][safepoint   ] Safepoint "Cleanup", Time since last: 4046145000 ns, Reaching safepoint: 23700 ns, Cleanup: 22100 ns, At safepoint: 9900 ns, Total: 55700 ns
[2024-09-08T15:29:48.499+0000][11340][info ][safepoint   ] Safepoint "Cleanup", Time since last: 1598595000 ns, Reaching safepoint: 14500 ns, Cleanup: 40000 ns, At safepoint: 4200 ns, Total: 58700 ns
[2024-09-08T15:29:49.537+0000][11340][info ][safepoint   ] Safepoint "Cleanup", Time since last: 1041619600 ns, Reaching safepoint: 14900 ns, Cleanup: 179200 ns, At safepoint: 6600 ns, Total: 200700 ns
[2024-09-08T15:29:50.628+0000][11340][info ][safepoint   ] Safepoint "Cleanup", Time since last: 1088470500 ns, Reaching safepoint: 40900 ns, Cleanup: 58600 ns, At safepoint: 21400 ns, Total: 120900 ns
[2024-09-08T15:29:51.634+0000][11340][info ][safepoint   ] Safepoint "Cleanup", Time since last: 1003653200 ns, Reaching safepoint: 44400 ns, Cleanup: 24100 ns, At safepoint: 13000 ns, Total: 81500 ns
[2024-09-08T15:29:53.650+0000][11340][info ][safepoint   ] Safepoint "Cleanup", Time since last: 2016140000 ns, Reaching safepoint: 24200 ns, Cleanup: 26800 ns, At safepoint: 10300 ns, Total: 61300 ns
[2024-09-08T15:29:55.283+0000][11340][info ][safepoint   ] Safepoint "Cleanup", Time since last: 1639408100 ns, Reaching safepoint: 29500 ns, Cleanup: 10200 ns, At safepoint: 5700 ns, Total: 45400 ns
[2024-09-08T15:29:56.301+0000][11340][info ][safepoint   ] Safepoint "Cleanup", Time since last: 1011215200 ns, Reaching safepoint: 31600 ns, Cleanup: 30400 ns, At safepoint: 12900 ns, Total: 74900 ns
[2024-09-08T15:29:58.317+0000][11340][info ][safepoint   ] Safepoint "Cleanup", Time since last: 2015793900 ns, Reaching safepoint: 33200 ns, Cleanup: 26600 ns, At safepoint: 10900 ns, Total: 70700 ns
[2024-09-08T15:30:00.318+0000][11340][info ][safepoint   ] Safepoint "Cleanup", Time since last: 2001089700 ns, Reaching safepoint: 34200 ns, Cleanup: 33100 ns, At safepoint: 14900 ns, Total: 82200 ns
[2024-09-08T15:30:02.756+0000][11340][info ][safepoint   ] Safepoint "Cleanup", Time since last: 2437748000 ns, Reaching safepoint: 17800 ns, Cleanup: 23600 ns, At safepoint: 10000 ns, Total: 51400 ns
[2024-09-08T15:30:03.762+0000][11340][info ][safepoint   ] Safepoint "Cleanup", Time since last: 1005680700 ns, Reaching safepoint: 34400 ns, Cleanup: 35600 ns, At safepoint: 95800 ns, Total: 165800 ns
[2024-09-08T15:30:04.769+0000][11340][info ][safepoint   ] Safepoint "Cleanup", Time since last: 1006929700 ns, Reaching safepoint: 34600 ns, Cleanup: 35400 ns, At safepoint: 15300 ns, Total: 85300 ns
[2024-09-08T15:30:09.814+0000][11340][info ][safepoint   ] Safepoint "Cleanup", Time since last: 5044579200 ns, Reaching safepoint: 33300 ns, Cleanup: 26600 ns, At safepoint: 5400 ns, Total: 65300 ns
[2024-09-08T15:30:12.836+0000][11340][info ][safepoint   ] Safepoint "Cleanup", Time since last: 3022096900 ns, Reaching safepoint: 37800 ns, Cleanup: 35400 ns, At safepoint: 13500 ns, Total: 86700 ns
[2024-09-08T15:30:14.857+0000][11340][info ][safepoint   ] Safepoint "Cleanup", Time since last: 2020850000 ns, Reaching safepoint: 43000 ns, Cleanup: 33800 ns, At safepoint: 75500 ns, Total: 152300 ns
[2024-09-08T15:30:16.873+0000][11340][info ][safepoint   ] Safepoint "Cleanup", Time since last: 2016471300 ns, Reaching safepoint: 31600 ns, Cleanup: 27700 ns, At safepoint: 11600 ns, Total: 70900 ns
[2024-09-08T15:30:17.883+0000][11340][info ][safepoint   ] Safepoint "Cleanup", Time since last: 1009875900 ns, Reaching safepoint: 34600 ns, Cleanup: 29500 ns, At safepoint: 15600 ns, Total: 79700 ns
[2024-09-08T15:30:18.895+0000][11340][info ][safepoint   ] Safepoint "Cleanup", Time since last: 1012171600 ns, Reaching safepoint: 33600 ns, Cleanup: 27500 ns, At safepoint: 12300 ns, Total: 73400 ns
[2024-09-08T15:30:19.900+0000][11340][info ][safepoint   ] Safepoint "Cleanup", Time since last: 1004127000 ns, Reaching safepoint: 52600 ns, Cleanup: 36600 ns, At safepoint: 35000 ns, Total: 124200 ns
[2024-09-08T15:30:24.929+0000][11340][info ][safepoint   ] Safepoint "Cleanup", Time since last: 5029182400 ns, Reaching safepoint: 40400 ns, Cleanup: 43800 ns, At safepoint: 12400 ns, Total: 96600 ns
[2024-09-08T15:30:25.931+0000][11340][info ][safepoint   ] Safepoint "Cleanup", Time since last: 1002616500 ns, Reaching safepoint: 68600 ns, Cleanup: 31600 ns, At safepoint: 15800 ns, Total: 116000 ns
[2024-09-08T15:30:28.964+0000][11340][info ][safepoint   ] Safepoint "Cleanup", Time since last: 3032089300 ns, Reaching safepoint: 20700 ns, Cleanup: 26100 ns, At safepoint: 10500 ns, Total: 57300 ns
[2024-09-08T15:30:29.974+0000][11340][info ][safepoint   ] Safepoint "Cleanup", Time since last: 1010421400 ns, Reaching safepoint: 38200 ns, Cleanup: 34600 ns, At safepoint: 15600 ns, Total: 88400 ns
[2024-09-08T15:30:30.976+0000][11340][info ][safepoint   ] Safepoint "Cleanup", Time since last: 1002069800 ns, Reaching safepoint: 46600 ns, Cleanup: 26400 ns, At safepoint: 12800 ns, Total: 85800 ns
[2024-09-08T15:30:34.006+0000][11340][info ][safepoint   ] Safepoint "Cleanup", Time since last: 3029525800 ns, Reaching safepoint: 32300 ns, Cleanup: 36900 ns, At safepoint: 12300 ns, Total: 81500 ns
[2024-09-08T15:30:39.037+0000][11340][info ][safepoint   ] Safepoint "Cleanup", Time since last: 5031428100 ns, Reaching safepoint: 26500 ns, Cleanup: 30100 ns, At safepoint: 183300 ns, Total: 239900 ns
[2024-09-08T15:30:40.053+0000][11340][info ][safepoint   ] Safepoint "Cleanup", Time since last: 1014876400 ns, Reaching safepoint: 30300 ns, Cleanup: 33500 ns, At safepoint: 6800 ns, Total: 70600 ns
[2024-09-08T15:30:43.082+0000][11340][info ][safepoint   ] Safepoint "Cleanup", Time since last: 3028955800 ns, Reaching safepoint: 30500 ns, Cleanup: 28700 ns, At safepoint: 11000 ns, Total: 70200 ns
[2024-09-08T15:30:44.091+0000][11340][info ][safepoint   ] Safepoint "Cleanup", Time since last: 1009245000 ns, Reaching safepoint: 34500 ns, Cleanup: 27200 ns, At safepoint: 13400 ns, Total: 75100 ns
[2024-09-08T15:30:46.111+0000][11340][info ][safepoint   ] Safepoint "Cleanup", Time since last: 2020026900 ns, Reaching safepoint: 33800 ns, Cleanup: 27800 ns, At safepoint: 20700 ns, Total: 82300 ns
[2024-09-08T15:30:51.634+0000][11340][info ][safepoint   ] Safepoint "Cleanup", Time since last: 5522991600 ns, Reaching safepoint: 14200 ns, Cleanup: 24000 ns, At safepoint: 10200 ns, Total: 48400 ns
[2024-09-08T15:30:52.644+0000][11340][info ][safepoint   ] Safepoint "Cleanup", Time since last: 1014228900 ns, Reaching safepoint: 13500 ns, Cleanup: 74100 ns, At safepoint: 10100 ns, Total: 97700 ns
[2024-09-08T15:30:53.816+0000][11340][info ][safepoint   ] Safepoint "Cleanup", Time since last: 1169442100 ns, Reaching safepoint: 14400 ns, Cleanup: 29900 ns, At safepoint: 6400 ns, Total: 50700 ns
[2024-09-08T15:30:55.828+0000][11340][info ][safepoint   ] Safepoint "Cleanup", Time since last: 2009980900 ns, Reaching safepoint: 39900 ns, Cleanup: 30600 ns, At safepoint: 9600 ns, Total: 80100 ns
[2024-09-08T15:30:57.614+0000][11340][info ][safepoint   ] Safepoint "Cleanup", Time since last: 1790966700 ns, Reaching safepoint: 17400 ns, Cleanup: 25500 ns, At safepoint: 12200 ns, Total: 55100 ns
[2024-09-08T15:30:58.887+0000][11340][info ][safepoint   ] Safepoint "Cleanup", Time since last: 1267632900 ns, Reaching safepoint: 35100 ns, Cleanup: 44600 ns, At safepoint: 12400 ns, Total: 92100 ns
[2024-09-08T15:31:00.838+0000][11340][info ][safepoint   ] Safepoint "Cleanup", Time since last: 1950881000 ns, Reaching safepoint: 99200 ns, Cleanup: 27200 ns, At safepoint: 6800 ns, Total: 133200 ns
[2024-09-08T15:31:04.867+0000][11340][info ][safepoint   ] Safepoint "Cleanup", Time since last: 4028915400 ns, Reaching safepoint: 34100 ns, Cleanup: 25200 ns, At safepoint: 11000 ns, Total: 70300 ns
[2024-09-08T15:31:05.874+0000][11340][info ][safepoint   ] Safepoint "Cleanup", Time since last: 1007275000 ns, Reaching safepoint: 35400 ns, Cleanup: 22700 ns, At safepoint: 10900 ns, Total: 69000 ns
[2024-09-08T15:31:09.906+0000][11340][info ][safepoint   ] Safepoint "Cleanup", Time since last: 4031901400 ns, Reaching safepoint: 39400 ns, Cleanup: 38900 ns, At safepoint: 14700 ns, Total: 93000 ns
[2024-09-08T15:31:12.924+0000][11340][info ][safepoint   ] Safepoint "Cleanup", Time since last: 3018078200 ns, Reaching safepoint: 32300 ns, Cleanup: 22400 ns, At safepoint: 17100 ns, Total: 71800 ns
[2024-09-08T15:31:19.985+0000][11340][info ][safepoint   ] Safepoint "Cleanup", Time since last: 7060521500 ns, Reaching safepoint: 31500 ns, Cleanup: 23600 ns, At safepoint: 14300 ns, Total: 69400 ns
[2024-09-08T15:31:26.047+0000][11340][info ][safepoint   ] Safepoint "Cleanup", Time since last: 6062587200 ns, Reaching safepoint: 37100 ns, Cleanup: 34500 ns, At safepoint: 13800 ns, Total: 85400 ns
[2024-09-08T15:31:28.063+0000][11340][info ][safepoint   ] Safepoint "Cleanup", Time since last: 2015390600 ns, Reaching safepoint: 35800 ns, Cleanup: 28300 ns, At safepoint: 11900 ns, Total: 76000 ns
[2024-09-08T15:31:29.064+0000][11340][info ][safepoint   ] Safepoint "Cleanup", Time since last: 1001121600 ns, Reaching safepoint: 45200 ns, Cleanup: 36400 ns, At safepoint: 14200 ns, Total: 95800 ns
[2024-09-08T15:31:31.077+0000][11340][info ][safepoint   ] Safepoint "Cleanup", Time since last: 2012602800 ns, Reaching safepoint: 37100 ns, Cleanup: 24300 ns, At safepoint: 9000 ns, Total: 70400 ns
[2024-09-08T15:31:34.106+0000][11340][info ][safepoint   ] Safepoint "Cleanup", Time since last: 3029214800 ns, Reaching safepoint: 42600 ns, Cleanup: 46300 ns, At safepoint: 12900 ns, Total: 101800 ns
[2024-09-08T15:31:37.121+0000][11340][info ][safepoint   ] Safepoint "Cleanup", Time since last: 3014933700 ns, Reaching safepoint: 36800 ns, Cleanup: 30600 ns, At safepoint: 18400 ns, Total: 85800 ns
[2024-09-08T15:31:41.139+0000][11340][info ][safepoint   ] Safepoint "Cleanup", Time since last: 4017730900 ns, Reaching safepoint: 52400 ns, Cleanup: 22800 ns, At safepoint: 11000 ns, Total: 86200 ns
[2024-09-08T15:31:43.161+0000][11340][info ][safepoint   ] Safepoint "Cleanup", Time since last: 2022099400 ns, Reaching safepoint: 28600 ns, Cleanup: 29000 ns, At safepoint: 8500 ns, Total: 66100 ns
[2024-09-08T15:31:44.177+0000][11340][info ][safepoint   ] Safepoint "Cleanup", Time since last: 1015422400 ns, Reaching safepoint: 31000 ns, Cleanup: 26200 ns, At safepoint: 12700 ns, Total: 69900 ns
[2024-09-08T15:31:49.210+0000][11340][info ][safepoint   ] Safepoint "Cleanup", Time since last: 5033530600 ns, Reaching safepoint: 40400 ns, Cleanup: 28500 ns, At safepoint: 9800 ns, Total: 78700 ns
[2024-09-08T15:31:52.234+0000][11340][info ][safepoint   ] Safepoint "Cleanup", Time since last: 3023096300 ns, Reaching safepoint: 32900 ns, Cleanup: 34200 ns, At safepoint: 11500 ns, Total: 78600 ns
[2024-09-08T15:31:53.245+0000][11340][info ][safepoint   ] Safepoint "Cleanup", Time since last: 1011676100 ns, Reaching safepoint: 46100 ns, Cleanup: 35800 ns, At safepoint: 19700 ns, Total: 101600 ns
[2024-09-08T15:31:54.254+0000][11340][info ][safepoint   ] Safepoint "Cleanup", Time since last: 1009197300 ns, Reaching safepoint: 34400 ns, Cleanup: 43900 ns, At safepoint: 12600 ns, Total: 90900 ns
[2024-09-08T15:31:55.455+0000][11340][info ][safepoint   ] Safepoint "Cleanup", Time since last: 1210784900 ns, Reaching safepoint: 18100 ns, Cleanup: 96500 ns, At safepoint: 10800 ns, Total: 125400 ns
[2024-09-08T15:31:56.546+0000][11340][info ][safepoint   ] Safepoint "Cleanup", Time since last: 1085400900 ns, Reaching safepoint: 14600 ns, Cleanup: 33800 ns, At safepoint: 7100 ns, Total: 55500 ns
[2024-09-08T15:31:57.602+0000][11340][info ][safepoint   ] Safepoint "Cleanup", Time since last: 1050749300 ns, Reaching safepoint: 25100 ns, Cleanup: 31800 ns, At safepoint: 11900 ns, Total: 68800 ns
[2024-09-08T15:32:00.720+0000][11340][info ][safepoint   ] Safepoint "Cleanup", Time since last: 3119289300 ns, Reaching safepoint: 14700 ns, Cleanup: 24800 ns, At safepoint: 7100 ns, Total: 46600 ns
[2024-09-08T15:32:02.666+0000][11340][info ][safepoint   ] Safepoint "Cleanup", Time since last: 1944689000 ns, Reaching safepoint: 30000 ns, Cleanup: 102300 ns, At safepoint: 10700 ns, Total: 143000 ns
[2024-09-08T15:32:04.672+0000][11340][info ][safepoint   ] Safepoint "Cleanup", Time since last: 2006227400 ns, Reaching safepoint: 146500 ns, Cleanup: 33100 ns, At safepoint: 12600 ns, Total: 192200 ns
[2024-09-08T15:32:07.691+0000][11340][info ][safepoint   ] Safepoint "Cleanup", Time since last: 3018301600 ns, Reaching safepoint: 31700 ns, Cleanup: 27100 ns, At safepoint: 11400 ns, Total: 70200 ns
[2024-09-08T15:32:09.708+0000][11340][info ][safepoint   ] Safepoint "Cleanup", Time since last: 2016835400 ns, Reaching safepoint: 31700 ns, Cleanup: 26400 ns, At safepoint: 12600 ns, Total: 70700 ns
[2024-09-08T15:32:14.752+0000][11340][info ][safepoint   ] Safepoint "Cleanup", Time since last: 5043804500 ns, Reaching safepoint: 33200 ns, Cleanup: 31000 ns, At safepoint: 13300 ns, Total: 77500 ns
[2024-09-08T15:32:15.771+0000][11340][info ][safepoint   ] Safepoint "Cleanup", Time since last: 1019485000 ns, Reaching safepoint: 18700 ns, Cleanup: 19600 ns, At safepoint: 10800 ns, Total: 49100 ns
[2024-09-08T15:32:18.801+0000][11340][info ][safepoint   ] Safepoint "Cleanup", Time since last: 3030451600 ns, Reaching safepoint: 127500 ns, Cleanup: 28500 ns, At safepoint: 13400 ns, Total: 169400 ns
[2024-09-08T15:32:19.812+0000][11340][info ][safepoint   ] Safepoint "Cleanup", Time since last: 1010576200 ns, Reaching safepoint: 37500 ns, Cleanup: 48900 ns, At safepoint: 17000 ns, Total: 103400 ns
[2024-09-08T15:32:22.830+0000][11340][info ][safepoint   ] Safepoint "Cleanup", Time since last: 3017805000 ns, Reaching safepoint: 23200 ns, Cleanup: 18200 ns, At safepoint: 7200 ns, Total: 48600 ns
[2024-09-08T15:32:24.840+0000][11340][info ][safepoint   ] Safepoint "Cleanup", Time since last: 2010369900 ns, Reaching safepoint: 34500 ns, Cleanup: 28800 ns, At safepoint: 13300 ns, Total: 76600 ns
[2024-09-08T15:32:27.861+0000][11340][info ][safepoint   ] Safepoint "Cleanup", Time since last: 3019966400 ns, Reaching safepoint: 71700 ns, Cleanup: 25000 ns, At safepoint: 17900 ns, Total: 114600 ns
[2024-09-08T15:32:29.882+0000][11340][info ][safepoint   ] Safepoint "Cleanup", Time since last: 2021290300 ns, Reaching safepoint: 24000 ns, Cleanup: 25500 ns, At safepoint: 11900 ns, Total: 61400 ns
[2024-09-08T15:32:33.918+0000][11340][info ][safepoint   ] Safepoint "Cleanup", Time since last: 4035887800 ns, Reaching safepoint: 34500 ns, Cleanup: 48000 ns, At safepoint: 13500 ns, Total: 96000 ns
[2024-09-08T15:32:36.813+0000][11340][info ][safepoint   ] Safepoint "Cleanup", Time since last: 2902009400 ns, Reaching safepoint: 11900 ns, Cleanup: 13100 ns, At safepoint: 10100 ns, Total: 35100 ns
[2024-09-08T15:32:38.049+0000][11340][info ][safepoint   ] Safepoint "Cleanup", Time since last: 1228808700 ns, Reaching safepoint: 34600 ns, Cleanup: 65300 ns, At safepoint: 14500 ns, Total: 114400 ns
[2024-09-08T15:32:39.112+0000][11340][info ][safepoint   ] Safepoint "Cleanup", Time since last: 1063313500 ns, Reaching safepoint: 25900 ns, Cleanup: 122100 ns, At safepoint: 14400 ns, Total: 162400 ns
[2024-09-08T15:32:40.188+0000][11340][info ][safepoint   ] Safepoint "Cleanup", Time since last: 1075142300 ns, Reaching safepoint: 34400 ns, Cleanup: 30300 ns, At safepoint: 12800 ns, Total: 77500 ns
[2024-09-08T15:32:41.199+0000][11340][info ][safepoint   ] Safepoint "Cleanup", Time since last: 1011146700 ns, Reaching safepoint: 24600 ns, Cleanup: 42500 ns, At safepoint: 12400 ns, Total: 79500 ns
[2024-09-08T15:32:42.214+0000][11340][info ][safepoint   ] Safepoint "Cleanup", Time since last: 1014545400 ns, Reaching safepoint: 36700 ns, Cleanup: 35900 ns, At safepoint: 15700 ns, Total: 88300 ns
[2024-09-08T15:32:43.221+0000][11340][info ][safepoint   ] Safepoint "Cleanup", Time since last: 1007630900 ns, Reaching safepoint: 56300 ns, Cleanup: 73900 ns, At safepoint: 16600 ns, Total: 146800 ns
[2024-09-08T15:32:44.236+0000][11340][info ][safepoint   ] Safepoint "Cleanup", Time since last: 1014848100 ns, Reaching safepoint: 102700 ns, Cleanup: 40500 ns, At safepoint: 16300 ns, Total: 159500 ns
[2024-09-08T15:32:45.013+0000][11340][info ][safepoint   ] Safepoint "ICBufferFull", Time since last: 780790900 ns, Reaching safepoint: 96000 ns, Cleanup: 228200 ns, At safepoint: 43300 ns, Total: 367500 ns
[2024-09-08T15:32:46.709+0000][11340][info ][safepoint   ] Safepoint "Cleanup", Time since last: 1691262900 ns, Reaching safepoint: 36100 ns, Cleanup: 78800 ns, At safepoint: 13500 ns, Total: 128400 ns
[2024-09-08T15:32:47.716+0000][11340][info ][safepoint   ] Safepoint "Cleanup", Time since last: 1007162400 ns, Reaching safepoint: 34200 ns, Cleanup: 29000 ns, At safepoint: 12400 ns, Total: 75600 ns
[2024-09-08T15:32:49.746+0000][11340][info ][safepoint   ] Safepoint "Cleanup", Time since last: 2029710300 ns, Reaching safepoint: 34800 ns, Cleanup: 50600 ns, At safepoint: 13800 ns, Total: 99200 ns
[2024-09-08T15:32:50.758+0000][11340][info ][safepoint   ] Safepoint "Cleanup", Time since last: 1011890500 ns, Reaching safepoint: 33800 ns, Cleanup: 99000 ns, At safepoint: 87500 ns, Total: 220300 ns
[2024-09-08T15:32:51.768+0000][11340][info ][safepoint   ] Safepoint "Cleanup", Time since last: 1010195300 ns, Reaching safepoint: 33500 ns, Cleanup: 30200 ns, At safepoint: 13400 ns, Total: 77100 ns
[2024-09-08T15:32:52.782+0000][11340][info ][safepoint   ] Safepoint "Cleanup", Time since last: 1013255200 ns, Reaching safepoint: 35100 ns, Cleanup: 28000 ns, At safepoint: 13800 ns, Total: 76900 ns
[2024-09-08T15:32:53.797+0000][11340][info ][safepoint   ] Safepoint "Cleanup", Time since last: 1015084600 ns, Reaching safepoint: 35800 ns, Cleanup: 28000 ns, At safepoint: 12800 ns, Total: 76600 ns
[2024-09-08T15:32:54.868+0000][11340][info ][safepoint   ] Safepoint "Cleanup", Time since last: 1071315000 ns, Reaching safepoint: 16500 ns, Cleanup: 74400 ns, At safepoint: 5900 ns, Total: 96800 ns
[2024-09-08T15:32:56.196+0000][11340][info ][safepoint   ] Safepoint "Cleanup", Time since last: 1328856300 ns, Reaching safepoint: 21800 ns, Cleanup: 199500 ns, At safepoint: 15700 ns, Total: 237000 ns
[2024-09-08T15:32:57.487+0000][11340][info ][safepoint   ] Safepoint "Cleanup", Time since last: 1289708300 ns, Reaching safepoint: 57600 ns, Cleanup: 23300 ns, At safepoint: 14100 ns, Total: 95000 ns
[2024-09-08T15:32:59.493+0000][11340][info ][safepoint   ] Safepoint "Cleanup", Time since last: 2006116900 ns, Reaching safepoint: 35100 ns, Cleanup: 29000 ns, At safepoint: 15800 ns, Total: 79900 ns
[2024-09-08T15:33:03.880+0000][11340][info ][safepoint   ] Safepoint "Cleanup", Time since last: 4400258800 ns, Reaching safepoint: 19500 ns, Cleanup: 22900 ns, At safepoint: 5900 ns, Total: 48300 ns
[2024-09-08T15:33:05.545+0000][11340][info ][safepoint   ] Safepoint "Cleanup", Time since last: 1651570500 ns, Reaching safepoint: 35000 ns, Cleanup: 42800 ns, At safepoint: 15600 ns, Total: 93400 ns
[2024-09-08T15:33:09.557+0000][11340][info ][safepoint   ] Safepoint "Cleanup", Time since last: 4011481300 ns, Reaching safepoint: 139700 ns, Cleanup: 28900 ns, At safepoint: 11300 ns, Total: 179900 ns
[2024-09-08T15:33:14.611+0000][11340][info ][safepoint   ] Safepoint "Cleanup", Time since last: 5053598300 ns, Reaching safepoint: 221500 ns, Cleanup: 25000 ns, At safepoint: 12000 ns, Total: 258500 ns
[2024-09-08T15:33:16.622+0000][11340][info ][safepoint   ] Safepoint "Cleanup", Time since last: 2010920100 ns, Reaching safepoint: 44600 ns, Cleanup: 26100 ns, At safepoint: 12000 ns, Total: 82700 ns
[2024-09-08T15:33:22.659+0000][11340][info ][safepoint   ] Safepoint "Cleanup", Time since last: 6037455200 ns, Reaching safepoint: 35800 ns, Cleanup: 30800 ns, At safepoint: 14300 ns, Total: 80900 ns
[2024-09-08T15:33:23.674+0000][11340][info ][safepoint   ] Safepoint "Cleanup", Time since last: 1014897500 ns, Reaching safepoint: 32100 ns, Cleanup: 33400 ns, At safepoint: 11100 ns, Total: 76600 ns
[2024-09-08T15:33:25.683+0000][11340][info ][safepoint   ] Safepoint "Cleanup", Time since last: 2008776600 ns, Reaching safepoint: 36000 ns, Cleanup: 47900 ns, At safepoint: 13600 ns, Total: 97500 ns
[2024-09-08T15:33:31.735+0000][11340][info ][safepoint   ] Safepoint "Cleanup", Time since last: 6051599600 ns, Reaching safepoint: 37000 ns, Cleanup: 28400 ns, At safepoint: 13300 ns, Total: 78700 ns
[2024-09-08T15:33:33.759+0000][11340][info ][safepoint   ] Safepoint "Cleanup", Time since last: 2023615800 ns, Reaching safepoint: 35000 ns, Cleanup: 46800 ns, At safepoint: 14000 ns, Total: 95800 ns
[2024-09-08T15:33:34.769+0000][11340][info ][safepoint   ] Safepoint "Cleanup", Time since last: 1010369400 ns, Reaching safepoint: 35800 ns, Cleanup: 37000 ns, At safepoint: 25500 ns, Total: 98300 ns
[2024-09-08T15:33:43.852+0000][11340][info ][safepoint   ] Safepoint "Cleanup", Time since last: 9083101400 ns, Reaching safepoint: 37300 ns, Cleanup: 30300 ns, At safepoint: 13300 ns, Total: 80900 ns
[2024-09-08T15:33:55.035+0000][11340][info ][safepoint   ] Safepoint "Cleanup", Time since last: 11194881200 ns, Reaching safepoint: 12800 ns, Cleanup: 24400 ns, At safepoint: 4000 ns, Total: 41200 ns
[2024-09-08T15:33:56.045+0000][11340][info ][safepoint   ] Safepoint "Cleanup", Time since last: 1001079300 ns, Reaching safepoint: 16300 ns, Cleanup: 91700 ns, At safepoint: 14100 ns, Total: 122100 ns
[2024-09-08T15:33:57.122+0000][11340][info ][safepoint   ] Safepoint "Cleanup", Time since last: 1073701500 ns, Reaching safepoint: 14000 ns, Cleanup: 29800 ns, At safepoint: 7100 ns, Total: 50900 ns
[2024-09-08T15:33:58.132+0000][11340][info ][safepoint   ] Safepoint "Cleanup", Time since last: 1010277100 ns, Reaching safepoint: 81800 ns, Cleanup: 56800 ns, At safepoint: 15900 ns, Total: 154500 ns
[2024-09-08T15:34:00.144+0000][11340][info ][safepoint   ] Safepoint "Cleanup", Time since last: 2010995900 ns, Reaching safepoint: 24100 ns, Cleanup: 29900 ns, At safepoint: 11900 ns, Total: 65900 ns
[2024-09-08T15:34:01.157+0000][11340][info ][safepoint   ] Safepoint "Cleanup", Time since last: 1013202600 ns, Reaching safepoint: 36300 ns, Cleanup: 33300 ns, At safepoint: 11800 ns, Total: 81400 ns
[2024-09-08T15:34:03.292+0000][11340][info ][safepoint   ] Safepoint "Cleanup", Time since last: 2135376800 ns, Reaching safepoint: 29800 ns, Cleanup: 22700 ns, At safepoint: 18700 ns, Total: 71200 ns
[2024-09-08T15:34:04.302+0000][11340][info ][safepoint   ] Safepoint "Cleanup", Time since last: 1010105700 ns, Reaching safepoint: 30400 ns, Cleanup: 44700 ns, At safepoint: 30100 ns, Total: 105200 ns
[2024-09-08T15:34:05.313+0000][11340][info ][safepoint   ] Safepoint "Cleanup", Time since last: 1010198300 ns, Reaching safepoint: 34400 ns, Cleanup: 31900 ns, At safepoint: 13200 ns, Total: 79500 ns
[2024-09-08T15:34:07.055+0000][11340][info ][safepoint   ] Safepoint "Cleanup", Time since last: 1748543200 ns, Reaching safepoint: 13600 ns, Cleanup: 28400 ns, At safepoint: 7300 ns, Total: 49300 ns
[2024-09-08T15:34:08.241+0000][11340][info ][safepoint   ] Safepoint "Cleanup", Time since last: 1179893100 ns, Reaching safepoint: 35100 ns, Cleanup: 42800 ns, At safepoint: 12400 ns, Total: 90300 ns
[2024-09-08T15:34:09.291+0000][11340][info ][safepoint   ] Safepoint "Cleanup", Time since last: 1049025200 ns, Reaching safepoint: 24300 ns, Cleanup: 26400 ns, At safepoint: 11000 ns, Total: 61700 ns
[2024-09-08T15:34:10.294+0000][11340][info ][safepoint   ] Safepoint "Cleanup", Time since last: 1003377400 ns, Reaching safepoint: 33100 ns, Cleanup: 25600 ns, At safepoint: 13700 ns, Total: 72400 ns
[2024-09-08T15:34:12.308+0000][11340][info ][safepoint   ] Safepoint "Cleanup", Time since last: 2014160400 ns, Reaching safepoint: 33600 ns, Cleanup: 26100 ns, At safepoint: 13300 ns, Total: 73000 ns
[2024-09-08T15:34:13.317+0000][11340][info ][safepoint   ] Safepoint "Cleanup", Time since last: 1008547900 ns, Reaching safepoint: 34300 ns, Cleanup: 29200 ns, At safepoint: 13500 ns, Total: 77000 ns
[2024-09-08T15:34:14.329+0000][11340][info ][safepoint   ] Safepoint "Cleanup", Time since last: 1012347800 ns, Reaching safepoint: 40000 ns, Cleanup: 25100 ns, At safepoint: 18200 ns, Total: 83300 ns
[2024-09-08T15:34:19.378+0000][11340][info ][safepoint   ] Safepoint "Cleanup", Time since last: 5048249200 ns, Reaching safepoint: 35700 ns, Cleanup: 30100 ns, At safepoint: 13300 ns, Total: 79100 ns
[2024-09-08T15:34:32.492+0000][11340][info ][safepoint   ] Safepoint "Cleanup", Time since last: 13114365100 ns, Reaching safepoint: 45100 ns, Cleanup: 28100 ns, At safepoint: 13100 ns, Total: 86300 ns
[2024-09-08T15:34:33.515+0000][11340][info ][safepoint   ] Safepoint "Cleanup", Time since last: 1023112400 ns, Reaching safepoint: 31100 ns, Cleanup: 107200 ns, At safepoint: 24300 ns, Total: 162600 ns
[2024-09-08T15:34:34.524+0000][11340][info ][safepoint   ] Safepoint "Cleanup", Time since last: 1008468500 ns, Reaching safepoint: 31400 ns, Cleanup: 39600 ns, At safepoint: 10100 ns, Total: 81100 ns
[2024-09-08T15:34:37.552+0000][11340][info ][safepoint   ] Safepoint "Cleanup", Time since last: 3027811800 ns, Reaching safepoint: 43500 ns, Cleanup: 28800 ns, At safepoint: 15400 ns, Total: 87700 ns
[2024-09-08T15:34:39.556+0000][11340][info ][safepoint   ] Safepoint "Cleanup", Time since last: 2004601700 ns, Reaching safepoint: 42700 ns, Cleanup: 33900 ns, At safepoint: 16600 ns, Total: 93200 ns
[2024-09-08T15:34:40.572+0000][11340][info ][safepoint   ] Safepoint "Cleanup", Time since last: 1015957800 ns, Reaching safepoint: 61000 ns, Cleanup: 26300 ns, At safepoint: 16500 ns, Total: 103800 ns
[2024-09-08T15:34:43.591+0000][11340][info ][safepoint   ] Safepoint "Cleanup", Time since last: 3018911900 ns, Reaching safepoint: 34200 ns, Cleanup: 101600 ns, At safepoint: 14000 ns, Total: 149800 ns
[2024-09-08T15:34:44.606+0000][11340][info ][safepoint   ] Safepoint "Cleanup", Time since last: 1014571000 ns, Reaching safepoint: 74900 ns, Cleanup: 33600 ns, At safepoint: 16200 ns, Total: 124700 ns
[2024-09-08T15:34:46.616+0000][11340][info ][safepoint   ] Safepoint "Cleanup", Time since last: 2009869200 ns, Reaching safepoint: 23400 ns, Cleanup: 26400 ns, At safepoint: 9800 ns, Total: 59600 ns
[2024-09-08T15:34:53.682+0000][11340][info ][safepoint   ] Safepoint "Cleanup", Time since last: 7065566600 ns, Reaching safepoint: 31500 ns, Cleanup: 30100 ns, At safepoint: 19800 ns, Total: 81400 ns
[2024-09-08T15:34:55.190+0000][11340][info ][safepoint   ] Safepoint "Cleanup", Time since last: 1519378000 ns, Reaching safepoint: 13900 ns, Cleanup: 23700 ns, At safepoint: 3300 ns, Total: 40900 ns
[2024-09-08T15:34:56.574+0000][11340][info ][safepoint   ] Safepoint "Cleanup", Time since last: 1378238200 ns, Reaching safepoint: 15700 ns, Cleanup: 81000 ns, At safepoint: 14100 ns, Total: 110800 ns
[2024-09-08T15:34:57.854+0000][11340][info ][safepoint   ] Safepoint "Cleanup", Time since last: 1274088500 ns, Reaching safepoint: 37400 ns, Cleanup: 21000 ns, At safepoint: 13700 ns, Total: 72100 ns
[2024-09-08T15:34:59.876+0000][11340][info ][safepoint   ] Safepoint "Cleanup", Time since last: 2022478100 ns, Reaching safepoint: 43600 ns, Cleanup: 27300 ns, At safepoint: 8300 ns, Total: 79200 ns
[2024-09-08T15:35:01.466+0000][11340][info ][safepoint   ] Safepoint "Cleanup", Time since last: 1589814700 ns, Reaching safepoint: 8500 ns, Cleanup: 11200 ns, At safepoint: 2000 ns, Total: 21700 ns
[2024-09-08T15:35:04.484+0000][11340][info ][safepoint   ] Safepoint "Cleanup", Time since last: 3018010700 ns, Reaching safepoint: 34300 ns, Cleanup: 47700 ns, At safepoint: 14400 ns, Total: 96400 ns
[2024-09-08T15:35:05.486+0000][11340][info ][safepoint   ] Safepoint "Cleanup", Time since last: 1001480300 ns, Reaching safepoint: 30600 ns, Cleanup: 24100 ns, At safepoint: 11800 ns, Total: 66500 ns
[2024-09-08T15:35:09.512+0000][11340][info ][safepoint   ] Safepoint "Cleanup", Time since last: 4026021200 ns, Reaching safepoint: 85000 ns, Cleanup: 38800 ns, At safepoint: 14700 ns, Total: 138500 ns
[2024-09-08T15:35:10.951+0000][11340][info ][safepoint   ] Safepoint "Cleanup", Time since last: 1440210800 ns, Reaching safepoint: 18200 ns, Cleanup: 28800 ns, At safepoint: 5000 ns, Total: 52000 ns
[2024-09-08T15:35:11.972+0000][11340][info ][safepoint   ] Safepoint "Cleanup", Time since last: 1019303900 ns, Reaching safepoint: 34600 ns, Cleanup: 29000 ns, At safepoint: 13700 ns, Total: 77300 ns
[2024-09-08T15:35:12.987+0000][11340][info ][safepoint   ] Safepoint "Cleanup", Time since last: 1015408000 ns, Reaching safepoint: 38300 ns, Cleanup: 33000 ns, At safepoint: 12000 ns, Total: 83300 ns
[2024-09-08T15:35:13.995+0000][11340][info ][safepoint   ] Safepoint "Cleanup", Time since last: 1007653000 ns, Reaching safepoint: 36600 ns, Cleanup: 30800 ns, At safepoint: 13000 ns, Total: 80400 ns
[2024-09-08T15:35:20.026+0000][11340][info ][safepoint   ] Safepoint "Cleanup", Time since last: 6031094000 ns, Reaching safepoint: 32700 ns, Cleanup: 33800 ns, At safepoint: 13700 ns, Total: 80200 ns
[2024-09-08T15:35:23.067+0000][11340][info ][safepoint   ] Safepoint "Cleanup", Time since last: 3040608000 ns, Reaching safepoint: 33400 ns, Cleanup: 28400 ns, At safepoint: 13000 ns, Total: 74800 ns
[2024-09-08T15:35:26.090+0000][11340][info ][safepoint   ] Safepoint "Cleanup", Time since last: 3023544100 ns, Reaching safepoint: 34900 ns, Cleanup: 28800 ns, At safepoint: 13100 ns, Total: 76800 ns
[2024-09-08T15:35:30.122+0000][11340][info ][safepoint   ] Safepoint "Cleanup", Time since last: 4031946400 ns, Reaching safepoint: 33700 ns, Cleanup: 28900 ns, At safepoint: 19200 ns, Total: 81800 ns
[2024-09-08T15:35:32.140+0000][11340][info ][safepoint   ] Safepoint "Cleanup", Time since last: 2017169400 ns, Reaching safepoint: 48200 ns, Cleanup: 21000 ns, At safepoint: 22100 ns, Total: 91300 ns
[2024-09-08T15:35:33.776+0000][11340][info ][safepoint   ] Safepoint "Cleanup", Time since last: 1645334100 ns, Reaching safepoint: 73000 ns, Cleanup: 85500 ns, At safepoint: 24000 ns, Total: 182500 ns
[2024-09-08T15:35:34.819+0000][11340][info ][safepoint   ] Safepoint "Cleanup", Time since last: 1035508000 ns, Reaching safepoint: 14400 ns, Cleanup: 79200 ns, At safepoint: 5400 ns, Total: 99000 ns
[2024-09-08T15:35:35.929+0000][11340][info ][safepoint   ] Safepoint "Cleanup", Time since last: 1108420100 ns, Reaching safepoint: 74500 ns, Cleanup: 91700 ns, At safepoint: 36000 ns, Total: 202200 ns
[2024-09-08T15:35:37.943+0000][11340][info ][safepoint   ] Safepoint "Cleanup", Time since last: 2013258700 ns, Reaching safepoint: 133900 ns, Cleanup: 41600 ns, At safepoint: 20800 ns, Total: 196300 ns
[2024-09-08T15:35:38.959+0000][11340][info ][safepoint   ] Safepoint "Cleanup", Time since last: 1015951900 ns, Reaching safepoint: 66100 ns, Cleanup: 28100 ns, At safepoint: 19600 ns, Total: 113800 ns
[2024-09-08T15:35:39.969+0000][11340][info ][safepoint   ] Safepoint "Cleanup", Time since last: 1010040100 ns, Reaching safepoint: 83000 ns, Cleanup: 17000 ns, At safepoint: 11300 ns, Total: 111300 ns
[2024-09-08T15:35:40.975+0000][11340][info ][safepoint   ] Safepoint "Cleanup", Time since last: 1005706600 ns, Reaching safepoint: 59300 ns, Cleanup: 85400 ns, At safepoint: 15300 ns, Total: 160000 ns
[2024-09-08T15:35:41.984+0000][11340][info ][safepoint   ] Safepoint "Cleanup", Time since last: 1008935400 ns, Reaching safepoint: 28900 ns, Cleanup: 72500 ns, At safepoint: 13700 ns, Total: 115100 ns
[2024-09-08T15:35:44.006+0000][11340][info ][safepoint   ] Safepoint "Cleanup", Time since last: 2021664500 ns, Reaching safepoint: 72000 ns, Cleanup: 53500 ns, At safepoint: 28000 ns, Total: 153500 ns
[2024-09-08T15:35:45.787+0000][11340][info ][safepoint   ] Safepoint "Cleanup", Time since last: 1782860300 ns, Reaching safepoint: 14500 ns, Cleanup: 30700 ns, At safepoint: 6800 ns, Total: 52000 ns
[2024-09-08T15:35:46.795+0000][11340][info ][safepoint   ] Safepoint "Cleanup", Time since last: 1007829100 ns, Reaching safepoint: 50800 ns, Cleanup: 200800 ns, At safepoint: 9700 ns, Total: 261300 ns
[2024-09-08T15:35:48.806+0000][11340][info ][safepoint   ] Safepoint "Cleanup", Time since last: 2009249900 ns, Reaching safepoint: 58200 ns, Cleanup: 28800 ns, At safepoint: 85900 ns, Total: 172900 ns
[2024-09-08T15:35:49.809+0000][11340][info ][safepoint   ] Safepoint "Cleanup", Time since last: 1003156800 ns, Reaching safepoint: 23300 ns, Cleanup: 20800 ns, At safepoint: 7400 ns, Total: 51500 ns
[2024-09-08T15:35:50.815+0000][11340][info ][safepoint   ] Safepoint "Cleanup", Time since last: 1005667400 ns, Reaching safepoint: 39800 ns, Cleanup: 68700 ns, At safepoint: 12900 ns, Total: 121400 ns
[2024-09-08T15:35:52.832+0000][11340][info ][safepoint   ] Safepoint "Cleanup", Time since last: 2017153300 ns, Reaching safepoint: 38300 ns, Cleanup: 29800 ns, At safepoint: 12500 ns, Total: 80600 ns
[2024-09-08T15:35:53.844+0000][11340][info ][safepoint   ] Safepoint "Cleanup", Time since last: 1011650400 ns, Reaching safepoint: 127500 ns, Cleanup: 50100 ns, At safepoint: 15300 ns, Total: 192900 ns
[2024-09-08T15:35:54.850+0000][11340][info ][safepoint   ] Safepoint "Cleanup", Time since last: 1005650600 ns, Reaching safepoint: 55800 ns, Cleanup: 56900 ns, At safepoint: 13900 ns, Total: 126600 ns
[2024-09-08T15:35:56.072+0000][11340][info ][safepoint   ] Safepoint "Cleanup", Time since last: 1223951300 ns, Reaching safepoint: 13700 ns, Cleanup: 68600 ns, At safepoint: 8500 ns, Total: 90800 ns
[2024-09-08T15:35:57.385+0000][11340][info ][safepoint   ] Safepoint "Cleanup", Time since last: 1311325600 ns, Reaching safepoint: 16100 ns, Cleanup: 96600 ns, At safepoint: 7700 ns, Total: 120400 ns
[2024-09-08T15:35:58.391+0000][11340][info ][safepoint   ] Safepoint "Cleanup", Time since last: 1005635800 ns, Reaching safepoint: 30300 ns, Cleanup: 16400 ns, At safepoint: 6900 ns, Total: 53600 ns
[2024-09-08T15:36:00.407+0000][11340][info ][safepoint   ] Safepoint "Cleanup", Time since last: 2015237200 ns, Reaching safepoint: 31500 ns, Cleanup: 25500 ns, At safepoint: 12700 ns, Total: 69700 ns
[2024-09-08T15:36:01.430+0000][11340][info ][safepoint   ] Safepoint "Cleanup", Time since last: 1023223100 ns, Reaching safepoint: 41100 ns, Cleanup: 18800 ns, At safepoint: 9200 ns, Total: 69100 ns
[2024-09-08T15:36:03.536+0000][11340][info ][safepoint   ] Safepoint "Cleanup", Time since last: 2105692200 ns, Reaching safepoint: 44600 ns, Cleanup: 32100 ns, At safepoint: 9400 ns, Total: 86100 ns
[2024-09-08T15:36:04.538+0000][11340][info ][safepoint   ] Safepoint "Cleanup", Time since last: 1002097300 ns, Reaching safepoint: 29300 ns, Cleanup: 23000 ns, At safepoint: 9400 ns, Total: 61700 ns
[2024-09-08T15:36:05.552+0000][11340][info ][safepoint   ] Safepoint "Cleanup", Time since last: 1014490600 ns, Reaching safepoint: 26400 ns, Cleanup: 29100 ns, At safepoint: 12700 ns, Total: 68200 ns
[2024-09-08T15:36:07.568+0000][11340][info ][safepoint   ] Safepoint "Cleanup", Time since last: 2015456600 ns, Reaching safepoint: 105700 ns, Cleanup: 42200 ns, At safepoint: 29700 ns, Total: 177600 ns
[2024-09-08T15:36:08.584+0000][11340][info ][safepoint   ] Safepoint "Cleanup", Time since last: 1015507800 ns, Reaching safepoint: 33000 ns, Cleanup: 43700 ns, At safepoint: 11100 ns, Total: 87800 ns
[2024-09-08T15:36:09.586+0000][11340][info ][safepoint   ] Safepoint "Cleanup", Time since last: 1003212000 ns, Reaching safepoint: 31500 ns, Cleanup: 42300 ns, At safepoint: 10200 ns, Total: 84000 ns
[2024-09-08T15:36:10.590+0000][11340][info ][safepoint   ] Safepoint "Cleanup", Time since last: 1003707500 ns, Reaching safepoint: 210400 ns, Cleanup: 43000 ns, At safepoint: 34800 ns, Total: 288200 ns
[2024-09-08T15:36:12.608+0000][11340][info ][safepoint   ] Safepoint "Cleanup", Time since last: 2017611500 ns, Reaching safepoint: 87000 ns, Cleanup: 27000 ns, At safepoint: 13200 ns, Total: 127200 ns
[2024-09-08T15:36:14.427+0000][11340][info ][safepoint   ] Safepoint "Cleanup", Time since last: 1819404000 ns, Reaching safepoint: 47300 ns, Cleanup: 99700 ns, At safepoint: 47000 ns, Total: 194000 ns
[2024-09-08T15:36:15.537+0000][11340][info ][safepoint   ] Safepoint "Cleanup", Time since last: 1109176400 ns, Reaching safepoint: 23500 ns, Cleanup: 23400 ns, At safepoint: 12400 ns, Total: 59300 ns
[2024-09-08T15:36:16.538+0000][11340][info ][safepoint   ] Safepoint "Cleanup", Time since last: 1000564200 ns, Reaching safepoint: 20000 ns, Cleanup: 83200 ns, At safepoint: 68700 ns, Total: 171900 ns
[2024-09-08T15:36:18.557+0000][11340][info ][safepoint   ] Safepoint "Cleanup", Time since last: 2018660800 ns, Reaching safepoint: 26700 ns, Cleanup: 30300 ns, At safepoint: 13700 ns, Total: 70700 ns
[2024-09-08T15:36:23.584+0000][11340][info ][safepoint   ] Safepoint "Cleanup", Time since last: 5027152500 ns, Reaching safepoint: 65100 ns, Cleanup: 51000 ns, At safepoint: 24600 ns, Total: 140700 ns
[2024-09-08T15:36:24.595+0000][11340][info ][safepoint   ] Safepoint "Cleanup", Time since last: 1010260300 ns, Reaching safepoint: 261900 ns, Cleanup: 76700 ns, At safepoint: 12800 ns, Total: 351400 ns
[2024-09-08T15:36:26.147+0000][11340][info ][safepoint   ] Safepoint "Cleanup", Time since last: 1553012100 ns, Reaching safepoint: 20100 ns, Cleanup: 95700 ns, At safepoint: 8400 ns, Total: 124200 ns
[2024-09-08T15:36:27.417+0000][11340][info ][safepoint   ] Safepoint "Cleanup", Time since last: 1268798400 ns, Reaching safepoint: 84800 ns, Cleanup: 87200 ns, At safepoint: 24900 ns, Total: 196900 ns
[2024-09-08T15:36:28.433+0000][11340][info ][safepoint   ] Safepoint "Cleanup", Time since last: 1015627300 ns, Reaching safepoint: 33700 ns, Cleanup: 177000 ns, At safepoint: 290000 ns, Total: 500700 ns
[2024-09-08T15:36:29.448+0000][11340][info ][safepoint   ] Safepoint "Cleanup", Time since last: 1014815400 ns, Reaching safepoint: 59300 ns, Cleanup: 64100 ns, At safepoint: 11000 ns, Total: 134400 ns
[2024-09-08T15:36:30.451+0000][11340][info ][safepoint   ] Safepoint "Cleanup", Time since last: 1003213800 ns, Reaching safepoint: 39800 ns, Cleanup: 31900 ns, At safepoint: 15300 ns, Total: 87000 ns
[2024-09-08T15:36:31.457+0000][11340][info ][safepoint   ] Safepoint "Cleanup", Time since last: 1006124700 ns, Reaching safepoint: 34500 ns, Cleanup: 22000 ns, At safepoint: 25500 ns, Total: 82000 ns
[2024-09-08T15:36:33.467+0000][11340][info ][safepoint   ] Safepoint "Cleanup", Time since last: 2009452300 ns, Reaching safepoint: 31200 ns, Cleanup: 43100 ns, At safepoint: 10000 ns, Total: 84300 ns
[2024-09-08T15:36:34.469+0000][11340][info ][safepoint   ] Safepoint "Cleanup", Time since last: 1001714300 ns, Reaching safepoint: 198300 ns, Cleanup: 76500 ns, At safepoint: 51100 ns, Total: 325900 ns
[2024-09-08T15:36:36.382+0000][11340][info ][safepoint   ] Safepoint "Cleanup", Time since last: 1912995900 ns, Reaching safepoint: 30000 ns, Cleanup: 56200 ns, At safepoint: 10100 ns, Total: 96300 ns
[2024-09-08T15:36:37.390+0000][11340][info ][safepoint   ] Safepoint "Cleanup", Time since last: 1007629500 ns, Reaching safepoint: 37100 ns, Cleanup: 125400 ns, At safepoint: 10400 ns, Total: 172900 ns
[2024-09-08T15:36:38.440+0000][11340][info ][safepoint   ] Safepoint "Cleanup", Time since last: 1049476200 ns, Reaching safepoint: 47900 ns, Cleanup: 296700 ns, At safepoint: 21000 ns, Total: 365600 ns
[2024-09-08T15:36:39.521+0000][11340][info ][safepoint   ] Safepoint "Cleanup", Time since last: 1081199200 ns, Reaching safepoint: 24900 ns, Cleanup: 97500 ns, At safepoint: 11500 ns, Total: 133900 ns
[2024-09-08T15:36:40.724+0000][11340][info ][safepoint   ] Safepoint "Cleanup", Time since last: 1207593500 ns, Reaching safepoint: 12700 ns, Cleanup: 86800 ns, At safepoint: 7100 ns, Total: 106600 ns
[2024-09-08T15:36:42.549+0000][11340][info ][safepoint   ] Safepoint "Cleanup", Time since last: 1819846000 ns, Reaching safepoint: 192600 ns, Cleanup: 279400 ns, At safepoint: 11900 ns, Total: 483900 ns
[2024-09-08T15:36:43.556+0000][11340][info ][safepoint   ] Safepoint "Cleanup", Time since last: 1007095100 ns, Reaching safepoint: 90100 ns, Cleanup: 91400 ns, At safepoint: 16700 ns, Total: 198200 ns
[2024-09-08T15:36:45.564+0000][11340][info ][safepoint   ] Safepoint "Cleanup", Time since last: 2007308600 ns, Reaching safepoint: 49000 ns, Cleanup: 152800 ns, At safepoint: 20300 ns, Total: 222100 ns
[2024-09-08T15:36:46.646+0000][11340][info ][safepoint   ] Safepoint "Cleanup", Time since last: 1081372000 ns, Reaching safepoint: 38600 ns, Cleanup: 39300 ns, At safepoint: 13600 ns, Total: 91500 ns
[2024-09-08T15:36:47.899+0000][11340][info ][safepoint   ] Safepoint "Cleanup", Time since last: 1252937900 ns, Reaching safepoint: 46500 ns, Cleanup: 64700 ns, At safepoint: 11900 ns, Total: 123100 ns
[2024-09-08T15:36:48.911+0000][11340][info ][safepoint   ] Safepoint "Cleanup", Time since last: 1012399500 ns, Reaching safepoint: 40300 ns, Cleanup: 30700 ns, At safepoint: 13700 ns, Total: 84700 ns
[2024-09-08T15:36:49.912+0000][11340][info ][safepoint   ] Safepoint "Cleanup", Time since last: 1001262400 ns, Reaching safepoint: 45600 ns, Cleanup: 34100 ns, At safepoint: 14500 ns, Total: 94200 ns
[2024-09-08T15:36:51.926+0000][11340][info ][safepoint   ] Safepoint "Cleanup", Time since last: 2013657200 ns, Reaching safepoint: 162000 ns, Cleanup: 28600 ns, At safepoint: 16100 ns, Total: 206700 ns
[2024-09-08T15:36:54.951+0000][11340][info ][safepoint   ] Safepoint "Cleanup", Time since last: 3025017700 ns, Reaching safepoint: 193000 ns, Cleanup: 104400 ns, At safepoint: 19200 ns, Total: 316600 ns
[2024-09-08T15:36:55.957+0000][11340][info ][safepoint   ] Safepoint "Cleanup", Time since last: 1005161200 ns, Reaching safepoint: 46300 ns, Cleanup: 29200 ns, At safepoint: 22700 ns, Total: 98200 ns
[2024-09-08T15:36:56.958+0000][11340][info ][safepoint   ] Safepoint "Cleanup", Time since last: 1007236200 ns, Reaching safepoint: 20900 ns, Cleanup: 71000 ns, At safepoint: 14900 ns, Total: 106800 ns
[2024-09-08T15:36:57.982+0000][11340][info ][safepoint   ] Safepoint "Cleanup", Time since last: 1024874300 ns, Reaching safepoint: 14800 ns, Cleanup: 137300 ns, At safepoint: 7400 ns, Total: 159500 ns
[2024-09-08T15:36:59.242+0000][11340][info ][safepoint   ] Safepoint "Cleanup", Time since last: 1252358500 ns, Reaching safepoint: 200300 ns, Cleanup: 49900 ns, At safepoint: 21900 ns, Total: 272100 ns
[2024-09-08T15:37:01.253+0000][11340][info ][safepoint   ] Safepoint "Cleanup", Time since last: 2010891700 ns, Reaching safepoint: 36600 ns, Cleanup: 30000 ns, At safepoint: 12100 ns, Total: 78700 ns
[2024-09-08T15:37:04.700+0000][11340][info ][safepoint   ] Safepoint "Cleanup", Time since last: 3447058200 ns, Reaching safepoint: 33400 ns, Cleanup: 43900 ns, At safepoint: 12000 ns, Total: 89300 ns
[2024-09-08T15:37:05.708+0000][11340][info ][safepoint   ] Safepoint "Cleanup", Time since last: 1007731300 ns, Reaching safepoint: 76200 ns, Cleanup: 62100 ns, At safepoint: 53500 ns, Total: 191800 ns
[2024-09-08T15:37:06.711+0000][11340][info ][safepoint   ] Safepoint "Cleanup", Time since last: 1002737200 ns, Reaching safepoint: 34300 ns, Cleanup: 46400 ns, At safepoint: 12700 ns, Total: 93400 ns
[2024-09-08T15:37:10.882+0000][11340][info ][safepoint   ] Safepoint "Cleanup", Time since last: 4181181900 ns, Reaching safepoint: 16500 ns, Cleanup: 41400 ns, At safepoint: 16000 ns, Total: 73900 ns
[2024-09-08T15:37:12.856+0000][11340][info ][safepoint   ] Safepoint "Cleanup", Time since last: 1963563400 ns, Reaching safepoint: 34300 ns, Cleanup: 145600 ns, At safepoint: 12400 ns, Total: 192300 ns
[2024-09-08T15:37:13.862+0000][11340][info ][safepoint   ] Safepoint "Cleanup", Time since last: 1006319000 ns, Reaching safepoint: 48100 ns, Cleanup: 30300 ns, At safepoint: 16000 ns, Total: 94400 ns
[2024-09-08T15:37:15.161+0000][11340][info ][safepoint   ] Safepoint "Cleanup", Time since last: 1304892200 ns, Reaching safepoint: 15300 ns, Cleanup: 33200 ns, At safepoint: 7700 ns, Total: 56200 ns
[2024-09-08T15:37:16.179+0000][11340][info ][safepoint   ] Safepoint "Cleanup", Time since last: 1011934800 ns, Reaching safepoint: 35100 ns, Cleanup: 37900 ns, At safepoint: 15400 ns, Total: 88400 ns
[2024-09-08T15:37:21.189+0000][11340][info ][safepoint   ] Safepoint "Cleanup", Time since last: 5009470300 ns, Reaching safepoint: 36100 ns, Cleanup: 26700 ns, At safepoint: 13100 ns, Total: 75900 ns
[2024-09-08T15:37:34.328+0000][11340][info ][safepoint   ] Safepoint "Cleanup", Time since last: 13139502600 ns, Reaching safepoint: 41600 ns, Cleanup: 49600 ns, At safepoint: 23000 ns, Total: 114200 ns
[2024-09-08T15:37:35.342+0000][11340][info ][safepoint   ] Safepoint "Cleanup", Time since last: 1013359300 ns, Reaching safepoint: 33800 ns, Cleanup: 29400 ns, At safepoint: 12700 ns, Total: 75900 ns
[2024-09-08T15:37:36.353+0000][11340][info ][safepoint   ] Safepoint "Cleanup", Time since last: 1010861100 ns, Reaching safepoint: 233300 ns, Cleanup: 19600 ns, At safepoint: 15500 ns, Total: 268400 ns
[2024-09-08T15:37:38.374+0000][11340][info ][safepoint   ] Safepoint "Cleanup", Time since last: 2020810300 ns, Reaching safepoint: 20300 ns, Cleanup: 27500 ns, At safepoint: 19800 ns, Total: 67600 ns
[2024-09-08T15:37:39.433+0000][11340][info ][safepoint   ] Safepoint "Cleanup", Time since last: 1064484400 ns, Reaching safepoint: 14200 ns, Cleanup: 40400 ns, At safepoint: 6800 ns, Total: 61400 ns
[2024-09-08T15:37:40.459+0000][11340][info ][safepoint   ] Safepoint "Cleanup", Time since last: 1020618600 ns, Reaching safepoint: 23600 ns, Cleanup: 36200 ns, At safepoint: 11700 ns, Total: 71500 ns
[2024-09-08T15:37:43.551+0000][11340][info ][safepoint   ] Safepoint "Cleanup", Time since last: 3092135400 ns, Reaching safepoint: 38700 ns, Cleanup: 34800 ns, At safepoint: 10600 ns, Total: 84100 ns
[2024-09-08T15:37:45.574+0000][11340][info ][safepoint   ] Safepoint "Cleanup", Time since last: 2022313700 ns, Reaching safepoint: 43400 ns, Cleanup: 263500 ns, At safepoint: 18500 ns, Total: 325400 ns
[2024-09-08T15:37:47.337+0000][11340][info ][safepoint   ] Safepoint "Cleanup", Time since last: 1763005100 ns, Reaching safepoint: 34800 ns, Cleanup: 41700 ns, At safepoint: 12300 ns, Total: 88800 ns
[2024-09-08T15:37:54.417+0000][11340][info ][safepoint   ] Safepoint "Cleanup", Time since last: 7080274800 ns, Reaching safepoint: 34900 ns, Cleanup: 27300 ns, At safepoint: 14000 ns, Total: 76200 ns
[2024-09-08T15:37:57.206+0000][11340][info ][safepoint   ] Safepoint "Cleanup", Time since last: 2790046000 ns, Reaching safepoint: 16700 ns, Cleanup: 47000 ns, At safepoint: 8500 ns, Total: 72200 ns
[2024-09-08T15:37:58.720+0000][11340][info ][safepoint   ] Safepoint "Cleanup", Time since last: 1513226800 ns, Reaching safepoint: 15600 ns, Cleanup: 67100 ns, At safepoint: 8900 ns, Total: 91600 ns
[2024-09-08T15:38:00.735+0000][11340][info ][safepoint   ] Safepoint "Cleanup", Time since last: 2014610400 ns, Reaching safepoint: 37100 ns, Cleanup: 82900 ns, At safepoint: 29100 ns, Total: 149100 ns
[2024-09-08T15:38:02.694+0000][11340][info ][safepoint   ] Safepoint "Cleanup", Time since last: 1958495000 ns, Reaching safepoint: 33700 ns, Cleanup: 26000 ns, At safepoint: 7800 ns, Total: 67500 ns
[2024-09-08T15:38:03.699+0000][11340][info ][safepoint   ] Safepoint "Cleanup", Time since last: 1005224800 ns, Reaching safepoint: 33800 ns, Cleanup: 27100 ns, At safepoint: 10000 ns, Total: 70900 ns
[2024-09-08T15:38:04.705+0000][11340][info ][safepoint   ] Safepoint "Cleanup", Time since last: 1004949100 ns, Reaching safepoint: 23200 ns, Cleanup: 23600 ns, At safepoint: 77300 ns, Total: 124100 ns
[2024-09-08T15:38:05.715+0000][11340][info ][safepoint   ] Safepoint "Cleanup", Time since last: 1010959900 ns, Reaching safepoint: 179000 ns, Cleanup: 29000 ns, At safepoint: 17200 ns, Total: 225200 ns
[2024-09-08T15:38:12.756+0000][11340][info ][safepoint   ] Safepoint "Cleanup", Time since last: 7040278900 ns, Reaching safepoint: 36200 ns, Cleanup: 47100 ns, At safepoint: 12100 ns, Total: 95400 ns
[2024-09-08T15:38:13.766+0000][11340][info ][safepoint   ] Safepoint "Cleanup", Time since last: 1010359900 ns, Reaching safepoint: 35000 ns, Cleanup: 28700 ns, At safepoint: 71900 ns, Total: 135600 ns
[2024-09-08T15:38:16.778+0000][11340][info ][safepoint   ] Safepoint "Cleanup", Time since last: 3011854800 ns, Reaching safepoint: 35700 ns, Cleanup: 40000 ns, At safepoint: 14000 ns, Total: 89700 ns
[2024-09-08T15:38:17.875+0000][11340][info ][safepoint   ] Safepoint "Cleanup", Time since last: 1102723600 ns, Reaching safepoint: 18000 ns, Cleanup: 29600 ns, At safepoint: 7600 ns, Total: 55200 ns
[2024-09-08T15:38:21.909+0000][11340][info ][safepoint   ] Safepoint "Cleanup", Time since last: 4027578300 ns, Reaching safepoint: 36100 ns, Cleanup: 36500 ns, At safepoint: 14600 ns, Total: 87200 ns
[2024-09-08T15:38:26.942+0000][11340][info ][safepoint   ] Safepoint "Cleanup", Time since last: 5032781200 ns, Reaching safepoint: 37500 ns, Cleanup: 31700 ns, At safepoint: 15800 ns, Total: 85000 ns
[2024-09-08T15:38:30.973+0000][11340][info ][safepoint   ] Safepoint "Cleanup", Time since last: 4031210200 ns, Reaching safepoint: 40300 ns, Cleanup: 25700 ns, At safepoint: 16300 ns, Total: 82300 ns
[2024-09-08T15:38:31.984+0000][11340][info ][safepoint   ] Safepoint "Cleanup", Time since last: 1011414600 ns, Reaching safepoint: 70400 ns, Cleanup: 76100 ns, At safepoint: 16000 ns, Total: 162500 ns
[2024-09-08T15:38:32.991+0000][11340][info ][safepoint   ] Safepoint "Cleanup", Time since last: 1006430500 ns, Reaching safepoint: 51500 ns, Cleanup: 52900 ns, At safepoint: 27100 ns, Total: 131500 ns
[2024-09-08T15:38:33.994+0000][11340][info ][safepoint   ] Safepoint "Cleanup", Time since last: 1002368000 ns, Reaching safepoint: 30000 ns, Cleanup: 35200 ns, At safepoint: 13500 ns, Total: 78700 ns
[2024-09-08T15:38:34.999+0000][11340][info ][safepoint   ] Safepoint "Cleanup", Time since last: 1005620800 ns, Reaching safepoint: 49000 ns, Cleanup: 54000 ns, At safepoint: 27600 ns, Total: 130600 ns
[2024-09-08T15:38:37.017+0000][11340][info ][safepoint   ] Safepoint "Cleanup", Time since last: 2017783900 ns, Reaching safepoint: 41600 ns, Cleanup: 35700 ns, At safepoint: 15400 ns, Total: 92700 ns
[2024-09-08T15:38:40.046+0000][11340][info ][safepoint   ] Safepoint "Cleanup", Time since last: 3028960200 ns, Reaching safepoint: 31600 ns, Cleanup: 25400 ns, At safepoint: 12600 ns, Total: 69600 ns
[2024-09-08T15:38:42.071+0000][11340][info ][safepoint   ] Safepoint "Cleanup", Time since last: 2024937600 ns, Reaching safepoint: 35600 ns, Cleanup: 28100 ns, At safepoint: 14200 ns, Total: 77900 ns
[2024-09-08T15:38:45.087+0000][11340][info ][safepoint   ] Safepoint "Cleanup", Time since last: 3015861800 ns, Reaching safepoint: 36800 ns, Cleanup: 26700 ns, At safepoint: 14100 ns, Total: 77600 ns
[2024-09-08T15:38:51.133+0000][11340][info ][safepoint   ] Safepoint "Cleanup", Time since last: 6046041900 ns, Reaching safepoint: 64700 ns, Cleanup: 32100 ns, At safepoint: 13700 ns, Total: 110500 ns
[2024-09-08T15:38:52.148+0000][11340][info ][safepoint   ] Safepoint "Cleanup", Time since last: 1014423300 ns, Reaching safepoint: 35100 ns, Cleanup: 31700 ns, At safepoint: 14000 ns, Total: 80800 ns
[2024-09-08T15:38:54.173+0000][11340][info ][safepoint   ] Safepoint "Cleanup", Time since last: 2025059500 ns, Reaching safepoint: 37800 ns, Cleanup: 32900 ns, At safepoint: 13200 ns, Total: 83900 ns
[2024-09-08T15:38:59.587+0000][11340][info ][safepoint   ] Safepoint "Cleanup", Time since last: 5412765300 ns, Reaching safepoint: 607100 ns, Cleanup: 69200 ns, At safepoint: 11200 ns, Total: 687500 ns
[2024-09-08T15:39:01.277+0000][11340][info ][safepoint   ] Safepoint "Cleanup", Time since last: 1691734000 ns, Reaching safepoint: 19400 ns, Cleanup: 57500 ns, At safepoint: 13800 ns, Total: 90700 ns
[2024-09-08T15:39:02.886+0000][11340][info ][safepoint   ] Safepoint "Cleanup", Time since last: 1608126600 ns, Reaching safepoint: 36800 ns, Cleanup: 30000 ns, At safepoint: 12700 ns, Total: 79500 ns
[2024-09-08T15:39:04.901+0000][11340][info ][safepoint   ] Safepoint "Cleanup", Time since last: 2014521600 ns, Reaching safepoint: 39800 ns, Cleanup: 28900 ns, At safepoint: 11200 ns, Total: 79900 ns
[2024-09-08T15:39:13.959+0000][11340][info ][safepoint   ] Safepoint "Cleanup", Time since last: 9058107900 ns, Reaching safepoint: 35300 ns, Cleanup: 26900 ns, At safepoint: 11700 ns, Total: 73900 ns
[2024-09-08T15:39:14.967+0000][11340][info ][safepoint   ] Safepoint "Cleanup", Time since last: 1008216500 ns, Reaching safepoint: 33600 ns, Cleanup: 28200 ns, At safepoint: 14700 ns, Total: 76500 ns
[2024-09-08T15:39:20.016+0000][11340][info ][safepoint   ] Safepoint "Cleanup", Time since last: 5048077600 ns, Reaching safepoint: 24700 ns, Cleanup: 22800 ns, At safepoint: 12300 ns, Total: 59800 ns
[2024-09-08T15:39:21.657+0000][11340][info ][safepoint   ] Safepoint "Cleanup", Time since last: 1641060000 ns, Reaching safepoint: 28000 ns, Cleanup: 39400 ns, At safepoint: 12200 ns, Total: 79600 ns
[2024-09-08T15:39:23.703+0000][11340][info ][safepoint   ] Safepoint "Cleanup", Time since last: 2046571300 ns, Reaching safepoint: 40900 ns, Cleanup: 30600 ns, At safepoint: 12500 ns, Total: 84000 ns
[2024-09-08T15:39:24.719+0000][11340][info ][safepoint   ] Safepoint "Cleanup", Time since last: 1015456300 ns, Reaching safepoint: 43900 ns, Cleanup: 27600 ns, At safepoint: 13000 ns, Total: 84500 ns
[2024-09-08T15:39:32.789+0000][11340][info ][safepoint   ] Safepoint "Cleanup", Time since last: 8069673000 ns, Reaching safepoint: 34800 ns, Cleanup: 28200 ns, At safepoint: 11200 ns, Total: 74200 ns
[2024-09-08T15:39:33.800+0000][11340][info ][safepoint   ] Safepoint "Cleanup", Time since last: 1011377100 ns, Reaching safepoint: 35200 ns, Cleanup: 48700 ns, At safepoint: 13800 ns, Total: 97700 ns
[2024-09-08T15:39:34.809+0000][11340][info ][safepoint   ] Safepoint "Cleanup", Time since last: 1009288000 ns, Reaching safepoint: 26900 ns, Cleanup: 28900 ns, At safepoint: 13500 ns, Total: 69300 ns
[2024-09-08T15:39:43.892+0000][11340][info ][safepoint   ] Safepoint "Cleanup", Time since last: 9082380200 ns, Reaching safepoint: 35000 ns, Cleanup: 26900 ns, At safepoint: 13800 ns, Total: 75700 ns
[2024-09-08T15:39:49.963+0000][11340][info ][safepoint   ] Safepoint "Cleanup", Time since last: 6071221400 ns, Reaching safepoint: 35200 ns, Cleanup: 27800 ns, At safepoint: 12900 ns, Total: 75900 ns
[2024-09-08T15:39:55.005+0000][11340][info ][safepoint   ] Safepoint "Cleanup", Time since last: 5041445000 ns, Reaching safepoint: 36600 ns, Cleanup: 30600 ns, At safepoint: 11400 ns, Total: 78600 ns
[2024-09-08T15:39:57.014+0000][11340][info ][safepoint   ] Safepoint "Cleanup", Time since last: 2009203900 ns, Reaching safepoint: 158100 ns, Cleanup: 84900 ns, At safepoint: 14200 ns, Total: 257200 ns
[2024-09-08T15:40:00.044+0000][11340][info ][safepoint   ] Safepoint "Cleanup", Time since last: 3029191200 ns, Reaching safepoint: 21300 ns, Cleanup: 27500 ns, At safepoint: 10000 ns, Total: 58800 ns
[2024-09-08T15:40:02.062+0000][11340][info ][safepoint   ] Safepoint "Cleanup", Time since last: 2018060200 ns, Reaching safepoint: 38100 ns, Cleanup: 31500 ns, At safepoint: 13400 ns, Total: 83000 ns
[2024-09-08T15:40:03.063+0000][11340][info ][safepoint   ] Safepoint "Cleanup", Time since last: 1001870900 ns, Reaching safepoint: 94300 ns, Cleanup: 105300 ns, At safepoint: 43800 ns, Total: 243400 ns
[2024-09-08T15:40:04.178+0000][11340][info ][safepoint   ] Safepoint "Cleanup", Time since last: 1115779700 ns, Reaching safepoint: 14000 ns, Cleanup: 35000 ns, At safepoint: 7300 ns, Total: 56300 ns
[2024-09-08T15:40:05.958+0000][11340][info ][safepoint   ] Safepoint "Cleanup", Time since last: 1778509300 ns, Reaching safepoint: 38500 ns, Cleanup: 41700 ns, At safepoint: 14900 ns, Total: 95100 ns
[2024-09-08T15:40:06.969+0000][11340][info ][safepoint   ] Safepoint "Cleanup", Time since last: 1016207300 ns, Reaching safepoint: 25000 ns, Cleanup: 22200 ns, At safepoint: 13200 ns, Total: 60400 ns
[2024-09-08T15:40:07.997+0000][11340][info ][safepoint   ] Safepoint "Cleanup", Time since last: 1022918300 ns, Reaching safepoint: 23000 ns, Cleanup: 49800 ns, At safepoint: 5700 ns, Total: 78500 ns
[2024-09-08T15:40:12.031+0000][11340][info ][safepoint   ] Safepoint "Cleanup", Time since last: 4033070500 ns, Reaching safepoint: 31500 ns, Cleanup: 26300 ns, At safepoint: 11400 ns, Total: 69200 ns
[2024-09-08T15:40:14.044+0000][11340][info ][safepoint   ] Safepoint "Cleanup", Time since last: 2013408500 ns, Reaching safepoint: 273600 ns, Cleanup: 23000 ns, At safepoint: 9800 ns, Total: 306400 ns
[2024-09-08T15:40:16.073+0000][11340][info ][safepoint   ] Safepoint "Cleanup", Time since last: 2028803400 ns, Reaching safepoint: 33400 ns, Cleanup: 29800 ns, At safepoint: 12500 ns, Total: 75700 ns
[2024-09-08T15:40:17.084+0000][11340][info ][safepoint   ] Safepoint "Cleanup", Time since last: 1010665800 ns, Reaching safepoint: 35100 ns, Cleanup: 29100 ns, At safepoint: 11900 ns, Total: 76100 ns
[2024-09-08T15:40:18.095+0000][11340][info ][safepoint   ] Safepoint "Cleanup", Time since last: 1011285300 ns, Reaching safepoint: 133000 ns, Cleanup: 22800 ns, At safepoint: 19000 ns, Total: 174800 ns
[2024-09-08T15:40:23.734+0000][11340][info ][safepoint   ] Safepoint "Cleanup", Time since last: 5650373700 ns, Reaching safepoint: 12700 ns, Cleanup: 14900 ns, At safepoint: 3800 ns, Total: 31400 ns
[2024-09-08T15:40:25.457+0000][11340][info ][safepoint   ] Safepoint "Cleanup", Time since last: 1711504600 ns, Reaching safepoint: 36400 ns, Cleanup: 36000 ns, At safepoint: 11500 ns, Total: 83900 ns
[2024-09-08T15:40:27.467+0000][11340][info ][safepoint   ] Safepoint "Cleanup", Time since last: 2009647900 ns, Reaching safepoint: 34800 ns, Cleanup: 35700 ns, At safepoint: 13000 ns, Total: 83500 ns
[2024-09-08T15:40:29.856+0000][11340][info ][safepoint   ] Safepoint "Cleanup", Time since last: 2391232200 ns, Reaching safepoint: 18900 ns, Cleanup: 19800 ns, At safepoint: 13100 ns, Total: 51800 ns
[2024-09-08T15:40:31.580+0000][11340][info ][safepoint   ] Safepoint "Cleanup", Time since last: 1722168300 ns, Reaching safepoint: 70000 ns, Cleanup: 48000 ns, At safepoint: 14300 ns, Total: 132300 ns
[2024-09-08T15:40:32.582+0000][11340][info ][safepoint   ] Safepoint "Cleanup", Time since last: 1000997700 ns, Reaching safepoint: 30800 ns, Cleanup: 58800 ns, At safepoint: 15000 ns, Total: 104600 ns
[2024-09-08T15:40:33.583+0000][11340][info ][safepoint   ] Safepoint "Cleanup", Time since last: 1000649400 ns, Reaching safepoint: 36200 ns, Cleanup: 68000 ns, At safepoint: 11800 ns, Total: 116000 ns
[2024-09-08T15:40:35.585+0000][11340][info ][safepoint   ] Safepoint "Cleanup", Time since last: 2002693400 ns, Reaching safepoint: 58600 ns, Cleanup: 75100 ns, At safepoint: 11300 ns, Total: 145000 ns
[2024-09-08T15:40:36.592+0000][11340][info ][safepoint   ] Safepoint "Cleanup", Time since last: 1006768600 ns, Reaching safepoint: 45900 ns, Cleanup: 32500 ns, At safepoint: 12000 ns, Total: 90400 ns
[2024-09-08T15:40:45.677+0000][11340][info ][safepoint   ] Safepoint "Cleanup", Time since last: 9084484400 ns, Reaching safepoint: 32500 ns, Cleanup: 26700 ns, At safepoint: 11800 ns, Total: 71000 ns
[2024-09-08T15:40:51.764+0000][11340][info ][safepoint   ] Safepoint "Cleanup", Time since last: 6086892500 ns, Reaching safepoint: 49700 ns, Cleanup: 102500 ns, At safepoint: 13000 ns, Total: 165200 ns
[2024-09-08T15:40:54.790+0000][11340][info ][safepoint   ] Safepoint "Cleanup", Time since last: 3025671700 ns, Reaching safepoint: 98800 ns, Cleanup: 30600 ns, At safepoint: 15700 ns, Total: 145100 ns
[2024-09-08T15:40:55.804+0000][11340][info ][safepoint   ] Safepoint "Cleanup", Time since last: 1014023300 ns, Reaching safepoint: 40300 ns, Cleanup: 35100 ns, At safepoint: 13200 ns, Total: 88600 ns
[2024-09-08T15:41:00.845+0000][11340][info ][safepoint   ] Safepoint "Cleanup", Time since last: 5040625400 ns, Reaching safepoint: 37300 ns, Cleanup: 28200 ns, At safepoint: 15300 ns, Total: 80800 ns
[2024-09-08T15:41:02.875+0000][11340][info ][safepoint   ] Safepoint "Cleanup", Time since last: 2030637400 ns, Reaching safepoint: 13300 ns, Cleanup: 25700 ns, At safepoint: 2600 ns, Total: 41600 ns
[2024-09-08T15:41:03.943+0000][11340][info ][safepoint   ] Safepoint "Cleanup", Time since last: 1078393900 ns, Reaching safepoint: 18800 ns, Cleanup: 92100 ns, At safepoint: 24100 ns, Total: 135000 ns
[2024-09-08T15:41:05.574+0000][11340][info ][safepoint   ] Safepoint "Cleanup", Time since last: 1624868600 ns, Reaching safepoint: 521600 ns, Cleanup: 59600 ns, At safepoint: 13400 ns, Total: 594600 ns
[2024-09-08T15:41:06.580+0000][11340][info ][safepoint   ] Safepoint "Cleanup", Time since last: 1000288800 ns, Reaching safepoint: 37400 ns, Cleanup: 74100 ns, At safepoint: 19200 ns, Total: 130700 ns
[2024-09-08T15:41:07.594+0000][11340][info ][safepoint   ] Safepoint "Cleanup", Time since last: 1014352800 ns, Reaching safepoint: 114200 ns, Cleanup: 29300 ns, At safepoint: 19700 ns, Total: 163200 ns
[2024-09-08T15:41:09.619+0000][11340][info ][safepoint   ] Safepoint "Cleanup", Time since last: 2024805300 ns, Reaching safepoint: 101300 ns, Cleanup: 44600 ns, At safepoint: 8600 ns, Total: 154500 ns
[2024-09-08T15:41:11.642+0000][11340][info ][safepoint   ] Safepoint "Cleanup", Time since last: 2022510900 ns, Reaching safepoint: 46200 ns, Cleanup: 32000 ns, At safepoint: 14500 ns, Total: 92700 ns
[2024-09-08T15:41:16.682+0000][11340][info ][safepoint   ] Safepoint "Cleanup", Time since last: 5039843900 ns, Reaching safepoint: 50900 ns, Cleanup: 23800 ns, At safepoint: 9900 ns, Total: 84600 ns
[2024-09-08T15:41:25.149+0000][11340][info ][gc,start    ] GC(18) Pause Young (Prepare Mixed) (G1 Evacuation Pause)
[2024-09-08T15:41:25.164+0000][11340][info ][gc,task     ] GC(18) Using 8 workers of 8 for evacuation
[2024-09-08T15:41:25.164+0000][11340][debug][gc,age      ] GC(18) Desired survivor size 157286400 bytes, new threshold 15 (max threshold 15)
[2024-09-08T15:41:25.386+0000][11340][info ][gc,mmu      ] GC(18) MMU target violated: 201.0ms (200.0ms/201.0ms)
[2024-09-08T15:41:25.386+0000][11340][info ][gc,phases   ] GC(18)   Pre Evacuate Collection Set: 6.97ms
[2024-09-08T15:41:25.386+0000][11340][info ][gc,phases   ] GC(18)   Merge Heap Roots: 4.16ms
[2024-09-08T15:41:25.386+0000][11340][info ][gc,phases   ] GC(18)   Evacuate Collection Set: 205.44ms
[2024-09-08T15:41:25.386+0000][11340][info ][gc,phases   ] GC(18)   Post Evacuate Collection Set: 12.26ms
[2024-09-08T15:41:25.386+0000][11340][info ][gc,phases   ] GC(18)   Other: 5.20ms
[2024-09-08T15:41:25.386+0000][11340][trace][gc,age      ] GC(18) Age table with threshold 15 (max threshold 15)
[2024-09-08T15:41:25.386+0000][11340][trace][gc,age      ] GC(18) - age   1:   17502168 bytes,   17502168 total
[2024-09-08T15:41:25.386+0000][11340][trace][gc,age      ] GC(18) - age   2:    4337712 bytes,   21839880 total
[2024-09-08T15:41:25.386+0000][11340][trace][gc,age      ] GC(18) - age   3:    7980760 bytes,   29820640 total
[2024-09-08T15:41:25.386+0000][11340][trace][gc,age      ] GC(18) - age   4:     688328 bytes,   30508968 total
[2024-09-08T15:41:25.386+0000][11340][trace][gc,age      ] GC(18) - age   5:   23017800 bytes,   53526768 total
[2024-09-08T15:41:25.386+0000][11340][info ][gc,heap     ] GC(18) Eden regions: 584->0(63)
[2024-09-08T15:41:25.386+0000][11340][info ][gc,heap     ] GC(18) Survivor regions: 10->14(75)
[2024-09-08T15:41:25.386+0000][11340][info ][gc,heap     ] GC(18) Old regions: 25->25
[2024-09-08T15:41:25.386+0000][11340][info ][gc,heap     ] GC(18) Humongous regions: 2->2
[2024-09-08T15:41:25.386+0000][11340][info ][gc,metaspace] GC(18) Metaspace: 161597K(166400K)->161597K(166400K) NonClass: 139434K(142080K)->139434K(142080K) Class: 22163K(24320K)->22163K(24320K)
[2024-09-08T15:41:25.386+0000][11340][info ][gc          ] GC(18) Pause Young (Prepare Mixed) (G1 Evacuation Pause) 2483M->161M(3964M) 238.655ms
[2024-09-08T15:41:25.386+0000][11340][info ][gc,cpu      ] GC(18) User=0.11s Sys=0.95s Real=0.24s
[2024-09-08T15:41:25.386+0000][11340][info ][safepoint   ] Safepoint "G1CollectForAllocation", Time since last: 8477731300 ns, Reaching safepoint: 37900 ns, Cleanup: 10400 ns, At safepoint: 238869300 ns, Total: 238917600 ns
[2024-09-08T15:41:26.883+0000][11340][info ][safepoint   ] Safepoint "Cleanup", Time since last: 1493917900 ns, Reaching safepoint: 17600 ns, Cleanup: 20800 ns, At safepoint: 5300 ns, Total: 43700 ns
[2024-09-08T15:41:34.310+0000][11340][info ][safepoint   ] Safepoint "Cleanup", Time since last: 7417429700 ns, Reaching safepoint: 35100 ns, Cleanup: 38900 ns, At safepoint: 13800 ns, Total: 87800 ns
[2024-09-08T15:41:36.817+0000][11340][info ][safepoint   ] Safepoint "Cleanup", Time since last: 2506864200 ns, Reaching safepoint: 32100 ns, Cleanup: 30600 ns, At safepoint: 14000 ns, Total: 76700 ns
[2024-09-08T15:41:45.028+0000][11340][info ][safepoint   ] Safepoint "Cleanup", Time since last: 8211163800 ns, Reaching safepoint: 44300 ns, Cleanup: 56100 ns, At safepoint: 17900 ns, Total: 118300 ns
[2024-09-08T15:41:47.337+0000][11340][info ][safepoint   ] Safepoint "Cleanup", Time since last: 2309082400 ns, Reaching safepoint: 39000 ns, Cleanup: 43200 ns, At safepoint: 15800 ns, Total: 98000 ns
[2024-09-08T15:41:51.381+0000][11340][info ][safepoint   ] Safepoint "Cleanup", Time since last: 4043499900 ns, Reaching safepoint: 37300 ns, Cleanup: 38000 ns, At safepoint: 13200 ns, Total: 88500 ns
[2024-09-08T15:41:54.696+0000][11340][info ][safepoint   ] Safepoint "Cleanup", Time since last: 3314944100 ns, Reaching safepoint: 35300 ns, Cleanup: 26800 ns, At safepoint: 18500 ns, Total: 80600 ns
[2024-09-08T15:41:57.718+0000][11340][info ][safepoint   ] Safepoint "Cleanup", Time since last: 3021919200 ns, Reaching safepoint: 35200 ns, Cleanup: 25600 ns, At safepoint: 11500 ns, Total: 72300 ns
[2024-09-08T15:42:03.116+0000][11340][info ][safepoint   ] Safepoint "Cleanup", Time since last: 5398489100 ns, Reaching safepoint: 27300 ns, Cleanup: 27200 ns, At safepoint: 13100 ns, Total: 67600 ns
[2024-09-08T15:42:06.031+0000][11340][info ][safepoint   ] Safepoint "Cleanup", Time since last: 2918642400 ns, Reaching safepoint: 13200 ns, Cleanup: 13000 ns, At safepoint: 4400 ns, Total: 30600 ns
[2024-09-08T15:42:07.121+0000][11340][info ][safepoint   ] Safepoint "Cleanup", Time since last: 1087299100 ns, Reaching safepoint: 12600 ns, Cleanup: 68600 ns, At safepoint: 21800 ns, Total: 103000 ns
[2024-09-08T15:42:08.858+0000][11340][info ][safepoint   ] Safepoint "Cleanup", Time since last: 1735428900 ns, Reaching safepoint: 33900 ns, Cleanup: 34900 ns, At safepoint: 12700 ns, Total: 81500 ns
[2024-09-08T15:42:13.918+0000][11340][info ][safepoint   ] Safepoint "Cleanup", Time since last: 5059601600 ns, Reaching safepoint: 33600 ns, Cleanup: 65000 ns, At safepoint: 15200 ns, Total: 113800 ns
[2024-09-08T15:42:15.938+0000][11340][info ][safepoint   ] Safepoint "Cleanup", Time since last: 2020572100 ns, Reaching safepoint: 36500 ns, Cleanup: 33100 ns, At safepoint: 13500 ns, Total: 83100 ns
[2024-09-08T15:42:18.963+0000][11340][info ][safepoint   ] Safepoint "Cleanup", Time since last: 3025036900 ns, Reaching safepoint: 26000 ns, Cleanup: 33300 ns, At safepoint: 17200 ns, Total: 76500 ns
[2024-09-08T15:42:22.984+0000][11340][info ][safepoint   ] Safepoint "Cleanup", Time since last: 4020612000 ns, Reaching safepoint: 34400 ns, Cleanup: 38000 ns, At safepoint: 13200 ns, Total: 85600 ns
[2024-09-08T15:42:24.987+0000][11340][info ][safepoint   ] Safepoint "Cleanup", Time since last: 2002504000 ns, Reaching safepoint: 31500 ns, Cleanup: 23600 ns, At safepoint: 8600 ns, Total: 63700 ns
[2024-09-08T15:42:28.017+0000][11340][info ][safepoint   ] Safepoint "Cleanup", Time since last: 3029712200 ns, Reaching safepoint: 36100 ns, Cleanup: 27600 ns, At safepoint: 12600 ns, Total: 76300 ns
[2024-09-08T15:42:31.098+0000][11340][info ][safepoint   ] Safepoint "Cleanup", Time since last: 3080939200 ns, Reaching safepoint: 34400 ns, Cleanup: 27400 ns, At safepoint: 12600 ns, Total: 74400 ns
[2024-09-08T15:42:34.164+0000][11340][info ][safepoint   ] Safepoint "Cleanup", Time since last: 3066376200 ns, Reaching safepoint: 36600 ns, Cleanup: 41500 ns, At safepoint: 12600 ns, Total: 90700 ns
[2024-09-08T15:42:36.187+0000][11340][info ][safepoint   ] Safepoint "Cleanup", Time since last: 2023149100 ns, Reaching safepoint: 35800 ns, Cleanup: 33400 ns, At safepoint: 13900 ns, Total: 83100 ns
[2024-09-08T15:42:37.197+0000][11340][info ][safepoint   ] Safepoint "Cleanup", Time since last: 1009321600 ns, Reaching safepoint: 37700 ns, Cleanup: 33800 ns, At safepoint: 14500 ns, Total: 86000 ns
[2024-09-08T15:42:38.209+0000][11340][info ][safepoint   ] Safepoint "Cleanup", Time since last: 1012479200 ns, Reaching safepoint: 37700 ns, Cleanup: 34400 ns, At safepoint: 15300 ns, Total: 87400 ns
[2024-09-08T15:42:39.246+0000][11340][info ][safepoint   ] Safepoint "Cleanup", Time since last: 1048308000 ns, Reaching safepoint: 77700 ns, Cleanup: 13100 ns, At safepoint: 2300 ns, Total: 93100 ns
[2024-09-08T15:42:40.306+0000][11340][info ][safepoint   ] Safepoint "Cleanup", Time since last: 1048588600 ns, Reaching safepoint: 44800 ns, Cleanup: 420800 ns, At safepoint: 21600 ns, Total: 487200 ns
[2024-09-08T15:42:41.381+0000][11340][info ][safepoint   ] Safepoint "Cleanup", Time since last: 1074356700 ns, Reaching safepoint: 34700 ns, Cleanup: 30800 ns, At safepoint: 13500 ns, Total: 79000 ns
[2024-09-08T15:42:42.468+0000][11340][info ][safepoint   ] Safepoint "Cleanup", Time since last: 1086334500 ns, Reaching safepoint: 36700 ns, Cleanup: 48300 ns, At safepoint: 16500 ns, Total: 101500 ns
[2024-09-08T15:42:45.493+0000][11340][info ][safepoint   ] Safepoint "Cleanup", Time since last: 3025463500 ns, Reaching safepoint: 35300 ns, Cleanup: 99100 ns, At safepoint: 15400 ns, Total: 149800 ns
[2024-09-08T15:42:48.685+0000][11340][info ][safepoint   ] Safepoint "Cleanup", Time since last: 3191414600 ns, Reaching safepoint: 34200 ns, Cleanup: 33500 ns, At safepoint: 13800 ns, Total: 81500 ns
[2024-09-08T15:42:52.727+0000][11340][info ][safepoint   ] Safepoint "Cleanup", Time since last: 4042542400 ns, Reaching safepoint: 36200 ns, Cleanup: 32400 ns, At safepoint: 13800 ns, Total: 82400 ns
[2024-09-08T15:42:54.743+0000][11340][info ][safepoint   ] Safepoint "Cleanup", Time since last: 2015477000 ns, Reaching safepoint: 30300 ns, Cleanup: 31700 ns, At safepoint: 9600 ns, Total: 71600 ns
[2024-09-08T15:43:01.806+0000][11340][info ][safepoint   ] Safepoint "Cleanup", Time since last: 7063190800 ns, Reaching safepoint: 35800 ns, Cleanup: 29400 ns, At safepoint: 11700 ns, Total: 76900 ns
[2024-09-08T15:43:03.249+0000][11340][info ][safepoint   ] Safepoint "Cleanup", Time since last: 1443045300 ns, Reaching safepoint: 35100 ns, Cleanup: 29100 ns, At safepoint: 12900 ns, Total: 77100 ns
[2024-09-08T15:43:05.268+0000][11340][info ][safepoint   ] Safepoint "Cleanup", Time since last: 2018082400 ns, Reaching safepoint: 48500 ns, Cleanup: 113400 ns, At safepoint: 10400 ns, Total: 172300 ns
[2024-09-08T15:43:06.281+0000][11340][info ][safepoint   ] Safepoint "Cleanup", Time since last: 1013470100 ns, Reaching safepoint: 27100 ns, Cleanup: 39600 ns, At safepoint: 8200 ns, Total: 74900 ns
[2024-09-08T15:43:07.987+0000][11340][info ][safepoint   ] Safepoint "Cleanup", Time since last: 1706369000 ns, Reaching safepoint: 81100 ns, Cleanup: 134200 ns, At safepoint: 103000 ns, Total: 318300 ns
[2024-09-08T15:43:09.143+0000][11340][info ][safepoint   ] Safepoint "Cleanup", Time since last: 1155780600 ns, Reaching safepoint: 14500 ns, Cleanup: 21300 ns, At safepoint: 7200 ns, Total: 43000 ns
[2024-09-08T15:43:10.222+0000][11340][info ][safepoint   ] Safepoint "Cleanup", Time since last: 1090636100 ns, Reaching safepoint: 19500 ns, Cleanup: 73900 ns, At safepoint: 12500 ns, Total: 105900 ns
[2024-09-08T15:43:11.899+0000][11340][info ][safepoint   ] Safepoint "Cleanup", Time since last: 1664761300 ns, Reaching safepoint: 37900 ns, Cleanup: 47900 ns, At safepoint: 12300 ns, Total: 98100 ns
[2024-09-08T15:43:12.913+0000][11340][info ][safepoint   ] Safepoint "Cleanup", Time since last: 1013548600 ns, Reaching safepoint: 36700 ns, Cleanup: 31700 ns, At safepoint: 12300 ns, Total: 80700 ns
[2024-09-08T15:43:15.947+0000][11340][info ][safepoint   ] Safepoint "Cleanup", Time since last: 3034736800 ns, Reaching safepoint: 46000 ns, Cleanup: 24000 ns, At safepoint: 10800 ns, Total: 80800 ns
[2024-09-08T15:43:16.758+0000][11340][info ][gc,start    ] GC(19) Pause Young (Concurrent Start) (CodeCache GC Threshold)
[2024-09-08T15:43:16.758+0000][11340][info ][gc,task     ] GC(19) Using 8 workers of 8 for evacuation
[2024-09-08T15:43:16.758+0000][11340][debug][gc,age      ] GC(19) Desired survivor size 44040192 bytes, new threshold 5 (max threshold 15)
[2024-09-08T15:43:16.833+0000][11340][info ][gc,phases   ] GC(19)   Pre Evacuate Collection Set: 2.83ms
[2024-09-08T15:43:16.833+0000][11340][info ][gc,phases   ] GC(19)   Merge Heap Roots: 0.46ms
[2024-09-08T15:43:16.833+0000][11340][info ][gc,phases   ] GC(19)   Evacuate Collection Set: 66.55ms
[2024-09-08T15:43:16.833+0000][11340][info ][gc,phases   ] GC(19)   Post Evacuate Collection Set: 3.42ms
[2024-09-08T15:43:16.833+0000][11340][info ][gc,phases   ] GC(19)   Other: 0.14ms
[2024-09-08T15:43:16.833+0000][11340][trace][gc,age      ] GC(19) Age table with threshold 5 (max threshold 15)
[2024-09-08T15:43:16.833+0000][11340][trace][gc,age      ] GC(19) - age   1:    2232616 bytes,    2232616 total
[2024-09-08T15:43:16.833+0000][11340][trace][gc,age      ] GC(19) - age   2:   15672088 bytes,   17904704 total
[2024-09-08T15:43:16.833+0000][11340][trace][gc,age      ] GC(19) - age   3:    4334296 bytes,   22239000 total
[2024-09-08T15:43:16.833+0000][11340][trace][gc,age      ] GC(19) - age   4:    7979824 bytes,   30218824 total
[2024-09-08T15:43:16.833+0000][11340][trace][gc,age      ] GC(19) - age   5:     688304 bytes,   30907128 total
[2024-09-08T15:43:16.833+0000][11340][info ][gc,heap     ] GC(19) Eden regions: 78->0(585)
[2024-09-08T15:43:16.833+0000][11340][info ][gc,heap     ] GC(19) Survivor regions: 14->9(21)
[2024-09-08T15:43:16.833+0000][11340][info ][gc,heap     ] GC(19) Old regions: 25->31
[2024-09-08T15:43:16.833+0000][11340][info ][gc,heap     ] GC(19) Humongous regions: 2->2
[2024-09-08T15:43:16.833+0000][11340][info ][gc,metaspace] GC(19) Metaspace: 161866K(166592K)->161866K(166592K) NonClass: 139682K(142272K)->139682K(142272K) Class: 22183K(24320K)->22183K(24320K)
[2024-09-08T15:43:16.833+0000][11340][info ][gc          ] GC(19) Pause Young (Concurrent Start) (CodeCache GC Threshold) 473M->166M(3964M) 74.097ms
[2024-09-08T15:43:16.833+0000][11340][info ][gc,cpu      ] GC(19) User=0.05s Sys=0.09s Real=0.08s
[2024-09-08T15:43:16.833+0000][11340][info ][safepoint   ] Safepoint "G1TryInitiateConcMark", Time since last: 816343600 ns, Reaching safepoint: 26300 ns, Cleanup: 13900 ns, At safepoint: 75144000 ns, Total: 75184200 ns
[2024-09-08T15:43:16.833+0000][11340][info ][gc          ] GC(20) Concurrent Mark Cycle
[2024-09-08T15:43:16.833+0000][11340][info ][gc,marking  ] GC(20) Concurrent Scan Root Regions
[2024-09-08T15:43:16.929+0000][11340][info ][gc,marking  ] GC(20) Concurrent Scan Root Regions 91.161ms
[2024-09-08T15:43:16.929+0000][11340][info ][gc,marking  ] GC(20) Concurrent Mark
[2024-09-08T15:43:16.929+0000][11340][info ][gc,marking  ] GC(20) Concurrent Mark From Roots
[2024-09-08T15:43:16.929+0000][11340][info ][gc,task     ] GC(20) Using 2 workers of 2 for marking
[2024-09-08T15:43:17.278+0000][11340][info ][gc,marking  ] GC(20) Concurrent Mark From Roots 351.868ms
[2024-09-08T15:43:17.278+0000][11340][info ][gc,marking  ] GC(20) Concurrent Preclean
[2024-09-08T15:43:17.278+0000][11340][info ][gc,marking  ] GC(20) Concurrent Preclean 1.095ms
[2024-09-08T15:43:17.278+0000][11340][info ][gc,start    ] GC(20) Pause Remark
[2024-09-08T15:43:17.467+0000][11340][info ][gc          ] GC(20) Pause Remark 171M->171M(3964M) 195.569ms
[2024-09-08T15:43:17.467+0000][11340][info ][gc,cpu      ] GC(20) User=0.05s Sys=0.16s Real=0.19s
[2024-09-08T15:43:17.467+0000][11340][info ][safepoint   ] Safepoint "G1PauseRemark", Time since last: 445171700 ns, Reaching safepoint: 29000 ns, Cleanup: 8900 ns, At safepoint: 195802900 ns, Total: 195840800 ns
[2024-09-08T15:43:17.467+0000][11340][info ][gc,marking  ] GC(20) Concurrent Mark 549.133ms
[2024-09-08T15:43:17.467+0000][11340][info ][gc,marking  ] GC(20) Concurrent Rebuild Remembered Sets and Scrub Regions
[2024-09-08T15:43:17.546+0000][11340][info ][gc,marking  ] GC(20) Concurrent Rebuild Remembered Sets and Scrub Regions 68.076ms
[2024-09-08T15:43:17.546+0000][11340][info ][gc,start    ] GC(20) Pause Cleanup
[2024-09-08T15:43:17.546+0000][11340][info ][gc          ] GC(20) Pause Cleanup 172M->172M(3964M) 0.493ms
[2024-09-08T15:43:17.546+0000][11340][info ][gc,cpu      ] GC(20) User=0.00s Sys=0.00s Real=0.00s
[2024-09-08T15:43:17.546+0000][11340][info ][safepoint   ] Safepoint "G1PauseCleanup", Time since last: 68331800 ns, Reaching safepoint: 23400 ns, Cleanup: 710700 ns, At safepoint: 628700 ns, Total: 1362800 ns
[2024-09-08T15:43:17.546+0000][11340][info ][gc,marking  ] GC(20) Concurrent Clear Claimed Marks
[2024-09-08T15:43:17.546+0000][11340][info ][gc,marking  ] GC(20) Concurrent Clear Claimed Marks 0.373ms
[2024-09-08T15:43:17.546+0000][11340][info ][gc,marking  ] GC(20) Concurrent Cleanup for Next Mark
[2024-09-08T15:43:17.720+0000][11340][info ][gc,marking  ] GC(20) Concurrent Cleanup for Next Mark 170.412ms
[2024-09-08T15:43:17.720+0000][11340][info ][gc          ] GC(20) Concurrent Mark Cycle 881.133ms
[2024-09-08T15:43:21.595+0000][11340][info ][safepoint   ] Safepoint "Cleanup", Time since last: 4045054600 ns, Reaching safepoint: 42500 ns, Cleanup: 27900 ns, At safepoint: 13800 ns, Total: 84200 ns
[2024-09-08T15:43:22.608+0000][11340][info ][safepoint   ] Safepoint "Cleanup", Time since last: 1012800400 ns, Reaching safepoint: 48500 ns, Cleanup: 35300 ns, At safepoint: 14600 ns, Total: 98400 ns
[2024-09-08T15:43:24.632+0000][11340][info ][safepoint   ] Safepoint "Cleanup", Time since last: 2024001800 ns, Reaching safepoint: 88600 ns, Cleanup: 30800 ns, At safepoint: 14500 ns, Total: 133900 ns
[2024-09-08T15:43:27.650+0000][11340][info ][safepoint   ] Safepoint "Cleanup", Time since last: 3017633200 ns, Reaching safepoint: 37500 ns, Cleanup: 18000 ns, At safepoint: 7500 ns, Total: 63000 ns
[2024-09-08T15:43:32.686+0000][11340][info ][safepoint   ] Safepoint "Cleanup", Time since last: 5036183500 ns, Reaching safepoint: 125700 ns, Cleanup: 87400 ns, At safepoint: 27700 ns, Total: 240800 ns
[2024-09-08T15:43:34.185+0000][11340][info ][safepoint   ] Safepoint "Cleanup", Time since last: 1498237400 ns, Reaching safepoint: 24100 ns, Cleanup: 22100 ns, At safepoint: 8300 ns, Total: 54500 ns
[2024-09-08T15:43:36.220+0000][11340][info ][safepoint   ] Safepoint "Cleanup", Time since last: 2035787600 ns, Reaching safepoint: 33800 ns, Cleanup: 22900 ns, At safepoint: 18900 ns, Total: 75600 ns
[2024-09-08T15:43:38.234+0000][11340][info ][safepoint   ] Safepoint "Cleanup", Time since last: 2013894100 ns, Reaching safepoint: 35200 ns, Cleanup: 25800 ns, At safepoint: 11700 ns, Total: 72700 ns
[2024-09-08T15:43:45.278+0000][11340][info ][safepoint   ] Safepoint "Cleanup", Time since last: 7043620300 ns, Reaching safepoint: 39700 ns, Cleanup: 40500 ns, At safepoint: 43800 ns, Total: 124000 ns
[2024-09-08T15:43:47.298+0000][11340][info ][safepoint   ] Safepoint "Cleanup", Time since last: 2019917600 ns, Reaching safepoint: 33800 ns, Cleanup: 22800 ns, At safepoint: 9900 ns, Total: 66500 ns
[2024-09-08T15:43:51.328+0000][11340][info ][safepoint   ] Safepoint "Cleanup", Time since last: 4029512400 ns, Reaching safepoint: 33600 ns, Cleanup: 25100 ns, At safepoint: 11400 ns, Total: 70100 ns
[2024-09-08T15:44:07.324+0000][11340][info ][safepoint   ] Safepoint "Cleanup", Time since last: 15996620200 ns, Reaching safepoint: 95900 ns, Cleanup: 38500 ns, At safepoint: 17200 ns, Total: 151600 ns
[2024-09-08T15:44:08.531+0000][11340][info ][safepoint   ] Safepoint "Cleanup", Time since last: 1207452500 ns, Reaching safepoint: 55800 ns, Cleanup: 138700 ns, At safepoint: 10500 ns, Total: 205000 ns
[2024-09-08T15:44:10.022+0000][11340][info ][safepoint   ] Safepoint "Cleanup", Time since last: 1489534100 ns, Reaching safepoint: 43100 ns, Cleanup: 121100 ns, At safepoint: 11300 ns, Total: 175500 ns
[2024-09-08T15:44:12.034+0000][11340][info ][safepoint   ] Safepoint "Cleanup", Time since last: 2012072500 ns, Reaching safepoint: 69200 ns, Cleanup: 53900 ns, At safepoint: 10900 ns, Total: 134000 ns
[2024-09-08T15:44:13.041+0000][11340][info ][safepoint   ] Safepoint "Cleanup", Time since last: 1007552400 ns, Reaching safepoint: 15800 ns, Cleanup: 163900 ns, At safepoint: 8400 ns, Total: 188100 ns
[2024-09-08T15:44:14.048+0000][11340][info ][safepoint   ] Safepoint "Cleanup", Time since last: 1012245100 ns, Reaching safepoint: 15900 ns, Cleanup: 21700 ns, At safepoint: 7900 ns, Total: 45500 ns
[2024-09-08T15:44:15.537+0000][11340][info ][safepoint   ] Safepoint "Cleanup", Time since last: 1483093300 ns, Reaching safepoint: 33200 ns, Cleanup: 108800 ns, At safepoint: 33100 ns, Total: 175100 ns
[2024-09-08T15:44:16.538+0000][11340][info ][safepoint   ] Safepoint "Cleanup", Time since last: 1001109000 ns, Reaching safepoint: 47400 ns, Cleanup: 27000 ns, At safepoint: 17000 ns, Total: 91400 ns
[2024-09-08T15:44:17.539+0000][11340][info ][safepoint   ] Safepoint "Cleanup", Time since last: 1000666800 ns, Reaching safepoint: 54600 ns, Cleanup: 28000 ns, At safepoint: 15100 ns, Total: 97700 ns
[2024-09-08T15:44:18.870+0000][11340][info ][safepoint   ] Safepoint "Cleanup", Time since last: 1330501000 ns, Reaching safepoint: 34600 ns, Cleanup: 240300 ns, At safepoint: 16900 ns, Total: 291800 ns
[2024-09-08T15:44:21.908+0000][11340][info ][safepoint   ] Safepoint "Cleanup", Time since last: 3041792400 ns, Reaching safepoint: 11900 ns, Cleanup: 27100 ns, At safepoint: 3800 ns, Total: 42800 ns
[2024-09-08T15:44:22.961+0000][11340][info ][safepoint   ] Safepoint "Cleanup", Time since last: 1048747400 ns, Reaching safepoint: 32100 ns, Cleanup: 36600 ns, At safepoint: 14100 ns, Total: 82800 ns
[2024-09-08T15:44:25.970+0000][11340][info ][safepoint   ] Safepoint "Cleanup", Time since last: 3009477800 ns, Reaching safepoint: 38700 ns, Cleanup: 27800 ns, At safepoint: 13900 ns, Total: 80400 ns
[2024-09-08T15:44:33.020+0000][11340][info ][safepoint   ] Safepoint "Cleanup", Time since last: 7049743200 ns, Reaching safepoint: 55500 ns, Cleanup: 34200 ns, At safepoint: 16700 ns, Total: 106400 ns
[2024-09-08T15:44:34.024+0000][11340][info ][safepoint   ] Safepoint "Cleanup", Time since last: 1003913700 ns, Reaching safepoint: 30900 ns, Cleanup: 38300 ns, At safepoint: 11400 ns, Total: 80600 ns
[2024-09-08T15:44:35.026+0000][11340][info ][safepoint   ] Safepoint "Cleanup", Time since last: 1001813100 ns, Reaching safepoint: 31300 ns, Cleanup: 23400 ns, At safepoint: 18600 ns, Total: 73300 ns
[2024-09-08T15:44:36.804+0000][11340][info ][safepoint   ] Safepoint "Cleanup", Time since last: 1778189700 ns, Reaching safepoint: 34400 ns, Cleanup: 30800 ns, At safepoint: 5300 ns, Total: 70500 ns
[2024-09-08T15:44:37.820+0000][11340][info ][safepoint   ] Safepoint "Cleanup", Time since last: 1015483400 ns, Reaching safepoint: 35800 ns, Cleanup: 38200 ns, At safepoint: 13600 ns, Total: 87600 ns
[2024-09-08T15:44:39.357+0000][11340][info ][safepoint   ] Safepoint "Cleanup", Time since last: 1537710700 ns, Reaching safepoint: 97700 ns, Cleanup: 65300 ns, At safepoint: 14100 ns, Total: 177100 ns
[2024-09-08T15:44:42.365+0000][11340][info ][safepoint   ] Safepoint "Cleanup", Time since last: 3007758000 ns, Reaching safepoint: 36000 ns, Cleanup: 172400 ns, At safepoint: 14700 ns, Total: 223100 ns
[2024-09-08T15:44:43.570+0000][11340][info ][safepoint   ] Safepoint "Cleanup", Time since last: 1206212000 ns, Reaching safepoint: 15000 ns, Cleanup: 50900 ns, At safepoint: 7000 ns, Total: 72900 ns
[2024-09-08T15:44:45.855+0000][11340][info ][safepoint   ] Safepoint "Cleanup", Time since last: 2283522600 ns, Reaching safepoint: 25300 ns, Cleanup: 28500 ns, At safepoint: 11300 ns, Total: 65100 ns
[2024-09-08T15:44:47.872+0000][11340][info ][safepoint   ] Safepoint "Cleanup", Time since last: 2016699100 ns, Reaching safepoint: 38000 ns, Cleanup: 95700 ns, At safepoint: 12700 ns, Total: 146400 ns
[2024-09-08T15:44:50.905+0000][11340][info ][safepoint   ] Safepoint "Cleanup", Time since last: 3032851500 ns, Reaching safepoint: 48900 ns, Cleanup: 106900 ns, At safepoint: 41700 ns, Total: 197500 ns
[2024-09-08T15:44:51.907+0000][11340][info ][safepoint   ] Safepoint "Cleanup", Time since last: 1001363100 ns, Reaching safepoint: 35200 ns, Cleanup: 38000 ns, At safepoint: 12000 ns, Total: 85200 ns
[2024-09-08T15:45:05.488+0000][11340][info ][safepoint   ] Safepoint "Cleanup", Time since last: 13581189500 ns, Reaching safepoint: 32200 ns, Cleanup: 29200 ns, At safepoint: 14100 ns, Total: 75500 ns
[2024-09-08T15:45:06.495+0000][11340][info ][safepoint   ] Safepoint "Cleanup", Time since last: 1007302200 ns, Reaching safepoint: 45000 ns, Cleanup: 23700 ns, At safepoint: 11400 ns, Total: 80100 ns
[2024-09-08T15:45:09.346+0000][11340][info ][safepoint   ] Safepoint "Cleanup", Time since last: 2858255300 ns, Reaching safepoint: 14800 ns, Cleanup: 45000 ns, At safepoint: 7200 ns, Total: 67000 ns
[2024-09-08T15:45:10.500+0000][11340][info ][safepoint   ] Safepoint "Cleanup", Time since last: 1145710500 ns, Reaching safepoint: 41700 ns, Cleanup: 88200 ns, At safepoint: 24800 ns, Total: 154700 ns
[2024-09-08T15:45:12.408+0000][11340][info ][safepoint   ] Safepoint "Cleanup", Time since last: 1917364300 ns, Reaching safepoint: 12700 ns, Cleanup: 22100 ns, At safepoint: 3700 ns, Total: 38500 ns
[2024-09-08T15:45:13.762+0000][11340][info ][safepoint   ] Safepoint "Cleanup", Time since last: 1345399900 ns, Reaching safepoint: 15000 ns, Cleanup: 94200 ns, At safepoint: 8100 ns, Total: 117300 ns
[2024-09-08T15:45:15.321+0000][11340][info ][safepoint   ] Safepoint "Cleanup", Time since last: 1558531500 ns, Reaching safepoint: 36900 ns, Cleanup: 32200 ns, At safepoint: 13300 ns, Total: 82400 ns
[2024-09-08T15:45:19.360+0000][11340][info ][safepoint   ] Safepoint "Cleanup", Time since last: 4039023900 ns, Reaching safepoint: 40800 ns, Cleanup: 34300 ns, At safepoint: 15100 ns, Total: 90200 ns
[2024-09-08T15:45:20.365+0000][11340][info ][safepoint   ] Safepoint "Cleanup", Time since last: 1005250000 ns, Reaching safepoint: 35500 ns, Cleanup: 27900 ns, At safepoint: 13100 ns, Total: 76500 ns
[2024-09-08T15:45:23.064+0000][11340][info ][safepoint   ] Safepoint "Cleanup", Time since last: 2708182700 ns, Reaching safepoint: 14700 ns, Cleanup: 11000 ns, At safepoint: 10100 ns, Total: 35800 ns
[2024-09-08T15:45:24.181+0000][11340][info ][safepoint   ] Safepoint "Cleanup", Time since last: 1112263500 ns, Reaching safepoint: 15100 ns, Cleanup: 15100 ns, At safepoint: 7200 ns, Total: 37400 ns
[2024-09-08T15:45:28.247+0000][11340][info ][safepoint   ] Safepoint "Cleanup", Time since last: 4060699800 ns, Reaching safepoint: 26600 ns, Cleanup: 47600 ns, At safepoint: 8500 ns, Total: 82700 ns
[2024-09-08T15:45:34.283+0000][11340][info ][safepoint   ] Safepoint "Cleanup", Time since last: 6036057600 ns, Reaching safepoint: 36300 ns, Cleanup: 31300 ns, At safepoint: 14600 ns, Total: 82200 ns
[2024-09-08T15:45:36.544+0000][11340][info ][safepoint   ] Safepoint "Cleanup", Time since last: 2268160200 ns, Reaching safepoint: 12800 ns, Cleanup: 11200 ns, At safepoint: 8400 ns, Total: 32400 ns
[2024-09-08T15:45:38.494+0000][11340][info ][safepoint   ] Safepoint "Cleanup", Time since last: 1942807800 ns, Reaching safepoint: 33400 ns, Cleanup: 38200 ns, At safepoint: 15400 ns, Total: 87000 ns
[2024-09-08T15:45:40.505+0000][11340][info ][safepoint   ] Safepoint "Cleanup", Time since last: 2010747900 ns, Reaching safepoint: 32500 ns, Cleanup: 26700 ns, At safepoint: 12500 ns, Total: 71700 ns
[2024-09-08T15:45:55.516+0000][11340][info ][safepoint   ] Safepoint "Cleanup", Time since last: 15010703700 ns, Reaching safepoint: 34300 ns, Cleanup: 27900 ns, At safepoint: 13600 ns, Total: 75800 ns
[2024-09-08T15:45:56.518+0000][11340][info ][safepoint   ] Safepoint "Cleanup", Time since last: 1002161900 ns, Reaching safepoint: 30800 ns, Cleanup: 25200 ns, At safepoint: 11400 ns, Total: 67400 ns
[2024-09-08T15:46:06.726+0000][11340][info ][safepoint   ] Safepoint "Cleanup", Time since last: 10207831300 ns, Reaching safepoint: 37400 ns, Cleanup: 33000 ns, At safepoint: 11100 ns, Total: 81500 ns
[2024-09-08T15:46:09.635+0000][11340][info ][safepoint   ] Safepoint "Cleanup", Time since last: 2913108900 ns, Reaching safepoint: 14600 ns, Cleanup: 13100 ns, At safepoint: 7800 ns, Total: 35500 ns
[2024-09-08T15:46:10.653+0000][11340][info ][safepoint   ] Safepoint "Cleanup", Time since last: 1019119900 ns, Reaching safepoint: 11900 ns, Cleanup: 33400 ns, At safepoint: 4000 ns, Total: 49300 ns
[2024-09-08T15:46:12.083+0000][11340][info ][safepoint   ] Safepoint "Cleanup", Time since last: 1430088300 ns, Reaching safepoint: 14600 ns, Cleanup: 14900 ns, At safepoint: 7500 ns, Total: 37000 ns
[2024-09-08T15:46:13.429+0000][11340][info ][safepoint   ] Safepoint "Cleanup", Time since last: 1343208600 ns, Reaching safepoint: 17600 ns, Cleanup: 55300 ns, At safepoint: 10000 ns, Total: 82900 ns
[2024-09-08T15:46:14.852+0000][11340][info ][safepoint   ] Safepoint "Cleanup", Time since last: 1421721000 ns, Reaching safepoint: 14200 ns, Cleanup: 15500 ns, At safepoint: 6600 ns, Total: 36300 ns
[2024-09-08T15:46:16.046+0000][11340][info ][safepoint   ] Safepoint "Cleanup", Time since last: 1192498500 ns, Reaching safepoint: 34900 ns, Cleanup: 36800 ns, At safepoint: 11700 ns, Total: 83400 ns
[2024-09-08T15:46:33.007+0000][11340][info ][safepoint   ] Safepoint "Cleanup", Time since last: 16961257500 ns, Reaching safepoint: 34900 ns, Cleanup: 25700 ns, At safepoint: 8000 ns, Total: 68600 ns
[2024-09-08T15:46:34.014+0000][11340][info ][safepoint   ] Safepoint "Cleanup", Time since last: 1007093100 ns, Reaching safepoint: 43600 ns, Cleanup: 43900 ns, At safepoint: 14400 ns, Total: 101900 ns
[2024-09-08T15:46:35.019+0000][11340][info ][safepoint   ] Safepoint "Cleanup", Time since last: 1004087300 ns, Reaching safepoint: 38900 ns, Cleanup: 27200 ns, At safepoint: 13500 ns, Total: 79600 ns
[2024-09-08T15:46:41.108+0000][11340][info ][safepoint   ] Safepoint "Cleanup", Time since last: 6089406400 ns, Reaching safepoint: 36900 ns, Cleanup: 31500 ns, At safepoint: 12700 ns, Total: 81100 ns
[2024-09-08T15:46:45.991+0000][11340][info ][safepoint   ] Safepoint "Cleanup", Time since last: 4882786000 ns, Reaching safepoint: 68600 ns, Cleanup: 73800 ns, At safepoint: 25700 ns, Total: 168100 ns
[2024-09-08T15:46:49.345+0000][11340][info ][safepoint   ] Safepoint "Cleanup", Time since last: 3353669600 ns, Reaching safepoint: 36300 ns, Cleanup: 29900 ns, At safepoint: 20200 ns, Total: 86400 ns
[2024-09-08T15:46:55.389+0000][11340][info ][safepoint   ] Safepoint "Cleanup", Time since last: 6044366000 ns, Reaching safepoint: 32100 ns, Cleanup: 54200 ns, At safepoint: 14300 ns, Total: 100600 ns
[2024-09-08T15:46:58.528+0000][11340][info ][safepoint   ] Safepoint "Cleanup", Time since last: 3138548000 ns, Reaching safepoint: 31300 ns, Cleanup: 31700 ns, At safepoint: 11000 ns, Total: 74000 ns
[2024-09-08T15:47:12.756+0000][11340][info ][safepoint   ] Safepoint "Cleanup", Time since last: 14242661300 ns, Reaching safepoint: 13000 ns, Cleanup: 16300 ns, At safepoint: 3900 ns, Total: 33200 ns
[2024-09-08T15:47:14.475+0000][11340][info ][safepoint   ] Safepoint "Cleanup", Time since last: 1706788000 ns, Reaching safepoint: 12600 ns, Cleanup: 21300 ns, At safepoint: 4000 ns, Total: 37900 ns
[2024-09-08T15:47:15.667+0000][11340][info ][safepoint   ] Safepoint "Cleanup", Time since last: 1188895600 ns, Reaching safepoint: 30100 ns, Cleanup: 20200 ns, At safepoint: 10900 ns, Total: 61200 ns
[2024-09-08T15:47:16.673+0000][11340][info ][safepoint   ] Safepoint "Cleanup", Time since last: 1006803300 ns, Reaching safepoint: 55000 ns, Cleanup: 24000 ns, At safepoint: 19800 ns, Total: 98800 ns
[2024-09-08T15:47:18.687+0000][11340][info ][safepoint   ] Safepoint "Cleanup", Time since last: 2013072800 ns, Reaching safepoint: 39300 ns, Cleanup: 37200 ns, At safepoint: 22400 ns, Total: 98900 ns
[2024-09-08T15:47:19.694+0000][11340][info ][safepoint   ] Safepoint "Cleanup", Time since last: 1007826000 ns, Reaching safepoint: 104400 ns, Cleanup: 29600 ns, At safepoint: 18400 ns, Total: 152400 ns
[2024-09-08T15:47:21.704+0000][11340][info ][safepoint   ] Safepoint "Cleanup", Time since last: 2009177500 ns, Reaching safepoint: 48600 ns, Cleanup: 31000 ns, At safepoint: 15000 ns, Total: 94600 ns
[2024-09-08T15:47:22.908+0000][11340][info ][safepoint   ] Safepoint "Cleanup", Time since last: 1205354000 ns, Reaching safepoint: 11700 ns, Cleanup: 16600 ns, At safepoint: 3900 ns, Total: 32200 ns
[2024-09-08T15:47:39.809+0000][11340][info ][safepoint   ] Safepoint "Cleanup", Time since last: 16899694900 ns, Reaching safepoint: 18700 ns, Cleanup: 14600 ns, At safepoint: 9200 ns, Total: 42500 ns
[2024-09-08T15:47:41.145+0000][11340][info ][safepoint   ] Safepoint "Cleanup", Time since last: 1340168100 ns, Reaching safepoint: 19900 ns, Cleanup: 35300 ns, At safepoint: 5100 ns, Total: 60300 ns
[2024-09-08T15:47:42.382+0000][11340][info ][safepoint   ] Safepoint "Cleanup", Time since last: 1242738100 ns, Reaching safepoint: 12200 ns, Cleanup: 29200 ns, At safepoint: 3900 ns, Total: 45300 ns
[2024-09-08T15:47:43.595+0000][11340][info ][safepoint   ] Safepoint "Cleanup", Time since last: 1204283800 ns, Reaching safepoint: 22500 ns, Cleanup: 46600 ns, At safepoint: 12400 ns, Total: 81500 ns
[2024-09-08T15:47:44.889+0000][11340][info ][safepoint   ] Safepoint "Cleanup", Time since last: 1292466700 ns, Reaching safepoint: 61400 ns, Cleanup: 70500 ns, At safepoint: 24600 ns, Total: 156500 ns
[2024-09-08T15:47:47.904+0000][11340][info ][safepoint   ] Safepoint "Cleanup", Time since last: 3014993300 ns, Reaching safepoint: 34300 ns, Cleanup: 57100 ns, At safepoint: 29300 ns, Total: 120700 ns
[2024-09-08T15:47:52.941+0000][11340][info ][safepoint   ] Safepoint "Cleanup", Time since last: 5036920900 ns, Reaching safepoint: 36700 ns, Cleanup: 31800 ns, At safepoint: 14300 ns, Total: 82800 ns
[2024-09-08T15:47:54.700+0000][11340][info ][safepoint   ] Safepoint "Cleanup", Time since last: 1761516800 ns, Reaching safepoint: 19800 ns, Cleanup: 26400 ns, At safepoint: 9400 ns, Total: 55600 ns
[2024-09-08T15:47:55.870+0000][11340][info ][safepoint   ] Safepoint "Cleanup", Time since last: 1167691000 ns, Reaching safepoint: 43200 ns, Cleanup: 44300 ns, At safepoint: 13300 ns, Total: 100800 ns
[2024-09-08T15:48:01.612+0000][11340][info ][safepoint   ] Safepoint "Cleanup", Time since last: 5741564000 ns, Reaching safepoint: 24100 ns, Cleanup: 20900 ns, At safepoint: 11300 ns, Total: 56300 ns
[2024-09-08T15:48:05.881+0000][11340][info ][safepoint   ] Safepoint "Cleanup", Time since last: 4268794400 ns, Reaching safepoint: 43100 ns, Cleanup: 61900 ns, At safepoint: 13400 ns, Total: 118400 ns
[2024-09-08T15:48:07.179+0000][11340][info ][safepoint   ] Safepoint "Cleanup", Time since last: 1298358100 ns, Reaching safepoint: 30100 ns, Cleanup: 187100 ns, At safepoint: 8400 ns, Total: 225600 ns
[2024-09-08T15:48:09.085+0000][11340][info ][safepoint   ] Safepoint "Cleanup", Time since last: 1904898500 ns, Reaching safepoint: 48600 ns, Cleanup: 41400 ns, At safepoint: 12700 ns, Total: 102700 ns
[2024-09-08T15:48:10.095+0000][11340][info ][safepoint   ] Safepoint "Cleanup", Time since last: 1010065000 ns, Reaching safepoint: 36400 ns, Cleanup: 32600 ns, At safepoint: 28100 ns, Total: 97100 ns
[2024-09-08T15:48:11.699+0000][11340][info ][safepoint   ] Safepoint "Cleanup", Time since last: 1610584900 ns, Reaching safepoint: 12800 ns, Cleanup: 12800 ns, At safepoint: 3800 ns, Total: 29400 ns
[2024-09-08T15:48:16.240+0000][11340][info ][safepoint   ] Safepoint "Cleanup", Time since last: 4539342000 ns, Reaching safepoint: 94500 ns, Cleanup: 11400 ns, At safepoint: 10000 ns, Total: 115900 ns
[2024-09-08T15:48:17.282+0000][11340][info ][safepoint   ] Safepoint "Cleanup", Time since last: 1043255700 ns, Reaching safepoint: 15200 ns, Cleanup: 25700 ns, At safepoint: 7400 ns, Total: 48300 ns
[2024-09-08T15:48:18.345+0000][11340][info ][safepoint   ] Safepoint "Cleanup", Time since last: 1057317100 ns, Reaching safepoint: 12300 ns, Cleanup: 12500 ns, At safepoint: 9700 ns, Total: 34500 ns
[2024-09-08T15:48:19.355+0000][11340][info ][safepoint   ] Safepoint "Cleanup", Time since last: 1011454700 ns, Reaching safepoint: 14100 ns, Cleanup: 19500 ns, At safepoint: 6800 ns, Total: 40400 ns
[2024-09-08T15:48:20.362+0000][11340][info ][safepoint   ] Safepoint "Cleanup", Time since last: 1005502900 ns, Reaching safepoint: 37500 ns, Cleanup: 29800 ns, At safepoint: 17000 ns, Total: 84300 ns
[2024-09-08T15:48:22.281+0000][11340][info ][safepoint   ] Safepoint "Cleanup", Time since last: 1925304400 ns, Reaching safepoint: 12600 ns, Cleanup: 12200 ns, At safepoint: 3800 ns, Total: 28600 ns
[2024-09-08T15:48:32.360+0000][11340][info ][safepoint   ] Safepoint "Cleanup", Time since last: 10072163600 ns, Reaching safepoint: 34400 ns, Cleanup: 26000 ns, At safepoint: 11700 ns, Total: 72100 ns
[2024-09-08T15:48:34.378+0000][11340][info ][safepoint   ] Safepoint "Cleanup", Time since last: 2018256900 ns, Reaching safepoint: 39100 ns, Cleanup: 42900 ns, At safepoint: 12400 ns, Total: 94400 ns
[2024-09-08T15:48:36.395+0000][11340][info ][safepoint   ] Safepoint "Cleanup", Time since last: 2016335200 ns, Reaching safepoint: 36000 ns, Cleanup: 54700 ns, At safepoint: 12200 ns, Total: 102900 ns
[2024-09-08T15:48:37.400+0000][11340][info ][safepoint   ] Safepoint "Cleanup", Time since last: 1005473600 ns, Reaching safepoint: 33700 ns, Cleanup: 29400 ns, At safepoint: 12700 ns, Total: 75800 ns
[2024-09-08T15:48:45.677+0000][11340][info ][safepoint   ] Safepoint "Cleanup", Time since last: 8276387000 ns, Reaching safepoint: 35200 ns, Cleanup: 30100 ns, At safepoint: 22700 ns, Total: 88000 ns
[2024-09-08T15:48:47.580+0000][11340][info ][safepoint   ] Safepoint "Cleanup", Time since last: 1902715900 ns, Reaching safepoint: 39300 ns, Cleanup: 34000 ns, At safepoint: 13900 ns, Total: 87200 ns
[2024-09-08T15:48:48.586+0000][11340][info ][safepoint   ] Safepoint "Cleanup", Time since last: 1005957200 ns, Reaching safepoint: 37300 ns, Cleanup: 29600 ns, At safepoint: 14400 ns, Total: 81300 ns
[2024-09-08T15:49:06.277+0000][11340][info ][safepoint   ] Safepoint "Cleanup", Time since last: 17692873400 ns, Reaching safepoint: 53900 ns, Cleanup: 12200 ns, At safepoint: 13600 ns, Total: 79700 ns
[2024-09-08T15:49:07.417+0000][11340][info ][safepoint   ] Safepoint "Cleanup", Time since last: 1138810800 ns, Reaching safepoint: 36600 ns, Cleanup: 25800 ns, At safepoint: 12500 ns, Total: 74900 ns
[2024-09-08T15:49:12.220+0000][11340][info ][safepoint   ] Safepoint "Cleanup", Time since last: 4804316200 ns, Reaching safepoint: 14100 ns, Cleanup: 14000 ns, At safepoint: 6900 ns, Total: 35000 ns
[2024-09-08T15:49:16.394+0000][11340][info ][safepoint   ] Safepoint "Cleanup", Time since last: 4172459200 ns, Reaching safepoint: 35600 ns, Cleanup: 26300 ns, At safepoint: 12100 ns, Total: 74000 ns
[2024-09-08T15:49:17.404+0000][11340][info ][safepoint   ] Safepoint "Cleanup", Time since last: 1009059200 ns, Reaching safepoint: 33000 ns, Cleanup: 25000 ns, At safepoint: 13000 ns, Total: 71000 ns
[2024-09-08T15:49:18.409+0000][11340][info ][safepoint   ] Safepoint "Cleanup", Time since last: 1005558800 ns, Reaching safepoint: 33000 ns, Cleanup: 25600 ns, At safepoint: 13400 ns, Total: 72000 ns
[2024-09-08T15:49:19.482+0000][11340][info ][safepoint   ] Safepoint "Cleanup", Time since last: 1080240900 ns, Reaching safepoint: 10700 ns, Cleanup: 120600 ns, At safepoint: 6600 ns, Total: 137900 ns
[2024-09-08T15:49:20.556+0000][11340][info ][safepoint   ] Safepoint "Cleanup", Time since last: 1066861100 ns, Reaching safepoint: 15500 ns, Cleanup: 29900 ns, At safepoint: 7300 ns, Total: 52700 ns
[2024-09-08T15:49:23.969+0000][11340][info ][safepoint   ] Safepoint "Cleanup", Time since last: 3412005800 ns, Reaching safepoint: 33200 ns, Cleanup: 32300 ns, At safepoint: 13600 ns, Total: 79100 ns
[2024-09-08T15:49:35.024+0000][11340][info ][safepoint   ] Safepoint "Cleanup", Time since last: 11055371700 ns, Reaching safepoint: 36000 ns, Cleanup: 29100 ns, At safepoint: 13900 ns, Total: 79000 ns
[2024-09-08T15:49:37.041+0000][11340][info ][safepoint   ] Safepoint "Cleanup", Time since last: 2016790100 ns, Reaching safepoint: 39000 ns, Cleanup: 26100 ns, At safepoint: 13200 ns, Total: 78300 ns
[2024-09-08T15:49:38.506+0000][11340][info ][safepoint   ] Safepoint "Cleanup", Time since last: 1465161300 ns, Reaching safepoint: 35700 ns, Cleanup: 29100 ns, At safepoint: 15400 ns, Total: 80200 ns
[2024-09-08T15:49:39.513+0000][11340][info ][safepoint   ] Safepoint "Cleanup", Time since last: 1006637100 ns, Reaching safepoint: 35700 ns, Cleanup: 25900 ns, At safepoint: 14700 ns, Total: 76300 ns
[2024-09-08T15:49:41.509+0000][11340][info ][safepoint   ] Safepoint "Cleanup", Time since last: 1997392600 ns, Reaching safepoint: 24600 ns, Cleanup: 21200 ns, At safepoint: 9000 ns, Total: 54800 ns
[2024-09-08T15:49:50.142+0000][11340][info ][safepoint   ] Safepoint "Cleanup", Time since last: 8642079500 ns, Reaching safepoint: 15800 ns, Cleanup: 20200 ns, At safepoint: 7500 ns, Total: 43500 ns
[2024-09-08T15:50:01.290+0000][11340][info ][safepoint   ] Safepoint "Cleanup", Time since last: 11137202200 ns, Reaching safepoint: 85400 ns, Cleanup: 30900 ns, At safepoint: 13300 ns, Total: 129600 ns
[2024-09-08T15:50:08.060+0000][11340][info ][safepoint   ] Safepoint "Cleanup", Time since last: 6769995500 ns, Reaching safepoint: 35800 ns, Cleanup: 29400 ns, At safepoint: 16000 ns, Total: 81200 ns
[2024-09-08T15:50:19.211+0000][11340][info ][safepoint   ] Safepoint "Cleanup", Time since last: 11161611300 ns, Reaching safepoint: 13200 ns, Cleanup: 11600 ns, At safepoint: 3600 ns, Total: 28400 ns
[2024-09-08T15:50:20.621+0000][11340][info ][safepoint   ] Safepoint "Cleanup", Time since last: 1408998900 ns, Reaching safepoint: 166400 ns, Cleanup: 159400 ns, At safepoint: 20400 ns, Total: 346200 ns
[2024-09-08T15:50:21.714+0000][11340][info ][safepoint   ] Safepoint "Cleanup", Time since last: 1096319400 ns, Reaching safepoint: 10900 ns, Cleanup: 25400 ns, At safepoint: 7200 ns, Total: 43500 ns
[2024-09-08T15:50:34.168+0000][11340][info ][safepoint   ] Safepoint "Cleanup", Time since last: 12440875400 ns, Reaching safepoint: 294000 ns, Cleanup: 53300 ns, At safepoint: 183700 ns, Total: 531000 ns
[2024-09-08T15:50:45.480+0000][11340][info ][safepoint   ] Safepoint "Cleanup", Time since last: 11310851000 ns, Reaching safepoint: 29600 ns, Cleanup: 30000 ns, At safepoint: 8700 ns, Total: 68300 ns
[2024-09-08T15:50:50.518+0000][11340][info ][safepoint   ] Safepoint "Cleanup", Time since last: 5037962400 ns, Reaching safepoint: 73500 ns, Cleanup: 26000 ns, At safepoint: 9200 ns, Total: 108700 ns
[2024-09-08T15:50:52.119+0000][11340][info ][safepoint   ] Safepoint "Cleanup", Time since last: 1604159100 ns, Reaching safepoint: 10700 ns, Cleanup: 21100 ns, At safepoint: 4200 ns, Total: 36000 ns
[2024-09-08T15:51:20.392+0000][11340][info ][safepoint   ] Safepoint "Cleanup", Time since last: 28270443500 ns, Reaching safepoint: 33000 ns, Cleanup: 20600 ns, At safepoint: 7300 ns, Total: 60900 ns
[2024-09-08T15:51:21.482+0000][11340][info ][safepoint   ] Safepoint "Cleanup", Time since last: 1090860600 ns, Reaching safepoint: 1670500 ns, Cleanup: 23700 ns, At safepoint: 31900 ns, Total: 1726100 ns
[2024-09-08T15:51:22.488+0000][11340][info ][safepoint   ] Safepoint "Cleanup", Time since last: 1002773400 ns, Reaching safepoint: 766300 ns, Cleanup: 24100 ns, At safepoint: 21500 ns, Total: 811900 ns
[2024-09-08T15:51:23.739+0000][11340][info ][safepoint   ] Safepoint "Cleanup", Time since last: 1250515500 ns, Reaching safepoint: 36800 ns, Cleanup: 44900 ns, At safepoint: 9600 ns, Total: 91300 ns
[2024-09-08T15:51:33.864+0000][11340][info ][safepoint   ] Safepoint "Cleanup", Time since last: 10124704800 ns, Reaching safepoint: 34500 ns, Cleanup: 23400 ns, At safepoint: 8200 ns, Total: 66100 ns
[2024-09-08T15:51:49.054+0000][11340][info ][safepoint   ] Safepoint "Cleanup", Time since last: 15190176400 ns, Reaching safepoint: 87800 ns, Cleanup: 26200 ns, At safepoint: 10300 ns, Total: 124300 ns
[2024-09-08T15:51:52.083+0000][11340][info ][safepoint   ] Safepoint "Cleanup", Time since last: 3028307400 ns, Reaching safepoint: 45600 ns, Cleanup: 21400 ns, At safepoint: 10900 ns, Total: 77900 ns
[2024-09-08T15:52:15.534+0000][11340][info ][safepoint   ] Safepoint "Cleanup", Time since last: 23451780100 ns, Reaching safepoint: 36000 ns, Cleanup: 22100 ns, At safepoint: 13500 ns, Total: 71600 ns
[2024-09-08T15:52:20.600+0000][11340][info ][safepoint   ] Safepoint "Cleanup", Time since last: 5065331800 ns, Reaching safepoint: 50400 ns, Cleanup: 61500 ns, At safepoint: 20900 ns, Total: 132800 ns
[2024-09-08T15:52:24.486+0000][11340][info ][safepoint   ] Safepoint "Cleanup", Time since last: 3896121300 ns, Reaching safepoint: 14500 ns, Cleanup: 19300 ns, At safepoint: 7500 ns, Total: 41300 ns
[2024-09-08T15:52:25.545+0000][11340][info ][safepoint   ] Safepoint "Cleanup", Time since last: 1061301100 ns, Reaching safepoint: 13800 ns, Cleanup: 26100 ns, At safepoint: 6400 ns, Total: 46300 ns
[2024-09-08T15:52:35.613+0000][11340][info ][safepoint   ] Safepoint "Cleanup", Time since last: 10055543100 ns, Reaching safepoint: 34300 ns, Cleanup: 35100 ns, At safepoint: 11600 ns, Total: 81000 ns
[2024-09-08T15:52:40.620+0000][11340][info ][safepoint   ] Safepoint "Cleanup", Time since last: 5007149100 ns, Reaching safepoint: 46200 ns, Cleanup: 138200 ns, At safepoint: 16600 ns, Total: 201000 ns
[2024-09-08T15:52:42.642+0000][11340][info ][safepoint   ] Safepoint "Cleanup", Time since last: 2034053800 ns, Reaching safepoint: 13200 ns, Cleanup: 43100 ns, At safepoint: 8600 ns, Total: 64900 ns
[2024-09-08T15:52:43.660+0000][11340][info ][safepoint   ] Safepoint "Cleanup", Time since last: 1005041200 ns, Reaching safepoint: 34200 ns, Cleanup: 35900 ns, At safepoint: 13800 ns, Total: 83900 ns
[2024-09-08T15:52:45.742+0000][11340][info ][safepoint   ] Safepoint "Cleanup", Time since last: 2082883100 ns, Reaching safepoint: 41600 ns, Cleanup: 31000 ns, At safepoint: 14100 ns, Total: 86700 ns
[2024-09-08T15:52:50.268+0000][11340][info ][safepoint   ] Safepoint "Cleanup", Time since last: 4526201300 ns, Reaching safepoint: 9100 ns, Cleanup: 14100 ns, At safepoint: 17900 ns, Total: 41100 ns
[2024-09-08T15:52:57.338+0000][11340][info ][safepoint   ] Safepoint "Cleanup", Time since last: 7068875200 ns, Reaching safepoint: 680900 ns, Cleanup: 12400 ns, At safepoint: 10300 ns, Total: 703600 ns
[2024-09-08T15:53:27.410+0000][11340][info ][safepoint   ] Safepoint "Cleanup", Time since last: 30076308300 ns, Reaching safepoint: 7600 ns, Cleanup: 14100 ns, At safepoint: 1900 ns, Total: 23600 ns
[2024-09-08T15:53:28.537+0000][11340][info ][safepoint   ] Safepoint "Cleanup", Time since last: 1125006300 ns, Reaching safepoint: 204200 ns, Cleanup: 17100 ns, At safepoint: 12400 ns, Total: 233700 ns
[2024-09-08T15:53:36.052+0000][11340][info ][safepoint   ] Safepoint "Cleanup", Time since last: 7512220700 ns, Reaching safepoint: 40800 ns, Cleanup: 29700 ns, At safepoint: 14000 ns, Total: 84500 ns
[2024-09-08T15:53:58.105+0000][11340][info ][safepoint   ] Safepoint "Cleanup", Time since last: 22052397500 ns, Reaching safepoint: 41800 ns, Cleanup: 28800 ns, At safepoint: 15700 ns, Total: 86300 ns
[2024-09-08T15:54:01.138+0000][11340][info ][safepoint   ] Safepoint "Cleanup", Time since last: 3045428400 ns, Reaching safepoint: 13100 ns, Cleanup: 19000 ns, At safepoint: 8600 ns, Total: 40700 ns
[2024-09-08T15:54:20.773+0000][11340][info ][safepoint   ] Safepoint "Cleanup", Time since last: 19623018300 ns, Reaching safepoint: 35800 ns, Cleanup: 30000 ns, At safepoint: 14800 ns, Total: 80600 ns
[2024-09-08T15:54:27.788+0000][11340][info ][safepoint   ] Safepoint "Cleanup", Time since last: 7014757100 ns, Reaching safepoint: 35800 ns, Cleanup: 23600 ns, At safepoint: 23200 ns, Total: 82600 ns
[2024-09-08T15:54:30.558+0000][11340][info ][safepoint   ] Safepoint "Cleanup", Time since last: 2770263900 ns, Reaching safepoint: 10100 ns, Cleanup: 9700 ns, At safepoint: 5900 ns, Total: 25700 ns
[2024-09-08T15:54:31.816+0000][11340][info ][safepoint   ] Safepoint "Cleanup", Time since last: 1259290900 ns, Reaching safepoint: 140000 ns, Cleanup: 24700 ns, At safepoint: 11000 ns, Total: 175700 ns
[2024-09-08T15:54:34.367+0000][11340][info ][safepoint   ] Safepoint "Cleanup", Time since last: 2548720500 ns, Reaching safepoint: 36600 ns, Cleanup: 23900 ns, At safepoint: 12100 ns, Total: 72600 ns
[2024-09-08T15:54:36.371+0000][11340][info ][safepoint   ] Safepoint "Cleanup", Time since last: 2004540500 ns, Reaching safepoint: 36800 ns, Cleanup: 33600 ns, At safepoint: 13400 ns, Total: 83800 ns
[2024-09-08T15:54:40.570+0000][11340][info ][safepoint   ] Safepoint "Cleanup", Time since last: 4212684800 ns, Reaching safepoint: 6500 ns, Cleanup: 6800 ns, At safepoint: 1200 ns, Total: 14500 ns
[2024-09-08T15:54:45.532+0000][11340][info ][safepoint   ] Safepoint "Cleanup", Time since last: 4950188300 ns, Reaching safepoint: 15900 ns, Cleanup: 15400 ns, At safepoint: 4000 ns, Total: 35300 ns
[2024-09-08T15:54:51.545+0000][11340][info ][safepoint   ] Safepoint "Cleanup", Time since last: 6010838500 ns, Reaching safepoint: 28100 ns, Cleanup: 23000 ns, At safepoint: 15700 ns, Total: 66800 ns
[2024-09-08T15:55:20.519+0000][11340][info ][safepoint   ] Safepoint "Cleanup", Time since last: 28974355900 ns, Reaching safepoint: 45800 ns, Cleanup: 24600 ns, At safepoint: 13600 ns, Total: 84000 ns
[2024-09-08T15:55:31.449+0000][11340][info ][safepoint   ] Safepoint "Cleanup", Time since last: 10944687800 ns, Reaching safepoint: 6600 ns, Cleanup: 9400 ns, At safepoint: 1800 ns, Total: 17800 ns
[2024-09-08T15:55:32.654+0000][11340][info ][safepoint   ] Safepoint "Cleanup", Time since last: 1193201900 ns, Reaching safepoint: 14300 ns, Cleanup: 21700 ns, At safepoint: 7000 ns, Total: 43000 ns
[2024-09-08T15:55:34.658+0000][11340][info ][safepoint   ] Safepoint "Cleanup", Time since last: 2000371500 ns, Reaching safepoint: 65000 ns, Cleanup: 31000 ns, At safepoint: 25300 ns, Total: 121300 ns
[2024-09-08T15:56:06.699+0000][11340][info ][safepoint   ] Safepoint "Cleanup", Time since last: 32045805200 ns, Reaching safepoint: 14400 ns, Cleanup: 13900 ns, At safepoint: 6900 ns, Total: 35200 ns
[2024-09-08T15:56:07.716+0000][11340][info ][safepoint   ] Safepoint "Cleanup", Time since last: 1012029700 ns, Reaching safepoint: 35900 ns, Cleanup: 24600 ns, At safepoint: 18100 ns, Total: 78600 ns
[2024-09-08T15:56:09.781+0000][11340][info ][safepoint   ] Safepoint "Cleanup", Time since last: 2065332500 ns, Reaching safepoint: 38900 ns, Cleanup: 28500 ns, At safepoint: 12500 ns, Total: 79900 ns
[2024-09-08T15:56:24.828+0000][11340][info ][safepoint   ] Safepoint "Cleanup", Time since last: 15046526300 ns, Reaching safepoint: 36500 ns, Cleanup: 36500 ns, At safepoint: 13500 ns, Total: 86500 ns
[2024-09-08T15:56:31.845+0000][11340][info ][safepoint   ] Safepoint "Cleanup", Time since last: 7016756200 ns, Reaching safepoint: 44200 ns, Cleanup: 33100 ns, At safepoint: 16900 ns, Total: 94200 ns
[2024-09-08T15:56:33.772+0000][11340][info ][safepoint   ] Safepoint "Cleanup", Time since last: 1932751600 ns, Reaching safepoint: 13200 ns, Cleanup: 19500 ns, At safepoint: 6100 ns, Total: 38800 ns
[2024-09-08T15:56:34.857+0000][11340][info ][safepoint   ] Safepoint "Cleanup", Time since last: 1081060500 ns, Reaching safepoint: 12700 ns, Cleanup: 40600 ns, At safepoint: 7700 ns, Total: 61000 ns
[2024-09-08T15:56:35.952+0000][11340][info ][safepoint   ] Safepoint "Cleanup", Time since last: 1098037500 ns, Reaching safepoint: 14700 ns, Cleanup: 16200 ns, At safepoint: 6900 ns, Total: 37800 ns
[2024-09-08T15:56:39.958+0000][11340][info ][safepoint   ] Safepoint "Cleanup", Time since last: 4001551400 ns, Reaching safepoint: 34100 ns, Cleanup: 29800 ns, At safepoint: 11700 ns, Total: 75600 ns
[2024-09-08T15:56:42.963+0000][11340][info ][safepoint   ] Safepoint "Cleanup", Time since last: 3004732800 ns, Reaching safepoint: 40000 ns, Cleanup: 25100 ns, At safepoint: 15600 ns, Total: 80700 ns
[2024-09-08T15:56:45.967+0000][11340][info ][safepoint   ] Safepoint "Cleanup", Time since last: 3004186200 ns, Reaching safepoint: 156000 ns, Cleanup: 25300 ns, At safepoint: 20000 ns, Total: 201300 ns
[2024-09-08T15:56:48.972+0000][11340][info ][safepoint   ] Safepoint "Cleanup", Time since last: 3004817500 ns, Reaching safepoint: 26500 ns, Cleanup: 24800 ns, At safepoint: 12000 ns, Total: 63300 ns
[2024-09-08T15:56:52.980+0000][11340][info ][safepoint   ] Safepoint "Cleanup", Time since last: 4007556300 ns, Reaching safepoint: 28200 ns, Cleanup: 23700 ns, At safepoint: 12600 ns, Total: 64500 ns
[2024-09-08T15:56:55.988+0000][11340][info ][safepoint   ] Safepoint "Cleanup", Time since last: 3007544700 ns, Reaching safepoint: 37500 ns, Cleanup: 25900 ns, At safepoint: 14200 ns, Total: 77600 ns
[2024-09-08T15:57:01.997+0000][11340][info ][safepoint   ] Safepoint "Cleanup", Time since last: 6009572700 ns, Reaching safepoint: 30100 ns, Cleanup: 23400 ns, At safepoint: 10600 ns, Total: 64100 ns
[2024-09-08T15:57:16.118+0000][11340][info ][safepoint   ] Safepoint "Cleanup", Time since last: 14120414300 ns, Reaching safepoint: 35900 ns, Cleanup: 35000 ns, At safepoint: 14800 ns, Total: 85700 ns
[2024-09-08T15:57:18.127+0000][11340][info ][safepoint   ] Safepoint "Cleanup", Time since last: 2009086800 ns, Reaching safepoint: 31500 ns, Cleanup: 32200 ns, At safepoint: 17400 ns, Total: 81100 ns
[2024-09-08T15:57:20.130+0000][11340][info ][safepoint   ] Safepoint "Cleanup", Time since last: 2002546200 ns, Reaching safepoint: 38000 ns, Cleanup: 31900 ns, At safepoint: 14700 ns, Total: 84600 ns
[2024-09-08T15:57:31.151+0000][11340][info ][safepoint   ] Safepoint "Cleanup", Time since last: 11021249100 ns, Reaching safepoint: 34300 ns, Cleanup: 33900 ns, At safepoint: 15700 ns, Total: 83900 ns
[2024-09-08T15:57:34.153+0000][11340][info ][safepoint   ] Safepoint "Cleanup", Time since last: 3001876800 ns, Reaching safepoint: 33900 ns, Cleanup: 30100 ns, At safepoint: 15500 ns, Total: 79500 ns
[2024-09-08T15:57:36.157+0000][11340][info ][safepoint   ] Safepoint "Cleanup", Time since last: 2003784300 ns, Reaching safepoint: 26100 ns, Cleanup: 25100 ns, At safepoint: 11700 ns, Total: 62900 ns
[2024-09-08T15:57:37.189+0000][11340][info ][safepoint   ] Safepoint "Cleanup", Time since last: 1041392100 ns, Reaching safepoint: 9600 ns, Cleanup: 21200 ns, At safepoint: 7200 ns, Total: 38000 ns
[2024-09-08T15:57:38.268+0000][11340][info ][safepoint   ] Safepoint "Cleanup", Time since last: 1077871900 ns, Reaching safepoint: 14200 ns, Cleanup: 42500 ns, At safepoint: 6700 ns, Total: 63400 ns
[2024-09-08T15:57:39.301+0000][11340][info ][safepoint   ] Safepoint "Cleanup", Time since last: 1025043400 ns, Reaching safepoint: 25200 ns, Cleanup: 21600 ns, At safepoint: 11400 ns, Total: 58200 ns
[2024-09-08T15:57:43.325+0000][11340][info ][safepoint   ] Safepoint "Cleanup", Time since last: 4032055300 ns, Reaching safepoint: 12500 ns, Cleanup: 16500 ns, At safepoint: 5800 ns, Total: 34800 ns
[2024-09-08T15:57:44.342+0000][11340][info ][safepoint   ] Safepoint "Cleanup", Time since last: 1008734000 ns, Reaching safepoint: 41700 ns, Cleanup: 26100 ns, At safepoint: 11900 ns, Total: 79700 ns
[2024-09-08T15:57:50.761+0000][11340][info ][safepoint   ] Safepoint "Cleanup", Time since last: 6429234000 ns, Reaching safepoint: 14200 ns, Cleanup: 17900 ns, At safepoint: 6400 ns, Total: 38500 ns
[2024-09-08T15:57:55.657+0000][11340][info ][safepoint   ] Safepoint "Cleanup", Time since last: 4885461700 ns, Reaching safepoint: 34800 ns, Cleanup: 33100 ns, At safepoint: 15600 ns, Total: 83500 ns
[2024-09-08T15:57:56.659+0000][11340][info ][safepoint   ] Safepoint "Cleanup", Time since last: 1002266800 ns, Reaching safepoint: 36100 ns, Cleanup: 26100 ns, At safepoint: 13400 ns, Total: 75600 ns
[2024-09-08T15:58:12.920+0000][11340][info ][safepoint   ] Safepoint "Cleanup", Time since last: 16268793800 ns, Reaching safepoint: 13800 ns, Cleanup: 14400 ns, At safepoint: 6500 ns, Total: 34700 ns
[2024-09-08T15:58:16.508+0000][11340][info ][safepoint   ] Safepoint "Cleanup", Time since last: 3580264400 ns, Reaching safepoint: 33100 ns, Cleanup: 29000 ns, At safepoint: 12100 ns, Total: 74200 ns
[2024-09-08T15:58:20.518+0000][11340][info ][safepoint   ] Safepoint "Cleanup", Time since last: 4008979100 ns, Reaching safepoint: 36300 ns, Cleanup: 25900 ns, At safepoint: 11600 ns, Total: 73800 ns
[2024-09-08T15:58:21.521+0000][11340][info ][safepoint   ] Safepoint "Cleanup", Time since last: 1002961600 ns, Reaching safepoint: 41100 ns, Cleanup: 32600 ns, At safepoint: 13100 ns, Total: 86800 ns
[2024-09-08T15:58:26.529+0000][11340][info ][safepoint   ] Safepoint "Cleanup", Time since last: 5007891200 ns, Reaching safepoint: 60600 ns, Cleanup: 30100 ns, At safepoint: 14400 ns, Total: 105100 ns
[2024-09-08T15:58:33.548+0000][11340][info ][safepoint   ] Safepoint "Cleanup", Time since last: 7018954900 ns, Reaching safepoint: 36600 ns, Cleanup: 21500 ns, At safepoint: 8100 ns, Total: 66200 ns
[2024-09-08T15:58:36.973+0000][11340][info ][safepoint   ] Safepoint "Cleanup", Time since last: 3438879900 ns, Reaching safepoint: 6100 ns, Cleanup: 7900 ns, At safepoint: 1400 ns, Total: 15400 ns
[2024-09-08T15:58:38.652+0000][11340][info ][safepoint   ] Safepoint "Cleanup", Time since last: 1667129600 ns, Reaching safepoint: 15600 ns, Cleanup: 48800 ns, At safepoint: 4900 ns, Total: 69300 ns
[2024-09-08T15:58:48.670+0000][11340][info ][safepoint   ] Safepoint "Cleanup", Time since last: 10016242700 ns, Reaching safepoint: 40300 ns, Cleanup: 31300 ns, At safepoint: 16300 ns, Total: 87900 ns
[2024-09-08T15:59:04.189+0000][11340][info ][safepoint   ] Safepoint "Cleanup", Time since last: 15519256800 ns, Reaching safepoint: 11900 ns, Cleanup: 15500 ns, At safepoint: 8400 ns, Total: 35800 ns
[2024-09-08T15:59:16.044+0000][11340][info ][safepoint   ] Safepoint "Cleanup", Time since last: 11859552300 ns, Reaching safepoint: 14600 ns, Cleanup: 16000 ns, At safepoint: 6500 ns, Total: 37100 ns
[2024-09-08T15:59:17.740+0000][11340][info ][safepoint   ] Safepoint "Cleanup", Time since last: 1690491900 ns, Reaching safepoint: 46000 ns, Cleanup: 25400 ns, At safepoint: 7800 ns, Total: 79200 ns
[2024-09-08T15:59:21.765+0000][11340][info ][safepoint   ] Safepoint "Cleanup", Time since last: 4025278200 ns, Reaching safepoint: 51200 ns, Cleanup: 43700 ns, At safepoint: 15700 ns, Total: 110600 ns
[2024-09-08T15:59:40.115+0000][11340][info ][safepoint   ] Safepoint "Cleanup", Time since last: 18357977100 ns, Reaching safepoint: 6200 ns, Cleanup: 5800 ns, At safepoint: 1400 ns, Total: 13400 ns
[2024-09-08T15:59:41.165+0000][11340][info ][safepoint   ] Safepoint "Cleanup", Time since last: 1027330600 ns, Reaching safepoint: 14376300 ns, Cleanup: 55300 ns, At safepoint: 46300 ns, Total: 14477900 ns
[2024-09-08T16:00:13.390+0000][11340][info ][safepoint   ] Safepoint "Cleanup", Time since last: 32225281100 ns, Reaching safepoint: 55300 ns, Cleanup: 19100 ns, At safepoint: 7600 ns, Total: 82000 ns
[2024-09-08T16:00:16.410+0000][11340][info ][safepoint   ] Safepoint "Cleanup", Time since last: 3020071500 ns, Reaching safepoint: 50000 ns, Cleanup: 41200 ns, At safepoint: 13900 ns, Total: 105100 ns
[2024-09-08T16:00:18.420+0000][11340][info ][safepoint   ] Safepoint "Cleanup", Time since last: 2009874800 ns, Reaching safepoint: 61500 ns, Cleanup: 34400 ns, At safepoint: 16200 ns, Total: 112100 ns
[2024-09-08T16:00:20.051+0000][11340][info ][safepoint   ] Safepoint "Cleanup", Time since last: 1637758000 ns, Reaching safepoint: 13200 ns, Cleanup: 13600 ns, At safepoint: 6700 ns, Total: 33500 ns
[2024-09-08T16:00:36.114+0000][11340][info ][safepoint   ] Safepoint "Cleanup", Time since last: 16055464400 ns, Reaching safepoint: 28300 ns, Cleanup: 18100 ns, At safepoint: 6200 ns, Total: 52600 ns
[2024-09-08T16:00:41.119+0000][11340][info ][safepoint   ] Safepoint "Cleanup", Time since last: 5018826600 ns, Reaching safepoint: 16300 ns, Cleanup: 17100 ns, At safepoint: 5200 ns, Total: 38600 ns
[2024-09-08T16:00:42.312+0000][11340][info ][safepoint   ] Safepoint "Cleanup", Time since last: 1186319400 ns, Reaching safepoint: 19300 ns, Cleanup: 27400 ns, At safepoint: 7500 ns, Total: 54200 ns
[2024-09-08T16:00:43.594+0000][11340][info ][safepoint   ] Safepoint "Cleanup", Time since last: 1275489800 ns, Reaching safepoint: 39800 ns, Cleanup: 25600 ns, At safepoint: 12000 ns, Total: 77400 ns
[2024-09-08T16:00:46.602+0000][11340][info ][safepoint   ] Safepoint "Cleanup", Time since last: 3007800800 ns, Reaching safepoint: 28800 ns, Cleanup: 25100 ns, At safepoint: 9100 ns, Total: 63000 ns
[2024-09-08T16:01:22.314+0000][11340][info ][safepoint   ] Safepoint "Cleanup", Time since last: 35724052900 ns, Reaching safepoint: 14800 ns, Cleanup: 16200 ns, At safepoint: 6400 ns, Total: 37400 ns
[2024-09-08T16:01:23.395+0000][11340][info ][safepoint   ] Safepoint "Cleanup", Time since last: 1068493400 ns, Reaching safepoint: 38800 ns, Cleanup: 29800 ns, At safepoint: 16900 ns, Total: 85500 ns
[2024-09-08T16:01:26.475+0000][11340][info ][safepoint   ] Safepoint "Cleanup", Time since last: 3080548300 ns, Reaching safepoint: 32900 ns, Cleanup: 24400 ns, At safepoint: 21900 ns, Total: 79200 ns
[2024-09-08T16:01:43.387+0000][11340][info ][safepoint   ] Safepoint "Cleanup", Time since last: 16925697000 ns, Reaching safepoint: 11300 ns, Cleanup: 12700 ns, At safepoint: 3300 ns, Total: 27300 ns
[2024-09-08T16:01:44.468+0000][11340][info ][safepoint   ] Safepoint "Cleanup", Time since last: 1051441100 ns, Reaching safepoint: 15582200 ns, Cleanup: 53100 ns, At safepoint: 51100 ns, Total: 15686400 ns
[2024-09-08T16:01:44.734+0000][11340][info ][gc,start    ] GC(21) Pause Young (Prepare Mixed) (G1 Evacuation Pause)
[2024-09-08T16:01:44.781+0000][11340][info ][gc,task     ] GC(21) Using 8 workers of 8 for evacuation
[2024-09-08T16:01:44.781+0000][11340][debug][gc,age      ] GC(21) Desired survivor size 157286400 bytes, new threshold 15 (max threshold 15)
[2024-09-08T16:01:45.667+0000][11340][info ][gc,mmu      ] GC(21) MMU target violated: 201.0ms (200.0ms/201.0ms)
[2024-09-08T16:01:45.667+0000][11340][info ][gc,phases   ] GC(21)   Pre Evacuate Collection Set: 60.91ms
[2024-09-08T16:01:45.667+0000][11340][info ][gc,phases   ] GC(21)   Merge Heap Roots: 20.00ms
[2024-09-08T16:01:45.667+0000][11340][info ][gc,phases   ] GC(21)   Evacuate Collection Set: 742.53ms
[2024-09-08T16:01:45.667+0000][11340][info ][gc,phases   ] GC(21)   Post Evacuate Collection Set: 50.37ms
[2024-09-08T16:01:45.681+0000][11340][info ][gc,phases   ] GC(21)   Other: 45.02ms
[2024-09-08T16:01:45.681+0000][11340][trace][gc,age      ] GC(21) Age table with threshold 15 (max threshold 15)
[2024-09-08T16:01:45.681+0000][11340][trace][gc,age      ] GC(21) - age   1:    5202384 bytes,    5202384 total
[2024-09-08T16:01:45.681+0000][11340][trace][gc,age      ] GC(21) - age   2:     695704 bytes,    5898088 total
[2024-09-08T16:01:45.681+0000][11340][trace][gc,age      ] GC(21) - age   3:   14802104 bytes,   20700192 total
[2024-09-08T16:01:45.681+0000][11340][trace][gc,age      ] GC(21) - age   4:    4309248 bytes,   25009440 total
[2024-09-08T16:01:45.681+0000][11340][trace][gc,age      ] GC(21) - age   5:    7935752 bytes,   32945192 total
[2024-09-08T16:01:45.681+0000][11340][trace][gc,age      ] GC(21) - age   6:     688304 bytes,   33633496 total
[2024-09-08T16:01:45.681+0000][11340][info ][gc,heap     ] GC(21) Eden regions: 585->0(40)
[2024-09-08T16:01:45.681+0000][11340][info ][gc,heap     ] GC(21) Survivor regions: 9->9(75)
[2024-09-08T16:01:45.681+0000][11340][info ][gc,heap     ] GC(21) Old regions: 31->31
[2024-09-08T16:01:45.681+0000][11340][info ][gc,heap     ] GC(21) Humongous regions: 2->2
[2024-09-08T16:01:45.681+0000][11340][info ][gc,metaspace] GC(21) Metaspace: 163222K(168000K)->163222K(168000K) NonClass: 140866K(143488K)->140866K(143488K) Class: 22356K(24512K)->22356K(24512K)
[2024-09-08T16:01:45.681+0000][11340][info ][gc          ] GC(21) Pause Young (Prepare Mixed) (G1 Evacuation Pause) 2506M->166M(3964M) 947.956ms
[2024-09-08T16:01:45.681+0000][11340][info ][gc,cpu      ] GC(21) User=0.05s Sys=0.14s Real=0.95s
[2024-09-08T16:01:45.681+0000][11340][info ][safepoint   ] Safepoint "G1CollectForAllocation", Time since last: 273490700 ns, Reaching safepoint: 28700 ns, Cleanup: 10800 ns, At safepoint: 948210400 ns, Total: 948249900 ns
[2024-09-08T16:01:47.083+0000][11340][info ][safepoint   ] Safepoint "Cleanup", Time since last: 1392624000 ns, Reaching safepoint: 38300 ns, Cleanup: 39900 ns, At safepoint: 13900 ns, Total: 92100 ns
[2024-09-08T16:02:16.564+0000][11340][info ][safepoint   ] Safepoint "Cleanup", Time since last: 29481050400 ns, Reaching safepoint: 30700 ns, Cleanup: 33000 ns, At safepoint: 10800 ns, Total: 74500 ns
[2024-09-08T16:02:25.387+0000][11340][info ][safepoint   ] Safepoint "Cleanup", Time since last: 8824247000 ns, Reaching safepoint: 11900 ns, Cleanup: 11700 ns, At safepoint: 4800 ns, Total: 28400 ns
[2024-09-08T16:02:34.241+0000][11340][info ][safepoint   ] Safepoint "Cleanup", Time since last: 8852302700 ns, Reaching safepoint: 37900 ns, Cleanup: 32900 ns, At safepoint: 25700 ns, Total: 96500 ns
[2024-09-08T16:02:41.247+0000][11340][info ][safepoint   ] Safepoint "Cleanup", Time since last: 7006405400 ns, Reaching safepoint: 36500 ns, Cleanup: 33100 ns, At safepoint: 13300 ns, Total: 82900 ns
[2024-09-08T16:02:43.419+0000][11340][info ][safepoint   ] Safepoint "Cleanup", Time since last: 2174233800 ns, Reaching safepoint: 14000 ns, Cleanup: 12400 ns, At safepoint: 6300 ns, Total: 32700 ns
[2024-09-08T16:02:44.421+0000][11340][info ][safepoint   ] Safepoint "Cleanup", Time since last: 1005395800 ns, Reaching safepoint: 10000 ns, Cleanup: 30700 ns, At safepoint: 2900 ns, Total: 43600 ns
[2024-09-08T16:02:47.149+0000][11340][info ][safepoint   ] Safepoint "Cleanup", Time since last: 2726138800 ns, Reaching safepoint: 8900 ns, Cleanup: 13100 ns, At safepoint: 9400 ns, Total: 31400 ns
[2024-09-08T16:02:47.479+0000][11340][info ][gc,start    ] GC(22) Pause Young (Mixed) (G1 Evacuation Pause)
[2024-09-08T16:02:47.479+0000][11340][info ][gc,task     ] GC(22) Using 8 workers of 8 for evacuation
[2024-09-08T16:02:47.479+0000][11340][debug][gc,age      ] GC(22) Desired survivor size 14680064 bytes, new threshold 3 (max threshold 15)
[2024-09-08T16:02:47.684+0000][11340][info ][gc,mmu      ] GC(22) MMU target violated: 201.0ms (200.0ms/201.0ms)
[2024-09-08T16:02:47.684+0000][11340][info ][gc,phases   ] GC(22)   Pre Evacuate Collection Set: 3.44ms
[2024-09-08T16:02:47.684+0000][11340][info ][gc,phases   ] GC(22)   Merge Heap Roots: 2.60ms
[2024-09-08T16:02:47.684+0000][11340][info ][gc,phases   ] GC(22)   Evacuate Collection Set: 191.45ms
[2024-09-08T16:02:47.684+0000][11340][info ][gc,phases   ] GC(22)   Post Evacuate Collection Set: 13.58ms
[2024-09-08T16:02:47.684+0000][11340][info ][gc,phases   ] GC(22)   Other: 0.23ms
[2024-09-08T16:02:47.684+0000][11340][trace][gc,age      ] GC(22) Age table with threshold 3 (max threshold 15)
[2024-09-08T16:02:47.684+0000][11340][trace][gc,age      ] GC(22) - age   1:    1972536 bytes,    1972536 total
[2024-09-08T16:02:47.684+0000][11340][trace][gc,age      ] GC(22) - age   2:    3723160 bytes,    5695696 total
[2024-09-08T16:02:47.684+0000][11340][trace][gc,age      ] GC(22) - age   3:     694944 bytes,    6390640 total
[2024-09-08T16:02:47.684+0000][11340][info ][gc,heap     ] GC(22) Eden regions: 40->0(47)
[2024-09-08T16:02:47.684+0000][11340][info ][gc,heap     ] GC(22) Survivor regions: 9->2(7)
[2024-09-08T16:02:47.684+0000][11340][info ][gc,heap     ] GC(22) Old regions: 31->38
[2024-09-08T16:02:47.684+0000][11340][info ][gc,heap     ] GC(22) Humongous regions: 2->2
[2024-09-08T16:02:47.684+0000][11340][info ][gc,metaspace] GC(22) Metaspace: 163252K(168064K)->163252K(168064K) NonClass: 140895K(143552K)->140895K(143552K) Class: 22357K(24512K)->22357K(24512K)
[2024-09-08T16:02:47.684+0000][11340][info ][gc          ] GC(22) Pause Young (Mixed) (G1 Evacuation Pause) 326M->166M(3964M) 211.873ms
[2024-09-08T16:02:47.684+0000][11340][info ][gc,cpu      ] GC(22) User=0.03s Sys=0.56s Real=0.20s
[2024-09-08T16:02:47.684+0000][11340][info ][safepoint   ] Safepoint "G1CollectForAllocation", Time since last: 320349000 ns, Reaching safepoint: 5565000 ns, Cleanup: 32700 ns, At safepoint: 212056100 ns, Total: 217653800 ns
[2024-09-08T16:02:48.780+0000][11340][info ][safepoint   ] Safepoint "Cleanup", Time since last: 1099654200 ns, Reaching safepoint: 16100 ns, Cleanup: 42400 ns, At safepoint: 3600 ns, Total: 62100 ns
[2024-09-08T16:03:49.482+0000][11340][info ][safepoint   ] Safepoint "Cleanup", Time since last: 60698631400 ns, Reaching safepoint: 13900 ns, Cleanup: 3361400 ns, At safepoint: 36500 ns, Total: 3411800 ns
[2024-09-08T16:03:50.533+0000][11340][info ][safepoint   ] Safepoint "Cleanup", Time since last: 1047028800 ns, Reaching safepoint: 14000 ns, Cleanup: 26000 ns, At safepoint: 6700 ns, Total: 46700 ns
[2024-09-08T16:04:25.739+0000][11340][info ][safepoint   ] Safepoint "Cleanup", Time since last: 35198717400 ns, Reaching safepoint: 36400 ns, Cleanup: 24900 ns, At safepoint: 19800 ns, Total: 81100 ns
[2024-09-08T16:04:31.507+0000][11340][info ][safepoint   ] Safepoint "Cleanup", Time since last: 5777258700 ns, Reaching safepoint: 13800 ns, Cleanup: 20400 ns, At safepoint: 6500 ns, Total: 40700 ns
[2024-09-08T16:04:34.199+0000][11340][info ][safepoint   ] Safepoint "Cleanup", Time since last: 2682731900 ns, Reaching safepoint: 27000 ns, Cleanup: 24800 ns, At safepoint: 8400 ns, Total: 60200 ns
[2024-09-08T16:04:37.202+0000][11340][info ][safepoint   ] Safepoint "Cleanup", Time since last: 3003692700 ns, Reaching safepoint: 23600 ns, Cleanup: 20700 ns, At safepoint: 7000 ns, Total: 51300 ns
[2024-09-08T16:04:41.206+0000][11340][info ][safepoint   ] Safepoint "Cleanup", Time since last: 4003338700 ns, Reaching safepoint: 34100 ns, Cleanup: 25200 ns, At safepoint: 12400 ns, Total: 71700 ns
[2024-09-08T16:04:42.207+0000][11340][info ][safepoint   ] Safepoint "Cleanup", Time since last: 1000611000 ns, Reaching safepoint: 39200 ns, Cleanup: 29200 ns, At safepoint: 17400 ns, Total: 85800 ns
[2024-09-08T16:04:53.049+0000][11340][info ][safepoint   ] Safepoint "Cleanup", Time since last: 10842626600 ns, Reaching safepoint: 594100 ns, Cleanup: 74000 ns, At safepoint: 50700 ns, Total: 718800 ns
[2024-09-08T16:04:54.531+0000][11340][info ][safepoint   ] Safepoint "Cleanup", Time since last: 1492973200 ns, Reaching safepoint: 13400 ns, Cleanup: 13200 ns, At safepoint: 6500 ns, Total: 33100 ns
[2024-09-08T16:05:06.678+0000][11340][info ][safepoint   ] Safepoint "Cleanup", Time since last: 12134551900 ns, Reaching safepoint: 34500 ns, Cleanup: 29100 ns, At safepoint: 12900 ns, Total: 76500 ns
[2024-09-08T16:05:33.730+0000][11340][info ][safepoint   ] Safepoint "Cleanup", Time since last: 27052402600 ns, Reaching safepoint: 132900 ns, Cleanup: 30800 ns, At safepoint: 18300 ns, Total: 182000 ns
[2024-09-08T16:05:55.724+0000][11340][info ][safepoint   ] Safepoint "Cleanup", Time since last: 22004987400 ns, Reaching safepoint: 6200 ns, Cleanup: 6900 ns, At safepoint: 1200 ns, Total: 14300 ns
[2024-09-08T16:05:56.885+0000][11340][info ][safepoint   ] Safepoint "Cleanup", Time since last: 1155107900 ns, Reaching safepoint: 25700 ns, Cleanup: 45000 ns, At safepoint: 6900 ns, Total: 77600 ns
[2024-09-08T16:05:58.343+0000][11340][info ][safepoint   ] Safepoint "Cleanup", Time since last: 1453841900 ns, Reaching safepoint: 13900 ns, Cleanup: 21000 ns, At safepoint: 6700 ns, Total: 41600 ns
[2024-09-08T16:06:11.847+0000][11340][info ][safepoint   ] Safepoint "Cleanup", Time since last: 13502751600 ns, Reaching safepoint: 30700 ns, Cleanup: 30200 ns, At safepoint: 10700 ns, Total: 71600 ns
[2024-09-08T16:06:33.875+0000][11340][info ][safepoint   ] Safepoint "Cleanup", Time since last: 22028081200 ns, Reaching safepoint: 44600 ns, Cleanup: 38500 ns, At safepoint: 11300 ns, Total: 94400 ns
[2024-09-08T16:06:36.895+0000][11340][info ][safepoint   ] Safepoint "Cleanup", Time since last: 3019777000 ns, Reaching safepoint: 26300 ns, Cleanup: 23800 ns, At safepoint: 7900 ns, Total: 58000 ns
[2024-09-08T16:06:59.239+0000][11340][info ][safepoint   ] Safepoint "Cleanup", Time since last: 22328243700 ns, Reaching safepoint: 15949200 ns, Cleanup: 32900 ns, At safepoint: 34400 ns, Total: 16016500 ns
[2024-09-08T16:06:59.431+0000][11340][info ][gc,start    ] GC(23) Pause Young (Normal) (G1 Evacuation Pause)
[2024-09-08T16:06:59.431+0000][11340][info ][gc,task     ] GC(23) Using 8 workers of 8 for evacuation
[2024-09-08T16:06:59.431+0000][11340][debug][gc,age      ] GC(23) Desired survivor size 29360128 bytes, new threshold 15 (max threshold 15)
[2024-09-08T16:06:59.466+0000][11340][info ][gc,phases   ] GC(23)   Pre Evacuate Collection Set: 0.27ms
[2024-09-08T16:06:59.466+0000][11340][info ][gc,phases   ] GC(23)   Merge Heap Roots: 0.14ms
[2024-09-08T16:06:59.466+0000][11340][info ][gc,phases   ] GC(23)   Evacuate Collection Set: 30.75ms
[2024-09-08T16:06:59.466+0000][11340][info ][gc,phases   ] GC(23)   Post Evacuate Collection Set: 1.18ms
[2024-09-08T16:06:59.466+0000][11340][info ][gc,phases   ] GC(23)   Other: 0.23ms
[2024-09-08T16:06:59.466+0000][11340][trace][gc,age      ] GC(23) Age table with threshold 15 (max threshold 15)
[2024-09-08T16:06:59.466+0000][11340][trace][gc,age      ] GC(23) - age   1:    2407416 bytes,    2407416 total
[2024-09-08T16:06:59.466+0000][11340][trace][gc,age      ] GC(23) - age   2:     272984 bytes,    2680400 total
[2024-09-08T16:06:59.466+0000][11340][trace][gc,age      ] GC(23) - age   3:    3675336 bytes,    6355736 total
[2024-09-08T16:06:59.466+0000][11340][trace][gc,age      ] GC(23) - age   4:     694480 bytes,    7050216 total
[2024-09-08T16:06:59.466+0000][11340][info ][gc,heap     ] GC(23) Eden regions: 110->0(46)
[2024-09-08T16:06:59.466+0000][11340][info ][gc,heap     ] GC(23) Survivor regions: 2->3(14)
[2024-09-08T16:06:59.466+0000][11340][info ][gc,heap     ] GC(23) Old regions: 38->38
[2024-09-08T16:06:59.466+0000][11340][info ][gc,heap     ] GC(23) Humongous regions: 2->2
[2024-09-08T16:06:59.466+0000][11340][info ][gc,metaspace] GC(23) Metaspace: 163314K(168064K)->163314K(168064K) NonClass: 140956K(143552K)->140956K(143552K) Class: 22357K(24512K)->22357K(24512K)
[2024-09-08T16:06:59.466+0000][11340][info ][gc          ] GC(23) Pause Young (Normal) (G1 Evacuation Pause) 606M->166M(3964M) 32.973ms
[2024-09-08T16:06:59.466+0000][11340][info ][gc,cpu      ] GC(23) User=0.02s Sys=0.06s Real=0.04s
[2024-09-08T16:06:59.466+0000][11340][info ][safepoint   ] Safepoint "G1CollectForAllocation", Time since last: 194473500 ns, Reaching safepoint: 38400 ns, Cleanup: 13400 ns, At safepoint: 33088700 ns, Total: 33140500 ns
[2024-09-08T16:07:01.029+0000][11340][info ][safepoint   ] Safepoint "Cleanup", Time since last: 1561619600 ns, Reaching safepoint: 32400 ns, Cleanup: 40700 ns, At safepoint: 11300 ns, Total: 84400 ns
[2024-09-08T16:07:34.013+0000][11340][info ][safepoint   ] Safepoint "Cleanup", Time since last: 32984527900 ns, Reaching safepoint: 41200 ns, Cleanup: 33500 ns, At safepoint: 14700 ns, Total: 89400 ns
[2024-09-08T16:07:35.890+0000][11340][info ][safepoint   ] Safepoint "Cleanup", Time since last: 1877010700 ns, Reaching safepoint: 30500 ns, Cleanup: 20600 ns, At safepoint: 15400 ns, Total: 66500 ns
[2024-09-08T16:07:43.022+0000][11340][info ][safepoint   ] Safepoint "Cleanup", Time since last: 7131692200 ns, Reaching safepoint: 33500 ns, Cleanup: 22100 ns, At safepoint: 11100 ns, Total: 66700 ns
[2024-09-08T16:07:44.056+0000][11340][info ][safepoint   ] Safepoint "Cleanup", Time since last: 1038977000 ns, Reaching safepoint: 15400 ns, Cleanup: 19100 ns, At safepoint: 6900 ns, Total: 41400 ns
[2024-09-08T16:07:45.073+0000][11340][info ][safepoint   ] Safepoint "Cleanup", Time since last: 1011340200 ns, Reaching safepoint: 31800 ns, Cleanup: 26300 ns, At safepoint: 16300 ns, Total: 74400 ns
[2024-09-08T16:07:46.121+0000][11340][info ][safepoint   ] Safepoint "Cleanup", Time since last: 1048026000 ns, Reaching safepoint: 32300 ns, Cleanup: 24700 ns, At safepoint: 11100 ns, Total: 68100 ns
[2024-09-08T16:07:47.403+0000][11340][info ][safepoint   ] Safepoint "Cleanup", Time since last: 1284172500 ns, Reaching safepoint: 13100 ns, Cleanup: 12900 ns, At safepoint: 3800 ns, Total: 29800 ns
[2024-09-08T16:07:59.419+0000][11340][info ][safepoint   ] Safepoint "Cleanup", Time since last: 12014483300 ns, Reaching safepoint: 25000 ns, Cleanup: 24900 ns, At safepoint: 10700 ns, Total: 60600 ns
[2024-09-08T16:08:02.018+0000][11340][info ][safepoint   ] Safepoint "Cleanup", Time since last: 2607381600 ns, Reaching safepoint: 8200 ns, Cleanup: 11900 ns, At safepoint: 2200 ns, Total: 22300 ns
[2024-09-08T16:08:03.035+0000][11340][info ][safepoint   ] Safepoint "Cleanup", Time since last: 1008250200 ns, Reaching safepoint: 37200 ns, Cleanup: 23500 ns, At safepoint: 11400 ns, Total: 72100 ns
[2024-09-08T16:08:22.186+0000][11340][info ][safepoint   ] Safepoint "Cleanup", Time since last: 19150334900 ns, Reaching safepoint: 33900 ns, Cleanup: 28700 ns, At safepoint: 13600 ns, Total: 76200 ns
[2024-09-08T16:08:32.201+0000][11340][info ][safepoint   ] Safepoint "Cleanup", Time since last: 10015199700 ns, Reaching safepoint: 27500 ns, Cleanup: 23700 ns, At safepoint: 12200 ns, Total: 63400 ns
[2024-09-08T16:09:04.913+0000][11340][info ][safepoint   ] Safepoint "Cleanup", Time since last: 32717439900 ns, Reaching safepoint: 12800 ns, Cleanup: 10600 ns, At safepoint: 3200 ns, Total: 26600 ns
[2024-09-08T16:09:05.965+0000][11340][info ][safepoint   ] Safepoint "Cleanup", Time since last: 1052061800 ns, Reaching safepoint: 14200 ns, Cleanup: 68800 ns, At safepoint: 8700 ns, Total: 91700 ns
[2024-09-08T16:09:12.144+0000][11340][info ][safepoint   ] Safepoint "Cleanup", Time since last: 6173699900 ns, Reaching safepoint: 32400 ns, Cleanup: 27200 ns, At safepoint: 17500 ns, Total: 77100 ns
[2024-09-08T16:09:35.199+0000][11340][info ][safepoint   ] Safepoint "Cleanup", Time since last: 23054548700 ns, Reaching safepoint: 35000 ns, Cleanup: 30100 ns, At safepoint: 14000 ns, Total: 79100 ns
[2024-09-08T16:10:08.257+0000][11340][info ][safepoint   ] Safepoint "Cleanup", Time since last: 33073105300 ns, Reaching safepoint: 20600 ns, Cleanup: 26300 ns, At safepoint: 12600 ns, Total: 59500 ns
[2024-09-08T16:10:09.274+0000][11340][info ][safepoint   ] Safepoint "Cleanup", Time since last: 1008016700 ns, Reaching safepoint: 13000 ns, Cleanup: 21200 ns, At safepoint: 7600 ns, Total: 41800 ns
[2024-09-08T16:10:12.375+0000][11340][info ][safepoint   ] Safepoint "Cleanup", Time since last: 3095397300 ns, Reaching safepoint: 38500 ns, Cleanup: 25500 ns, At safepoint: 12400 ns, Total: 76400 ns
[2024-09-08T16:10:22.396+0000][11340][info ][safepoint   ] Safepoint "Cleanup", Time since last: 10020228300 ns, Reaching safepoint: 41300 ns, Cleanup: 26000 ns, At safepoint: 11700 ns, Total: 79000 ns
[2024-09-08T16:10:26.405+0000][11340][info ][safepoint   ] Safepoint "Cleanup", Time since last: 4009238900 ns, Reaching safepoint: 45800 ns, Cleanup: 34400 ns, At safepoint: 20000 ns, Total: 100200 ns
[2024-09-08T16:10:35.418+0000][11340][info ][safepoint   ] Safepoint "Cleanup", Time since last: 9012646200 ns, Reaching safepoint: 32400 ns, Cleanup: 25400 ns, At safepoint: 12700 ns, Total: 70500 ns
[2024-09-08T16:10:36.433+0000][11340][info ][safepoint   ] Safepoint "Cleanup", Time since last: 1015378900 ns, Reaching safepoint: 36000 ns, Cleanup: 34500 ns, At safepoint: 14500 ns, Total: 85000 ns
[2024-09-08T16:10:50.111+0000][11340][info ][safepoint   ] Safepoint "Cleanup", Time since last: 13679244400 ns, Reaching safepoint: 8500 ns, Cleanup: 8100 ns, At safepoint: 5100 ns, Total: 21700 ns
[2024-09-08T16:10:51.487+0000][11340][info ][safepoint   ] Safepoint "Cleanup", Time since last: 1374327900 ns, Reaching safepoint: 39600 ns, Cleanup: 39000 ns, At safepoint: 15100 ns, Total: 93700 ns
[2024-09-08T16:11:08.609+0000][11340][info ][safepoint   ] Safepoint "Cleanup", Time since last: 17121595400 ns, Reaching safepoint: 31900 ns, Cleanup: 30500 ns, At safepoint: 17000 ns, Total: 79400 ns
[2024-09-08T16:11:13.977+0000][11340][info ][safepoint   ] Safepoint "Cleanup", Time since last: 5377884100 ns, Reaching safepoint: 14000 ns, Cleanup: 13000 ns, At safepoint: 6900 ns, Total: 33900 ns
[2024-09-08T16:11:15.463+0000][11340][info ][safepoint   ] Safepoint "Cleanup", Time since last: 1487623600 ns, Reaching safepoint: 13700 ns, Cleanup: 18600 ns, At safepoint: 6500 ns, Total: 38800 ns
[2024-09-08T16:11:17.466+0000][11340][info ][safepoint   ] Safepoint "Cleanup", Time since last: 1992165200 ns, Reaching safepoint: 44700 ns, Cleanup: 31800 ns, At safepoint: 15300 ns, Total: 91800 ns
[2024-09-08T16:11:34.517+0000][11340][info ][safepoint   ] Safepoint "Cleanup", Time since last: 17050633400 ns, Reaching safepoint: 41000 ns, Cleanup: 26700 ns, At safepoint: 13500 ns, Total: 81200 ns
[2024-09-08T16:11:46.533+0000][11340][info ][safepoint   ] Safepoint "Cleanup", Time since last: 12015427000 ns, Reaching safepoint: 39800 ns, Cleanup: 28900 ns, At safepoint: 14900 ns, Total: 83600 ns
[2024-09-08T16:11:53.525+0000][11340][info ][safepoint   ] Safepoint "Cleanup", Time since last: 7000009700 ns, Reaching safepoint: 11000 ns, Cleanup: 10000 ns, At safepoint: 9900 ns, Total: 30900 ns
[2024-09-08T16:11:57.486+0000][11340][info ][safepoint   ] Safepoint "Cleanup", Time since last: 3952718000 ns, Reaching safepoint: 35900 ns, Cleanup: 39000 ns, At safepoint: 14300 ns, Total: 89200 ns
[2024-09-08T16:12:01.493+0000][11340][info ][safepoint   ] Safepoint "Cleanup", Time since last: 4007040400 ns, Reaching safepoint: 45100 ns, Cleanup: 31400 ns, At safepoint: 16200 ns, Total: 92700 ns
[2024-09-08T16:12:04.496+0000][11340][info ][safepoint   ] Safepoint "Cleanup", Time since last: 3003689500 ns, Reaching safepoint: 45100 ns, Cleanup: 42100 ns, At safepoint: 13100 ns, Total: 100300 ns
[2024-09-08T16:12:14.389+0000][11340][info ][safepoint   ] Safepoint "Cleanup", Time since last: 9897303700 ns, Reaching safepoint: 14500 ns, Cleanup: 14700 ns, At safepoint: 7600 ns, Total: 36800 ns
[2024-09-08T16:12:15.532+0000][11340][info ][safepoint   ] Safepoint "Cleanup", Time since last: 1137735000 ns, Reaching safepoint: 116500 ns, Cleanup: 22600 ns, At safepoint: 24300 ns, Total: 163400 ns
[2024-09-08T16:12:16.785+0000][11340][info ][safepoint   ] Safepoint "Cleanup", Time since last: 1258023200 ns, Reaching safepoint: 11700 ns, Cleanup: 31300 ns, At safepoint: 3500 ns, Total: 46500 ns
[2024-09-08T16:12:18.037+0000][11340][info ][safepoint   ] Safepoint "Cleanup", Time since last: 1248472200 ns, Reaching safepoint: 14600 ns, Cleanup: 18700 ns, At safepoint: 5200 ns, Total: 38500 ns
[2024-09-08T16:12:24.043+0000][11340][info ][safepoint   ] Safepoint "Cleanup", Time since last: 6004463400 ns, Reaching safepoint: 34200 ns, Cleanup: 27300 ns, At safepoint: 12500 ns, Total: 74000 ns
[2024-09-08T16:12:44.251+0000][11340][info ][safepoint   ] Safepoint "Cleanup", Time since last: 20216085200 ns, Reaching safepoint: 14200 ns, Cleanup: 13800 ns, At safepoint: 6600 ns, Total: 34600 ns
[2024-09-08T16:12:46.127+0000][11340][info ][safepoint   ] Safepoint "Cleanup", Time since last: 1868293700 ns, Reaching safepoint: 35500 ns, Cleanup: 33500 ns, At safepoint: 20400 ns, Total: 89400 ns
[2024-09-08T16:12:56.341+0000][11340][info ][safepoint   ] Safepoint "Cleanup", Time since last: 10213475500 ns, Reaching safepoint: 14100 ns, Cleanup: 14900 ns, At safepoint: 7500 ns, Total: 36500 ns
[2024-09-08T16:13:12.845+0000][11340][info ][safepoint   ] Safepoint "Cleanup", Time since last: 16503561100 ns, Reaching safepoint: 33500 ns, Cleanup: 25700 ns, At safepoint: 13000 ns, Total: 72200 ns
[2024-09-08T16:13:15.851+0000][11340][info ][safepoint   ] Safepoint "Cleanup", Time since last: 3005924800 ns, Reaching safepoint: 46000 ns, Cleanup: 20100 ns, At safepoint: 13700 ns, Total: 79800 ns
[2024-09-08T16:13:17.339+0000][11340][info ][safepoint   ] Safepoint "Cleanup", Time since last: 1497856900 ns, Reaching safepoint: 21200 ns, Cleanup: 11900 ns, At safepoint: 5900 ns, Total: 39000 ns
[2024-09-08T16:13:18.488+0000][11340][info ][safepoint   ] Safepoint "Cleanup", Time since last: 1139638200 ns, Reaching safepoint: 10500 ns, Cleanup: 18700 ns, At safepoint: 3700 ns, Total: 32900 ns
[2024-09-08T16:13:19.568+0000][11340][info ][safepoint   ] Safepoint "Cleanup", Time since last: 1081550800 ns, Reaching safepoint: 14700 ns, Cleanup: 11900 ns, At safepoint: 5900 ns, Total: 32500 ns
[2024-09-08T16:13:23.572+0000][11340][info ][safepoint   ] Safepoint "Cleanup", Time since last: 4002006200 ns, Reaching safepoint: 31000 ns, Cleanup: 21500 ns, At safepoint: 8200 ns, Total: 60700 ns
[2024-09-08T16:13:52.620+0000][11340][info ][safepoint   ] Safepoint "Cleanup", Time since last: 29048354400 ns, Reaching safepoint: 33000 ns, Cleanup: 27200 ns, At safepoint: 14900 ns, Total: 75100 ns
[2024-09-08T16:13:57.625+0000][11340][info ][safepoint   ] Safepoint "Cleanup", Time since last: 5004648900 ns, Reaching safepoint: 30700 ns, Cleanup: 28400 ns, At safepoint: 11200 ns, Total: 70300 ns
[2024-09-08T16:13:59.362+0000][11340][info ][safepoint   ] Safepoint "Cleanup", Time since last: 1751029300 ns, Reaching safepoint: 5200 ns, Cleanup: 6800 ns, At safepoint: 1600 ns, Total: 13600 ns
[2024-09-08T16:14:20.405+0000][11340][info ][safepoint   ] Safepoint "Cleanup", Time since last: 21033623700 ns, Reaching safepoint: 6500 ns, Cleanup: 6900 ns, At safepoint: 1300 ns, Total: 14700 ns
[2024-09-08T16:14:21.612+0000][11340][info ][safepoint   ] Safepoint "Cleanup", Time since last: 1210052200 ns, Reaching safepoint: 409500 ns, Cleanup: 13400 ns, At safepoint: 4900 ns, Total: 427800 ns
[2024-09-08T16:14:23.322+0000][11340][info ][safepoint   ] Safepoint "Cleanup", Time since last: 1702020600 ns, Reaching safepoint: 26100 ns, Cleanup: 18500 ns, At safepoint: 5500 ns, Total: 50100 ns
[2024-09-08T16:14:34.345+0000][11340][info ][safepoint   ] Safepoint "Cleanup", Time since last: 11022956700 ns, Reaching safepoint: 32300 ns, Cleanup: 31600 ns, At safepoint: 13700 ns, Total: 77600 ns
[2024-09-08T16:14:37.350+0000][11340][info ][safepoint   ] Safepoint "Cleanup", Time since last: 3004907000 ns, Reaching safepoint: 39000 ns, Cleanup: 35100 ns, At safepoint: 13800 ns, Total: 87900 ns
[2024-09-08T16:15:02.424+0000][11340][info ][safepoint   ] Safepoint "Cleanup", Time since last: 25058581900 ns, Reaching safepoint: 15456800 ns, Cleanup: 34600 ns, At safepoint: 85300 ns, Total: 15576700 ns
[2024-09-08T16:15:17.218+0000][11340][info ][gc,start    ] GC(24) Pause Young (Normal) (G1 Evacuation Pause)
[2024-09-08T16:15:17.218+0000][11340][info ][gc,task     ] GC(24) Using 8 workers of 8 for evacuation
[2024-09-08T16:15:17.218+0000][11340][debug][gc,age      ] GC(24) Desired survivor size 62914560 bytes, new threshold 15 (max threshold 15)
[2024-09-08T16:15:17.244+0000][11340][info ][gc,phases   ] GC(24)   Pre Evacuate Collection Set: 1.38ms
[2024-09-08T16:15:17.244+0000][11340][info ][gc,phases   ] GC(24)   Merge Heap Roots: 0.11ms
[2024-09-08T16:15:17.244+0000][11340][info ][gc,phases   ] GC(24)   Evacuate Collection Set: 13.81ms
[2024-09-08T16:15:17.244+0000][11340][info ][gc,phases   ] GC(24)   Post Evacuate Collection Set: 1.03ms
[2024-09-08T16:15:17.244+0000][11340][info ][gc,phases   ] GC(24)   Other: 1.79ms
[2024-09-08T16:15:17.244+0000][11340][trace][gc,age      ] GC(24) Age table with threshold 15 (max threshold 15)
[2024-09-08T16:15:17.244+0000][11340][trace][gc,age      ] GC(24) - age   1:    2050152 bytes,    2050152 total
[2024-09-08T16:15:17.244+0000][11340][trace][gc,age      ] GC(24) - age   2:     380952 bytes,    2431104 total
[2024-09-08T16:15:17.244+0000][11340][trace][gc,age      ] GC(24) - age   3:      11784 bytes,    2442888 total
[2024-09-08T16:15:17.244+0000][11340][trace][gc,age      ] GC(24) - age   4:    3651256 bytes,    6094144 total
[2024-09-08T16:15:17.244+0000][11340][trace][gc,age      ] GC(24) - age   5:     694232 bytes,    6788376 total
[2024-09-08T16:15:17.244+0000][11340][info ][gc,heap     ] GC(24) Eden regions: 230->0(47)
[2024-09-08T16:15:17.244+0000][11340][info ][gc,heap     ] GC(24) Survivor regions: 3->2(30)
[2024-09-08T16:15:17.244+0000][11340][info ][gc,heap     ] GC(24) Old regions: 38->38
[2024-09-08T16:15:17.244+0000][11340][info ][gc,heap     ] GC(24) Humongous regions: 2->2
[2024-09-08T16:15:17.244+0000][11340][info ][gc,metaspace] GC(24) Metaspace: 163433K(168256K)->163433K(168256K) NonClass: 141075K(143744K)->141075K(143744K) Class: 22357K(24512K)->22357K(24512K)
[2024-09-08T16:15:17.244+0000][11340][info ][gc          ] GC(24) Pause Young (Normal) (G1 Evacuation Pause) 1086M->166M(3964M) 18.489ms
[2024-09-08T16:15:17.244+0000][11340][info ][gc,cpu      ] GC(24) User=0.05s Sys=0.05s Real=0.03s
[2024-09-08T16:15:17.244+0000][11340][info ][safepoint   ] Safepoint "G1CollectForAllocation", Time since last: 14803001600 ns, Reaching safepoint: 16800 ns, Cleanup: 8700 ns, At safepoint: 18581400 ns, Total: 18606900 ns
[2024-09-08T16:15:23.737+0000][11340][info ][safepoint   ] Safepoint "Cleanup", Time since last: 6505354100 ns, Reaching safepoint: 11800 ns, Cleanup: 13700 ns, At safepoint: 2600 ns, Total: 28100 ns
[2024-09-08T16:15:25.102+0000][11340][info ][safepoint   ] Safepoint "Cleanup", Time since last: 1354862200 ns, Reaching safepoint: 13000 ns, Cleanup: 20100 ns, At safepoint: 5700 ns, Total: 38800 ns
[2024-09-08T16:16:05.626+0000][11340][info ][safepoint   ] Safepoint "Cleanup", Time since last: 40535207800 ns, Reaching safepoint: 7600 ns, Cleanup: 11200 ns, At safepoint: 1900 ns, Total: 20700 ns
[2024-09-08T16:16:23.665+0000][11340][info ][safepoint   ] Safepoint "Cleanup", Time since last: 18025226000 ns, Reaching safepoint: 6800 ns, Cleanup: 7300 ns, At safepoint: 2800 ns, Total: 16900 ns
[2024-09-08T16:16:24.687+0000][11340][info ][safepoint   ] Safepoint "Cleanup", Time since last: 1020423300 ns, Reaching safepoint: 10500 ns, Cleanup: 23500 ns, At safepoint: 5200 ns, Total: 39200 ns
[2024-09-08T16:16:25.690+0000][11340][info ][safepoint   ] Safepoint "Cleanup", Time since last: 1003309900 ns, Reaching safepoint: 19200 ns, Cleanup: 20900 ns, At safepoint: 17200 ns, Total: 57300 ns
[2024-09-08T16:16:34.798+0000][11340][info ][safepoint   ] Safepoint "Cleanup", Time since last: 9107239800 ns, Reaching safepoint: 30700 ns, Cleanup: 24100 ns, At safepoint: 12400 ns, Total: 67200 ns
[2024-09-08T16:16:37.803+0000][11340][info ][safepoint   ] Safepoint "Cleanup", Time since last: 3005566400 ns, Reaching safepoint: 32200 ns, Cleanup: 27500 ns, At safepoint: 10700 ns, Total: 70400 ns
[2024-09-08T16:16:50.831+0000][11340][info ][safepoint   ] Safepoint "Cleanup", Time since last: 13027282300 ns, Reaching safepoint: 29700 ns, Cleanup: 21600 ns, At safepoint: 10600 ns, Total: 61900 ns
[2024-09-08T16:16:53.834+0000][11340][info ][safepoint   ] Safepoint "Cleanup", Time since last: 3003551800 ns, Reaching safepoint: 38700 ns, Cleanup: 33700 ns, At safepoint: 16100 ns, Total: 88500 ns
[2024-09-08T16:16:57.841+0000][11340][info ][safepoint   ] Safepoint "Cleanup", Time since last: 4006779000 ns, Reaching safepoint: 28700 ns, Cleanup: 22400 ns, At safepoint: 8700 ns, Total: 59800 ns
[2024-09-08T16:17:08.247+0000][11340][info ][safepoint   ] Safepoint "Cleanup", Time since last: 10406106800 ns, Reaching safepoint: 34300 ns, Cleanup: 31800 ns, At safepoint: 14400 ns, Total: 80500 ns
[2024-09-08T16:17:09.452+0000][11340][info ][safepoint   ] Safepoint "Cleanup", Time since last: 1209909700 ns, Reaching safepoint: 16100 ns, Cleanup: 14900 ns, At safepoint: 10600 ns, Total: 41600 ns
[2024-09-08T16:17:18.489+0000][11340][info ][safepoint   ] Safepoint "Cleanup", Time since last: 9031969600 ns, Reaching safepoint: 28700 ns, Cleanup: 21400 ns, At safepoint: 10100 ns, Total: 60200 ns
[2024-09-08T16:17:24.031+0000][11340][info ][safepoint   ] Safepoint "Cleanup", Time since last: 5550505600 ns, Reaching safepoint: 32100 ns, Cleanup: 15600 ns, At safepoint: 8500 ns, Total: 56200 ns
[2024-09-08T16:17:25.568+0000][11340][info ][safepoint   ] Safepoint "Cleanup", Time since last: 1528344200 ns, Reaching safepoint: 35900 ns, Cleanup: 39500 ns, At safepoint: 14400 ns, Total: 89800 ns
[2024-09-08T16:17:39.665+0000][11340][info ][safepoint   ] Safepoint "Cleanup", Time since last: 14096671800 ns, Reaching safepoint: 110100 ns, Cleanup: 111700 ns, At safepoint: 30900 ns, Total: 252700 ns
[2024-09-08T16:17:40.670+0000][11340][info ][safepoint   ] Safepoint "Cleanup", Time since last: 1004981800 ns, Reaching safepoint: 28800 ns, Cleanup: 24500 ns, At safepoint: 17700 ns, Total: 71000 ns
[2024-09-08T16:17:42.678+0000][11340][info ][safepoint   ] Safepoint "Cleanup", Time since last: 2007860500 ns, Reaching safepoint: 101600 ns, Cleanup: 62800 ns, At safepoint: 21800 ns, Total: 186200 ns
[2024-09-08T16:55:58.495+0000][11340][info ][safepoint   ] Safepoint "Cleanup", Time since last: 2295819234000 ns, Reaching safepoint: 9200 ns, Cleanup: 18500 ns, At safepoint: 3800 ns, Total: 31500 ns
[2024-09-08T16:55:59.945+0000][11340][info ][safepoint   ] Safepoint "Cleanup", Time since last: 1447099800 ns, Reaching safepoint: 106000 ns, Cleanup: 42000 ns, At safepoint: 2500 ns, Total: 150500 ns
[2024-09-08T16:56:00.945+0000][11340][info ][safepoint   ] Safepoint "Cleanup", Time since last: 1000397800 ns, Reaching safepoint: 20000 ns, Cleanup: 71100 ns, At safepoint: 5600 ns, Total: 96700 ns
[2024-09-08T16:56:01.987+0000][11340][info ][safepoint   ] Safepoint "Cleanup", Time since last: 1046578000 ns, Reaching safepoint: 15500 ns, Cleanup: 46100 ns, At safepoint: 2800 ns, Total: 64400 ns
[2024-09-08T16:56:03.992+0000][11340][info ][safepoint   ] Safepoint "Cleanup", Time since last: 2004003400 ns, Reaching safepoint: 16100 ns, Cleanup: 21400 ns, At safepoint: 6900 ns, Total: 44400 ns
[2024-09-08T16:56:05.095+0000][11340][info ][safepoint   ] Safepoint "Cleanup", Time since last: 1100619000 ns, Reaching safepoint: 23200 ns, Cleanup: 15300 ns, At safepoint: 4000 ns, Total: 42500 ns
